Archive member included to satisfy reference by file (symbol)

c:/st/stm32cubeide_1.5.0/stm32cubeide/plugins/com.st.stm32cube.ide.mcu.externaltools.gnu-tools-for-stm32.7-2018-q2-update.win32_1.5.0.202011040924/tools/bin/../lib/gcc/arm-none-eabi/7.3.1/../../../../arm-none-eabi/lib/thumb/v7-m\libc_nano.a(lib_a-exit.o)
                              c:/st/stm32cubeide_1.5.0/stm32cubeide/plugins/com.st.stm32cube.ide.mcu.externaltools.gnu-tools-for-stm32.7-2018-q2-update.win32_1.5.0.202011040924/tools/bin/../lib/gcc/arm-none-eabi/7.3.1/../../../../arm-none-eabi/lib/thumb/v7-m/crt0.o (exit)
c:/st/stm32cubeide_1.5.0/stm32cubeide/plugins/com.st.stm32cube.ide.mcu.externaltools.gnu-tools-for-stm32.7-2018-q2-update.win32_1.5.0.202011040924/tools/bin/../lib/gcc/arm-none-eabi/7.3.1/../../../../arm-none-eabi/lib/thumb/v7-m\libc_nano.a(lib_a-impure.o)
                              c:/st/stm32cubeide_1.5.0/stm32cubeide/plugins/com.st.stm32cube.ide.mcu.externaltools.gnu-tools-for-stm32.7-2018-q2-update.win32_1.5.0.202011040924/tools/bin/../lib/gcc/arm-none-eabi/7.3.1/../../../../arm-none-eabi/lib/thumb/v7-m\libc_nano.a(lib_a-exit.o) (_global_impure_ptr)
c:/st/stm32cubeide_1.5.0/stm32cubeide/plugins/com.st.stm32cube.ide.mcu.externaltools.gnu-tools-for-stm32.7-2018-q2-update.win32_1.5.0.202011040924/tools/bin/../lib/gcc/arm-none-eabi/7.3.1/../../../../arm-none-eabi/lib/thumb/v7-m\libc_nano.a(lib_a-init.o)
                              c:/st/stm32cubeide_1.5.0/stm32cubeide/plugins/com.st.stm32cube.ide.mcu.externaltools.gnu-tools-for-stm32.7-2018-q2-update.win32_1.5.0.202011040924/tools/bin/../lib/gcc/arm-none-eabi/7.3.1/../../../../arm-none-eabi/lib/thumb/v7-m/crt0.o (__libc_init_array)
c:/st/stm32cubeide_1.5.0/stm32cubeide/plugins/com.st.stm32cube.ide.mcu.externaltools.gnu-tools-for-stm32.7-2018-q2-update.win32_1.5.0.202011040924/tools/bin/../lib/gcc/arm-none-eabi/7.3.1/../../../../arm-none-eabi/lib/thumb/v7-m\libc_nano.a(lib_a-memcpy-stub.o)
                              Code/src/si4463.o (memcpy)
c:/st/stm32cubeide_1.5.0/stm32cubeide/plugins/com.st.stm32cube.ide.mcu.externaltools.gnu-tools-for-stm32.7-2018-q2-update.win32_1.5.0.202011040924/tools/bin/../lib/gcc/arm-none-eabi/7.3.1/../../../../arm-none-eabi/lib/thumb/v7-m\libc_nano.a(lib_a-memset.o)
                              c:/st/stm32cubeide_1.5.0/stm32cubeide/plugins/com.st.stm32cube.ide.mcu.externaltools.gnu-tools-for-stm32.7-2018-q2-update.win32_1.5.0.202011040924/tools/bin/../lib/gcc/arm-none-eabi/7.3.1/../../../../arm-none-eabi/lib/thumb/v7-m/crt0.o (memset)
c:/st/stm32cubeide_1.5.0/stm32cubeide/plugins/com.st.stm32cube.ide.mcu.externaltools.gnu-tools-for-stm32.7-2018-q2-update.win32_1.5.0.202011040924/tools/bin/../lib/gcc/arm-none-eabi/7.3.1/../../../../arm-none-eabi/lib/thumb/v7-m\libm.a(lib_a-s_atan.o)
                              Code/src/lrns.o (atan)
c:/st/stm32cubeide_1.5.0/stm32cubeide/plugins/com.st.stm32cube.ide.mcu.externaltools.gnu-tools-for-stm32.7-2018-q2-update.win32_1.5.0.202011040924/tools/bin/../lib/gcc/arm-none-eabi/7.3.1/../../../../arm-none-eabi/lib/thumb/v7-m\libm.a(lib_a-s_cos.o)
                              Code/src/lrns.o (cos)
c:/st/stm32cubeide_1.5.0/stm32cubeide/plugins/com.st.stm32cube.ide.mcu.externaltools.gnu-tools-for-stm32.7-2018-q2-update.win32_1.5.0.202011040924/tools/bin/../lib/gcc/arm-none-eabi/7.3.1/../../../../arm-none-eabi/lib/thumb/v7-m\libm.a(lib_a-s_fabs.o)
                              c:/st/stm32cubeide_1.5.0/stm32cubeide/plugins/com.st.stm32cube.ide.mcu.externaltools.gnu-tools-for-stm32.7-2018-q2-update.win32_1.5.0.202011040924/tools/bin/../lib/gcc/arm-none-eabi/7.3.1/../../../../arm-none-eabi/lib/thumb/v7-m\libm.a(lib_a-s_atan.o) (fabs)
c:/st/stm32cubeide_1.5.0/stm32cubeide/plugins/com.st.stm32cube.ide.mcu.externaltools.gnu-tools-for-stm32.7-2018-q2-update.win32_1.5.0.202011040924/tools/bin/../lib/gcc/arm-none-eabi/7.3.1/../../../../arm-none-eabi/lib/thumb/v7-m\libm.a(lib_a-s_sin.o)
                              Code/src/lrns.o (sin)
c:/st/stm32cubeide_1.5.0/stm32cubeide/plugins/com.st.stm32cube.ide.mcu.externaltools.gnu-tools-for-stm32.7-2018-q2-update.win32_1.5.0.202011040924/tools/bin/../lib/gcc/arm-none-eabi/7.3.1/../../../../arm-none-eabi/lib/thumb/v7-m\libm.a(lib_a-s_tan.o)
                              Code/src/lrns.o (tan)
c:/st/stm32cubeide_1.5.0/stm32cubeide/plugins/com.st.stm32cube.ide.mcu.externaltools.gnu-tools-for-stm32.7-2018-q2-update.win32_1.5.0.202011040924/tools/bin/../lib/gcc/arm-none-eabi/7.3.1/../../../../arm-none-eabi/lib/thumb/v7-m\libm.a(lib_a-w_asin.o)
                              Code/src/lrns.o (asin)
c:/st/stm32cubeide_1.5.0/stm32cubeide/plugins/com.st.stm32cube.ide.mcu.externaltools.gnu-tools-for-stm32.7-2018-q2-update.win32_1.5.0.202011040924/tools/bin/../lib/gcc/arm-none-eabi/7.3.1/../../../../arm-none-eabi/lib/thumb/v7-m\libm.a(lib_a-w_log.o)
                              Code/src/lrns.o (log)
[...]
Memory Configuration

Name             Origin             Length             Attributes
RAM              0x0000000020000000 0x0000000000005000 xrw
FLASH            0x0000000008000000 0x0000000000010000 xr
*default*        0x0000000000000000 0xffffffffffffffff

Linker script and memory map

LOAD c:/st/stm32cubeide_1.5.0/stm32cubeide/plugins/com.st.stm32cube.ide.mcu.externaltools.gnu-tools-for-stm32.7-2018-q2-update.win32_1.5.0.202011040924/tools/bin/../lib/gcc/arm-none-eabi/7.3.1/thumb/v7-m/crti.o
LOAD c:/st/stm32cubeide_1.5.0/stm32cubeide/plugins/com.st.stm32cube.ide.mcu.externaltools.gnu-tools-for-stm32.7-2018-q2-update.win32_1.5.0.202011040924/tools/bin/../lib/gcc/arm-none-eabi/7.3.1/thumb/v7-m/crtbegin.o
LOAD c:/st/stm32cubeide_1.5.0/stm32cubeide/plugins/com.st.stm32cube.ide.mcu.externaltools.gnu-tools-for-stm32.7-2018-q2-update.win32_1.5.0.202011040924/tools/bin/../lib/gcc/arm-none-eabi/7.3.1/../../../../arm-none-eabi/lib/thumb/v7-m/crt0.o
LOAD CMSIS/src/core_cm3.o
LOAD CMSIS/src/system_stm32f10x.o
LOAD Code/src/adc.o
LOAD Code/src/buttons.o
LOAD Code/src/gpio.o
LOAD Code/src/gps.o
LOAD Code/src/i2c.o
LOAD Code/src/lrns.o
LOAD Code/src/m24c64.o
LOAD Code/src/main.o
LOAD Code/src/menu.o
LOAD Code/src/points.o
LOAD Code/src/service.o
LOAD Code/src/settings.o
LOAD Code/src/si4463.o
LOAD Code/src/spi.o
LOAD Code/src/ssd1306.o
LOAD Code/src/ssd1306_bitmaps.o
LOAD Code/src/timer.o
LOAD Code/src/uart.o
LOAD Startup/startup_stm32f103c8tx.o
START GROUP
LOAD c:/st/stm32cubeide_1.5.0/stm32cubeide/plugins/com.st.stm32cube.ide.mcu.externaltools.gnu-tools-for-stm32.7-2018-q2-update.win32_1.5.0.202011040924/tools/bin/../lib/gcc/arm-none-eabi/7.3.1/../../../../arm-none-eabi/lib/thumb/v7-m\libc_nano.a
LOAD c:/st/stm32cubeide_1.5.0/stm32cubeide/plugins/com.st.stm32cube.ide.mcu.externaltools.gnu-tools-for-stm32.7-2018-q2-update.win32_1.5.0.202011040924/tools/bin/../lib/gcc/arm-none-eabi/7.3.1/../../../../arm-none-eabi/lib/thumb/v7-m\libm.a
END GROUP
START GROUP
LOAD c:/st/stm32cubeide_1.5.0/stm32cubeide/plugins/com.st.stm32cube.ide.mcu.externaltools.gnu-tools-for-stm32.7-2018-q2-update.win32_1.5.0.202011040924/tools/bin/../lib/gcc/arm-none-eabi/7.3.1/thumb/v7-m\libgcc.a
LOAD c:/st/stm32cubeide_1.5.0/stm32cubeide/plugins/com.st.stm32cube.ide.mcu.externaltools.gnu-tools-for-stm32.7-2018-q2-update.win32_1.5.0.202011040924/tools/bin/../lib/gcc/arm-none-eabi/7.3.1/../../../../arm-none-eabi/lib/thumb/v7-m\libc_nano.a
END GROUP
START GROUP
LOAD c:/st/stm32cubeide_1.5.0/stm32cubeide/plugins/com.st.stm32cube.ide.mcu.externaltools.gnu-tools-for-stm32.7-2018-q2-update.win32_1.5.0.202011040924/tools/bin/../lib/gcc/arm-none-eabi/7.3.1/thumb/v7-m\libgcc.a
LOAD c:/st/stm32cubeide_1.5.0/stm32cubeide/plugins/com.st.stm32cube.ide.mcu.externaltools.gnu-tools-for-stm32.7-2018-q2-update.win32_1.5.0.202011040924/tools/bin/../lib/gcc/arm-none-eabi/7.3.1/../../../../arm-none-eabi/lib/thumb/v7-m\libc_nano.a
LOAD c:/st/stm32cubeide_1.5.0/stm32cubeide/plugins/com.st.stm32cube.ide.mcu.externaltools.gnu-tools-for-stm32.7-2018-q2-update.win32_1.5.0.202011040924/tools/bin/../lib/gcc/arm-none-eabi/7.3.1/../../../../arm-none-eabi/lib/thumb/v7-m\libnosys.a
END GROUP
START GROUP
LOAD c:/st/stm32cubeide_1.5.0/stm32cubeide/plugins/com.st.stm32cube.ide.mcu.externaltools.gnu-tools-for-stm32.7-2018-q2-update.win32_1.5.0.202011040924/tools/bin/../lib/gcc/arm-none-eabi/7.3.1/thumb/v7-m\libgcc.a
LOAD c:/st/stm32cubeide_1.5.0/stm32cubeide/plugins/com.st.stm32cube.ide.mcu.externaltools.gnu-tools-for-stm32.7-2018-q2-update.win32_1.5.0.202011040924/tools/bin/../lib/gcc/arm-none-eabi/7.3.1/../../../../arm-none-eabi/lib/thumb/v7-m\libc_nano.a
LOAD c:/st/stm32cubeide_1.5.0/stm32cubeide/plugins/com.st.stm32cube.ide.mcu.externaltools.gnu-tools-for-stm32.7-2018-q2-update.win32_1.5.0.202011040924/tools/bin/../lib/gcc/arm-none-eabi/7.3.1/../../../../arm-none-eabi/lib/thumb/v7-m\libnosys.a
END GROUP
LOAD c:/st/stm32cubeide_1.5.0/stm32cubeide/plugins/com.st.stm32cube.ide.mcu.externaltools.gnu-tools-for-stm32.7-2018-q2-update.win32_1.5.0.202011040924/tools/bin/../lib/gcc/arm-none-eabi/7.3.1/thumb/v7-m/crtend.o
LOAD c:/st/stm32cubeide_1.5.0/stm32cubeide/plugins/com.st.stm32cube.ide.mcu.externaltools.gnu-tools-for-stm32.7-2018-q2-update.win32_1.5.0.202011040924/tools/bin/../lib/gcc/arm-none-eabi/7.3.1/thumb/v7-m/crtn.o
                0x0000000020005000                _estack = (ORIGIN (RAM) + LENGTH (RAM))
                0x0000000000000200                _Min_Heap_Size = 0x200
                0x0000000000000400                _Min_Stack_Size = 0x400

.isr_vector     0x0000000008000000      0x130
                0x0000000008000000                . = ALIGN (0x4)
 *(.isr_vector)
 .isr_vector    0x0000000008000000      0x130 Startup/startup_stm32f103c8tx.o
                0x0000000008000000                g_pfnVectors
                0x0000000008000130                . = ALIGN (0x4)

.text           0x0000000008000130     0xc8a4
                0x0000000008000130                . = ALIGN (0x4)
 *(.text)
 .text          0x0000000008000130       0x40 c:/st/stm32cubeide_1.5.0/stm32cubeide/plugins/com.st.stm32cube.ide.mcu.externaltools.gnu-tools-for-stm32.7-2018-q2-update.win32_1.5.0.202011040924/tools/bin/../lib/gcc/arm-none-eabi/7.3.1/thumb/v7-m/crtbegin.o
 .text          0x0000000008000170      0x378 c:/st/stm32cubeide_1.5.0/stm32cubeide/plugins/com.st.stm32cube.ide.mcu.externaltools.gnu-tools-for-stm32.7-2018-q2-update.win32_1.5.0.202011040924/tools/bin/../lib/gcc/arm-none-eabi/7.3.1/thumb/v7-m\libgcc.a(_arm_addsubdf3.o)
                0x0000000008000170                __aeabi_drsub
                0x0000000008000178                __aeabi_dsub
                0x0000000008000178                __subdf3
                0x000000000800017c                __aeabi_dadd
                0x000000000800017c                __adddf3
                0x00000000080003f4                __floatunsidf
                0x00000000080003f4                __aeabi_ui2d
                0x0000000008000414                __floatsidf
                0x0000000008000414                __aeabi_i2d
                0x0000000008000438                __aeabi_f2d
                0x0000000008000438                __extendsfdf2
                0x000000000800047c                __floatundidf
                0x000000000800047c                __aeabi_ul2d
                0x000000000800048c                __floatdidf
                0x000000000800048c                __aeabi_l2d
 .text          0x00000000080004e8      0x424 c:/st/stm32cubeide_1.5.0/stm32cubeide/plugins/com.st.stm32cube.ide.mcu.externaltools.gnu-tools-for-stm32.7-2018-q2-update.win32_1.5.0.202011040924/tools/bin/../lib/gcc/arm-none-eabi/7.3.1/thumb/v7-m\libgcc.a(_arm_muldivdf3.o)
                0x00000000080004e8                __aeabi_dmul
                0x00000000080004e8                __muldf3
                0x000000000800073c                __divdf3
                0x000000000800073c                __aeabi_ddiv
 .text          0x000000000800090c      0x110 c:/st/stm32cubeide_1.5.0/stm32cubeide/plugins/com.st.stm32cube.ide.mcu.externaltools.gnu-tools-for-stm32.7-2018-q2-update.win32_1.5.0.202011040924/tools/bin/../lib/gcc/arm-none-eabi/7.3.1/thumb/v7-m\libgcc.a(_arm_cmpdf2.o)
                0x000000000800090c                __gtdf2
                0x000000000800090c                __gedf2
                0x0000000008000914                __ltdf2
                0x0000000008000914                __ledf2
                0x000000000800091c                __nedf2
                0x000000000800091c                __eqdf2
                0x000000000800091c                __cmpdf2
                0x0000000008000998                __aeabi_cdrcmple
                0x00000000080009a8                __aeabi_cdcmpeq
                0x00000000080009a8                __aeabi_cdcmple
                0x00000000080009b8                __aeabi_dcmpeq
                0x00000000080009cc                __aeabi_dcmplt
                0x00000000080009e0                __aeabi_dcmple
                0x00000000080009f4                __aeabi_dcmpge
                0x0000000008000a08                __aeabi_dcmpgt
 .text          0x0000000008000a1c       0x2c c:/st/stm32cubeide_1.5.0/stm32cubeide/plugins/com.st.stm32cube.ide.mcu.externaltools.gnu-tools-for-stm32.7-2018-q2-update.win32_1.5.0.202011040924/tools/bin/../lib/gcc/arm-none-eabi/7.3.1/thumb/v7-m\libgcc.a(_arm_unorddf2.o)
                0x0000000008000a1c                __unorddf2
                0x0000000008000a1c                __aeabi_dcmpun
 .text          0x0000000008000a48       0x50 c:/st/stm32cubeide_1.5.0/stm32cubeide/plugins/com.st.stm32cube.ide.mcu.externaltools.gnu-tools-for-stm32.7-2018-q2-update.win32_1.5.0.202011040924/tools/bin/../lib/gcc/arm-none-eabi/7.3.1/thumb/v7-m\libgcc.a(_arm_fixdfsi.o)
                0x0000000008000a48                __aeabi_d2iz
                0x0000000008000a48                __fixdfsi
 .text          0x0000000008000a98       0x40 c:/st/stm32cubeide_1.5.0/stm32cubeide/plugins/com.st.stm32cube.ide.mcu.externaltools.gnu-tools-for-stm32.7-2018-q2-update.win32_1.5.0.202011040924/tools/bin/../lib/gcc/arm-none-eabi/7.3.1/thumb/v7-m\libgcc.a(_arm_fixunsdfsi.o)
                0x0000000008000a98                __aeabi_d2uiz
                0x0000000008000a98                __fixunsdfsi
 .text          0x0000000008000ad8       0xa0 c:/st/stm32cubeide_1.5.0/stm32cubeide/plugins/com.st.stm32cube.ide.mcu.externaltools.gnu-tools-for-stm32.7-2018-q2-update.win32_1.5.0.202011040924/tools/bin/../lib/gcc/arm-none-eabi/7.3.1/thumb/v7-m\libgcc.a(_arm_truncdfsf2.o)
                0x0000000008000ad8                __truncdfsf2
                0x0000000008000ad8                __aeabi_d2f
 .text          0x0000000008000b78      0x21c c:/st/stm32cubeide_1.5.0/stm32cubeide/plugins/com.st.stm32cube.ide.mcu.externaltools.gnu-tools-for-stm32.7-2018-q2-update.win32_1.5.0.202011040924/tools/bin/../lib/gcc/arm-none-eabi/7.3.1/thumb/v7-m\libgcc.a(_arm_addsubsf3.o)
                0x0000000008000b78                __aeabi_frsub
                0x0000000008000b80                __subsf3
                0x0000000008000b80                __aeabi_fsub
                0x0000000008000b84                __aeabi_fadd
                0x0000000008000b84                __addsf3
                0x0000000008000ce4                __aeabi_ui2f
                0x0000000008000ce4                __floatunsisf
                0x0000000008000cec                __aeabi_i2f
                0x0000000008000cec                __floatsisf
                0x0000000008000d08                __aeabi_ul2f
                0x0000000008000d08                __floatundisf
                0x0000000008000d18                __aeabi_l2f
                0x0000000008000d18                __floatdisf
 .text          0x0000000008000d94      0x2a0 c:/st/stm32cubeide_1.5.0/stm32cubeide/plugins/com.st.stm32cube.ide.mcu.externaltools.gnu-tools-for-stm32.7-2018-q2-update.win32_1.5.0.202011040924/tools/bin/../lib/gcc/arm-none-eabi/7.3.1/thumb/v7-m\libgcc.a(_arm_muldivsf3.o)
                0x0000000008000d94                __mulsf3
                0x0000000008000d94                __aeabi_fmul
                0x0000000008000efc                __aeabi_fdiv
                0x0000000008000efc                __divsf3
 .text          0x0000000008001034       0xec c:/st/stm32cubeide_1.5.0/stm32cubeide/plugins/com.st.stm32cube.ide.mcu.externaltools.gnu-tools-for-stm32.7-2018-q2-update.win32_1.5.0.202011040924/tools/bin/../lib/gcc/arm-none-eabi/7.3.1/thumb/v7-m\libgcc.a(_arm_cmpsf2.o)
                0x0000000008001034                __gesf2
                0x0000000008001034                __gtsf2
                0x000000000800103c                __lesf2
                0x000000000800103c                __ltsf2
                0x0000000008001044                __nesf2
                0x0000000008001044                __eqsf2
                0x0000000008001044                __cmpsf2
                0x00000000080010a4                __aeabi_cfrcmple
                0x00000000080010ac                __aeabi_cfcmpeq
                0x00000000080010ac                __aeabi_cfcmple
                0x00000000080010bc                __aeabi_fcmpeq
                0x00000000080010d0                __aeabi_fcmplt
                0x00000000080010e4                __aeabi_fcmple
                0x00000000080010f8                __aeabi_fcmpge
                0x000000000800110c                __aeabi_fcmpgt
 .text          0x0000000008001120       0x4c c:/st/stm32cubeide_1.5.0/stm32cubeide/plugins/com.st.stm32cube.ide.mcu.externaltools.gnu-tools-for-stm32.7-2018-q2-update.win32_1.5.0.202011040924/tools/bin/../lib/gcc/arm-none-eabi/7.3.1/thumb/v7-m\libgcc.a(_arm_fixsfsi.o)
                0x0000000008001120                __aeabi_f2iz
                0x0000000008001120                __fixsfsi
 .text          0x000000000800116c       0x40 c:/st/stm32cubeide_1.5.0/stm32cubeide/plugins/com.st.stm32cube.ide.mcu.externaltools.gnu-tools-for-stm32.7-2018-q2-update.win32_1.5.0.202011040924/tools/bin/../lib/gcc/arm-none-eabi/7.3.1/thumb/v7-m\libgcc.a(_arm_fixunssfsi.o)
                0x000000000800116c                __fixunssfsi
                0x000000000800116c                __aeabi_f2uiz
 *(.text*)
 .text.SystemInit
                0x00000000080011ac       0x68 CMSIS/src/system_stm32f10x.o
                0x00000000080011ac                SystemInit
 .text.SetSysClock
                0x0000000008001214        0xc CMSIS/src/system_stm32f10x.o
 .text.SetSysClockTo72
                0x0000000008001220      0x100 CMSIS/src/system_stm32f10x.o
 .text.adc_init
                0x0000000008001320       0x94 Code/src/adc.o
                0x0000000008001320                adc_init
 *fill*         0x00000000080013b4        0x4 
 .text.adc_get_bat_voltage
                0x00000000080013b8      0x150 Code/src/adc.o
                0x00000000080013b8                adc_get_bat_voltage
 .text.get_bat_voltage
                0x0000000008001508       0x14 Code/src/adc.o
                0x0000000008001508                get_bat_voltage
 .text.scan_buttons
                0x000000000800151c      0x1d8 Code/src/buttons.o
                0x000000000800151c                scan_buttons
 .text.NVIC_EnableIRQ
                0x00000000080016f4       0x30 Code/src/gpio.o
 .text.gpio_init
                0x0000000008001724      0x40c Code/src/gpio.o
                0x0000000008001724                gpio_init
 .text.ext_int_init
                0x0000000008001b30       0x7c Code/src/gpio.o
                0x0000000008001b30                ext_int_init
 .text.led_red_on
                0x0000000008001bac       0x18 Code/src/gpio.o
                0x0000000008001bac                led_red_on
 .text.led_red_off
                0x0000000008001bc4       0x18 Code/src/gpio.o
                0x0000000008001bc4                led_red_off
 .text.led_green_on
                0x0000000008001bdc       0x18 Code/src/gpio.o
                0x0000000008001bdc                led_green_on
 .text.led_green_off
                0x0000000008001bf4       0x18 Code/src/gpio.o
                0x0000000008001bf4                led_green_off
 .text.led_board_on
                0x0000000008001c0c       0x18 Code/src/gpio.o
                0x0000000008001c0c                led_board_on
 .text.led_board_off
                0x0000000008001c24       0x18 Code/src/gpio.o
                0x0000000008001c24                led_board_off
 .text.sdn_si4463_active
                0x0000000008001c3c       0x18 Code/src/gpio.o
                0x0000000008001c3c                sdn_si4463_active
 .text.sdn_si4463_inactive
                0x0000000008001c54       0x18 Code/src/gpio.o
                0x0000000008001c54                sdn_si4463_inactive
 .text.cs_si4463_active
                0x0000000008001c6c       0x18 Code/src/gpio.o
                0x0000000008001c6c                cs_si4463_active
 .text.cs_si4463_inactive
                0x0000000008001c84       0x18 Code/src/gpio.o
                0x0000000008001c84                cs_si4463_inactive
 .text.res_ssd1306_active
                0x0000000008001c9c       0x18 Code/src/gpio.o
                0x0000000008001c9c                res_ssd1306_active
 .text.res_ssd1306_inactive
                0x0000000008001cb4       0x18 Code/src/gpio.o
                0x0000000008001cb4                res_ssd1306_inactive
 .text.ssd1306_data_mode
                0x0000000008001ccc       0x18 Code/src/gpio.o
                0x0000000008001ccc                ssd1306_data_mode
 .text.ssd1306_command_mode
                0x0000000008001ce4       0x18 Code/src/gpio.o
                0x0000000008001ce4                ssd1306_command_mode
 .text.cs_ssd1306_active
                0x0000000008001cfc       0x18 Code/src/gpio.o
                0x0000000008001cfc                cs_ssd1306_active
 .text.cs_ssd1306_inactive
                0x0000000008001d14       0x18 Code/src/gpio.o
                0x0000000008001d14                cs_ssd1306_inactive
 .text.bat_mon_on
                0x0000000008001d2c       0x18 Code/src/gpio.o
                0x0000000008001d2c                bat_mon_on
 .text.bat_mon_off
                0x0000000008001d44       0x18 Code/src/gpio.o
                0x0000000008001d44                bat_mon_off
 .text.parse_gps
                0x0000000008001d5c       0x58 Code/src/gps.o
                0x0000000008001d5c                parse_gps
 .text.gps_raw_convert_to_numerical
                0x0000000008001db4      0x340 Code/src/gps.o
                0x0000000008001db4                gps_raw_convert_to_numerical
 .text.parse_RMC
                0x00000000080020f4      0x1b4 Code/src/gps.o
                0x00000000080020f4                parse_RMC
 .text.parse_GGA
                0x00000000080022a8       0xec Code/src/gps.o
                0x00000000080022a8                parse_GGA
 .text.parse_GSA
                0x0000000008002394       0xec Code/src/gps.o
                0x0000000008002394                parse_GSA
 .text.parse_GSV
                0x0000000008002480       0xd0 Code/src/gps.o
                0x0000000008002480                parse_GSV
 .text.nmea_checksum
                0x0000000008002550       0xc0 Code/src/gps.o
                0x0000000008002550                nmea_checksum
 .text.get_gps_status
                0x0000000008002610       0x18 Code/src/gps.o
                0x0000000008002610                get_gps_status
 .text.get_nmea_buf
                0x0000000008002628       0x14 Code/src/gps.o
                0x0000000008002628                get_nmea_buf
 .text.get_gps_raw
                0x000000000800263c       0x14 Code/src/gps.o
                0x000000000800263c                get_gps_raw
 .text.get_gps_num
                0x0000000008002650       0x14 Code/src/gps.o
                0x0000000008002650                get_gps_num
 .text.i2c_init
                0x0000000008002664       0x70 Code/src/i2c.o
                0x0000000008002664                i2c_init
 .text.init_lrns
                0x00000000080026d4       0xec Code/src/lrns.o
                0x00000000080026d4                init_lrns
 .text.set_device_flags
                0x00000000080027c0       0xfc Code/src/lrns.o
                0x00000000080027c0                set_device_flags
 .text.get_device_flags
                0x00000000080028bc       0x88 Code/src/lrns.o
                0x00000000080028bc                get_device_flags
 .text.check_alarms
                0x0000000008002944       0x4c Code/src/lrns.o
                0x0000000008002944                check_alarms
 .text.calc_timeout
                0x0000000008002990       0x64 Code/src/lrns.o
                0x0000000008002990                calc_timeout
 .text.check_timeout
                0x00000000080029f4       0xa4 Code/src/lrns.o
                0x00000000080029f4                check_timeout
 .text.check_fence
                0x0000000008002a98       0x94 Code/src/lrns.o
                0x0000000008002a98                check_fence
 .text.process_all_devices
                0x0000000008002b2c       0x40 Code/src/lrns.o
                0x0000000008002b2c                process_all_devices
 .text.gps_air_update_my_data
                0x0000000008002b6c      0x130 Code/src/lrns.o
                0x0000000008002b6c                gps_air_update_my_data
 .text.fill_air_packet_with_struct_data
                0x0000000008002c9c      0x214 Code/src/lrns.o
                0x0000000008002c9c                fill_air_packet_with_struct_data
 .text.fill_struct_with_air_packet_data
                0x0000000008002eb0      0x1f0 Code/src/lrns.o
                0x0000000008002eb0                fill_struct_with_air_packet_data
 .text.calc_relative_position
                0x00000000080030a0      0x410 Code/src/lrns.o
                0x00000000080030a0                calc_relative_position
 .text.get_gps_air
                0x00000000080034b0       0x44 Code/src/lrns.o
                0x00000000080034b0                get_gps_air
 .text.get_gps_rel
                0x00000000080034f4       0x3c Code/src/lrns.o
                0x00000000080034f4                get_gps_rel
 .text.get_dev_aux
                0x0000000008003530       0x44 Code/src/lrns.o
                0x0000000008003530                get_dev_aux
 .text.m24c64_poll
                0x0000000008003574       0xc8 Code/src/m24c64.o
                0x0000000008003574                m24c64_poll
 .text.m24c64_read_byte
                0x000000000800363c      0x134 Code/src/m24c64.o
                0x000000000800363c                m24c64_read_byte
 .text.m24c64_read_page
                0x0000000008003770      0x188 Code/src/m24c64.o
                0x0000000008003770                m24c64_read_page
 .text.m24c64_write_page
                0x00000000080038f8       0xfc Code/src/m24c64.o
                0x00000000080038f8                m24c64_write_page
 .text.m24c64_erase_page
                0x00000000080039f4       0x4a Code/src/m24c64.o
                0x00000000080039f4                m24c64_erase_page
 .text.m24c64_erase_all
                0x0000000008003a3e       0x2a Code/src/m24c64.o
                0x0000000008003a3e                m24c64_erase_all
 .text.__enable_irq
                0x0000000008003a68        0xe Code/src/main.o
 *fill*         0x0000000008003a76        0x2 
 .text.main     0x0000000008003a78      0x180 Code/src/main.o
                0x0000000008003a78                main
 .text.DMA1_Channel5_IRQHandler
                0x0000000008003bf8       0x40 Code/src/main.o
                0x0000000008003bf8                DMA1_Channel5_IRQHandler
 .text.EXTI15_10_IRQHandler
                0x0000000008003c38       0xb4 Code/src/main.o
                0x0000000008003c38                EXTI15_10_IRQHandler
 .text.EXTI9_5_IRQHandler
                0x0000000008003cec       0x20 Code/src/main.o
                0x0000000008003cec                EXTI9_5_IRQHandler
 .text.TIM1_UP_IRQHandler
                0x0000000008003d0c       0x88 Code/src/main.o
                0x0000000008003d0c                TIM1_UP_IRQHandler
 .text.SysTick_Handler
                0x0000000008003d94       0x34 Code/src/main.o
                0x0000000008003d94                SysTick_Handler
 .text.TIM2_IRQHandler
                0x0000000008003dc8       0x28 Code/src/main.o
                0x0000000008003dc8                TIM2_IRQHandler
 .text.get_uptime
                0x0000000008003df0       0x14 Code/src/main.o
                0x0000000008003df0                get_uptime
 .text.get_main_flags
                0x0000000008003e04       0x14 Code/src/main.o
                0x0000000008003e04                get_main_flags
 .text.__DSB    0x0000000008003e18       0x10 Code/src/menu.o
 .text.NVIC_SystemReset
                0x0000000008003e28       0x24 Code/src/menu.o
 .text.init_menu
                0x0000000008003e4c       0xc8 Code/src/menu.o
                0x0000000008003e4c                init_menu
 .text.change_menu
                0x0000000008003f14       0xc4 Code/src/menu.o
                0x0000000008003f14                change_menu
 .text.toggle_alarm
                0x0000000008003fd8       0x38 Code/src/menu.o
                0x0000000008003fd8                toggle_alarm
 .text.scroll_up
                0x0000000008004010       0x3e Code/src/menu.o
                0x0000000008004010                scroll_up
 .text.scroll_down
                0x000000000800404e       0x3e Code/src/menu.o
                0x000000000800404e                scroll_down
 .text.switch_forward
                0x000000000800408c       0x80 Code/src/menu.o
                0x000000000800408c                switch_forward
 .text.switch_backward
                0x000000000800410c       0x58 Code/src/menu.o
                0x000000000800410c                switch_backward
 .text.get_current_item
                0x0000000008004164       0x60 Code/src/menu.o
                0x0000000008004164                get_current_item
 .text.get_last_item
                0x00000000080041c4       0x60 Code/src/menu.o
                0x00000000080041c4                get_last_item
 .text.set_current_item
                0x0000000008004224       0x64 Code/src/menu.o
                0x0000000008004224                set_current_item
 .text.reset_current_item_in_menu
                0x0000000008004288       0x60 Code/src/menu.o
                0x0000000008004288                reset_current_item_in_menu
 .text.draw_current_menu
                0x00000000080042e8       0x4c Code/src/menu.o
                0x00000000080042e8                draw_current_menu
 .text.draw_main
                0x0000000008004334       0xac Code/src/menu.o
                0x0000000008004334                draw_main
 .text.draw_devices
                0x00000000080043e0      0x6b8 Code/src/menu.o
                0x00000000080043e0                draw_devices
 .text.draw_each_device
                0x0000000008004a98      0xdbc Code/src/menu.o
                0x0000000008004a98                draw_each_device
 .text.draw_each_device_submenu
                0x0000000008005854       0xc0 Code/src/menu.o
                0x0000000008005854                draw_each_device_submenu
 .text.draw_delete_device
                0x0000000008005914       0xd8 Code/src/menu.o
                0x0000000008005914                draw_delete_device
 .text.delete_device_ok
                0x00000000080059ec       0x68 Code/src/menu.o
                0x00000000080059ec                delete_device_ok
 .text.draw_save_device
                0x0000000008005a54      0x15c Code/src/menu.o
                0x0000000008005a54                draw_save_device
 .text.draw_save_device_as
                0x0000000008005bb0       0x6c Code/src/menu.o
                0x0000000008005bb0                draw_save_device_as
 .text.draw_saved_popup
                0x0000000008005c1c       0x20 Code/src/menu.o
                0x0000000008005c1c                draw_saved_popup
 *fill*         0x0000000008005c3c        0x4 
 .text.draw_radar
                0x0000000008005c40      0x9b8 Code/src/menu.o
                0x0000000008005c40                draw_radar
 .text.draw_points
                0x00000000080065f8      0x188 Code/src/menu.o
                0x00000000080065f8                draw_points
 .text.draw_each_point
                0x0000000008006780       0x78 Code/src/menu.o
                0x0000000008006780                draw_each_point
 .text.draw_load_point
                0x00000000080067f8      0x10c Code/src/menu.o
                0x00000000080067f8                draw_load_point
 .text.draw_delete_point
                0x0000000008006904       0x6c Code/src/menu.o
                0x0000000008006904                draw_delete_point
 .text.draw_settings
                0x0000000008006970       0x68 Code/src/menu.o
                0x0000000008006970                draw_settings
 .text.draw_info
                0x00000000080069d8       0x98 Code/src/menu.o
                0x00000000080069d8                draw_info
 .text.draw_edit_settings
                0x0000000008006a70      0x1a8 Code/src/menu.o
                0x0000000008006a70                draw_edit_settings
 .text.draw_set_dev_num
                0x0000000008006c18       0x60 Code/src/menu.o
                0x0000000008006c18                draw_set_dev_num
 .text.draw_set_dev_id
                0x0000000008006c78       0x84 Code/src/menu.o
                0x0000000008006c78                draw_set_dev_id
 .text.draw_set_freq_ch
                0x0000000008006cfc       0x60 Code/src/menu.o
                0x0000000008006cfc                draw_set_freq_ch
 .text.draw_set_tx_pow
                0x0000000008006d5c       0x78 Code/src/menu.o
                0x0000000008006d5c                draw_set_tx_pow
 .text.draw_set_send_intvl
                0x0000000008006dd4       0x78 Code/src/menu.o
                0x0000000008006dd4                draw_set_send_intvl
 .text.draw_set_to_thr
                0x0000000008006e4c       0x6c Code/src/menu.o
                0x0000000008006e4c                draw_set_to_thr
 .text.draw_set_fnc_thr
                0x0000000008006eb8       0x6c Code/src/menu.o
                0x0000000008006eb8                draw_set_fnc_thr
 .text.draw_confirm_settings_save
                0x0000000008006f24       0x5c Code/src/menu.o
                0x0000000008006f24                draw_confirm_settings_save
 .text.draw_restore_defaults
                0x0000000008006f80       0x40 Code/src/menu.o
                0x0000000008006f80                draw_restore_defaults
 .text.draw_erase_all
                0x0000000008006fc0       0x40 Code/src/menu.o
                0x0000000008006fc0                draw_erase_all
 .text.devices_ok
                0x0000000008007000       0x38 Code/src/menu.o
                0x0000000008007000                devices_ok
 .text.each_device_up
                0x0000000008007038       0x44 Code/src/menu.o
                0x0000000008007038                each_device_up
 .text.each_device_down
                0x000000000800707c       0x44 Code/src/menu.o
                0x000000000800707c                each_device_down
 .text.each_device_ok
                0x00000000080070c0       0x18 Code/src/menu.o
                0x00000000080070c0                each_device_ok
 .text.save_device_up
                0x00000000080070d8       0x4c Code/src/menu.o
                0x00000000080070d8                save_device_up
 .text.save_device_down
                0x0000000008007124       0x4c Code/src/menu.o
                0x0000000008007124                save_device_down
 .text.save_device_ok
                0x0000000008007170       0x24 Code/src/menu.o
                0x0000000008007170                save_device_ok
 .text.save_device_esc
                0x0000000008007194       0x20 Code/src/menu.o
                0x0000000008007194                save_device_esc
 .text.save_device_as_up
                0x00000000080071b4       0x40 Code/src/menu.o
                0x00000000080071b4                save_device_as_up
 .text.save_device_as_down
                0x00000000080071f4       0x40 Code/src/menu.o
                0x00000000080071f4                save_device_as_down
 .text.save_device_as_ok
                0x0000000008007234       0x2c Code/src/menu.o
                0x0000000008007234                save_device_as_ok
 .text.save_device_as_ok_long
                0x0000000008007260       0x50 Code/src/menu.o
                0x0000000008007260                save_device_as_ok_long
 .text.save_device_as_esc
                0x00000000080072b0       0x20 Code/src/menu.o
                0x00000000080072b0                save_device_as_esc
 .text.saved_popup_esc
                0x00000000080072d0       0x3c Code/src/menu.o
                0x00000000080072d0                saved_popup_esc
 .text.radar_up
                0x000000000800730c       0x5c Code/src/menu.o
                0x000000000800730c                radar_up
 .text.radar_down
                0x0000000008007368       0x5c Code/src/menu.o
                0x0000000008007368                radar_down
 .text.radar_ok
                0x00000000080073c4       0x34 Code/src/menu.o
                0x00000000080073c4                radar_ok
 .text.points_up
                0x00000000080073f8       0x2c Code/src/menu.o
                0x00000000080073f8                points_up
 .text.points_down
                0x0000000008007424       0x2c Code/src/menu.o
                0x0000000008007424                points_down
 .text.points_ok
                0x0000000008007450       0x34 Code/src/menu.o
                0x0000000008007450                points_ok
 .text.points_esc
                0x0000000008007484       0x20 Code/src/menu.o
                0x0000000008007484                points_esc
 .text.load_point_up
                0x00000000080074a4       0x5c Code/src/menu.o
                0x00000000080074a4                load_point_up
 .text.load_point_down
                0x0000000008007500       0x5c Code/src/menu.o
                0x0000000008007500                load_point_down
 .text.load_point_ok
                0x000000000800755c       0x44 Code/src/menu.o
                0x000000000800755c                load_point_ok
 .text.load_point_esc
                0x00000000080075a0       0x20 Code/src/menu.o
                0x00000000080075a0                load_point_esc
 .text.delete_point_ok
                0x00000000080075c0       0x30 Code/src/menu.o
                0x00000000080075c0                delete_point_ok
 .text.set_dev_num_up
                0x00000000080075f0       0x2c Code/src/menu.o
                0x00000000080075f0                set_dev_num_up
 .text.set_dev_num_down
                0x000000000800761c       0x2c Code/src/menu.o
                0x000000000800761c                set_dev_num_down
 .text.set_dev_num_ok
                0x0000000008007648       0x34 Code/src/menu.o
                0x0000000008007648                set_dev_num_ok
 .text.set_dev_num_esc
                0x000000000800767c       0x28 Code/src/menu.o
                0x000000000800767c                set_dev_num_esc
 .text.confirm_settings_save_ok
                0x00000000080076a4       0x18 Code/src/menu.o
                0x00000000080076a4                confirm_settings_save_ok
 .text.set_dev_id_up
                0x00000000080076bc       0x4c Code/src/menu.o
                0x00000000080076bc                set_dev_id_up
 .text.set_dev_id_down
                0x0000000008007708       0x4c Code/src/menu.o
                0x0000000008007708                set_dev_id_down
 .text.set_dev_id_ok
                0x0000000008007754       0x2c Code/src/menu.o
                0x0000000008007754                set_dev_id_ok
 .text.set_dev_id_ok_long
                0x0000000008007780       0x58 Code/src/menu.o
                0x0000000008007780                set_dev_id_ok_long
 .text.set_dev_id_esc
                0x00000000080077d8       0x54 Code/src/menu.o
                0x00000000080077d8                set_dev_id_esc
 .text.set_freq_ch_up
                0x000000000800782c       0x2c Code/src/menu.o
                0x000000000800782c                set_freq_ch_up
 .text.set_freq_ch_down
                0x0000000008007858       0x2c Code/src/menu.o
                0x0000000008007858                set_freq_ch_down
 .text.set_freq_ch_ok
                0x0000000008007884       0x38 Code/src/menu.o
                0x0000000008007884                set_freq_ch_ok
 .text.set_freq_ch_esc
                0x00000000080078bc       0x28 Code/src/menu.o
                0x00000000080078bc                set_freq_ch_esc
 .text.set_tx_pow_up
                0x00000000080078e4       0x2c Code/src/menu.o
                0x00000000080078e4                set_tx_pow_up
 .text.set_tx_pow_down
                0x0000000008007910       0x2c Code/src/menu.o
                0x0000000008007910                set_tx_pow_down
 .text.set_tx_pow_ok
                0x000000000800793c       0x38 Code/src/menu.o
                0x000000000800793c                set_tx_pow_ok
 .text.set_tx_pow_esc
                0x0000000008007974       0x28 Code/src/menu.o
                0x0000000008007974                set_tx_pow_esc
 .text.set_send_intvl_up
                0x000000000800799c       0x2c Code/src/menu.o
                0x000000000800799c                set_send_intvl_up
 .text.set_send_intvl_down
                0x00000000080079c8       0x2c Code/src/menu.o
                0x00000000080079c8                set_send_intvl_down
 .text.set_send_intvl_ok
                0x00000000080079f4       0x38 Code/src/menu.o
                0x00000000080079f4                set_send_intvl_ok
 .text.set_send_intvl_esc
                0x0000000008007a2c       0x28 Code/src/menu.o
                0x0000000008007a2c                set_send_intvl_esc
 .text.set_to_thr_up
                0x0000000008007a54       0x28 Code/src/menu.o
                0x0000000008007a54                set_to_thr_up
 .text.set_to_thr_down
                0x0000000008007a7c       0x24 Code/src/menu.o
                0x0000000008007a7c                set_to_thr_down
 .text.set_to_thr_ok
                0x0000000008007aa0       0x38 Code/src/menu.o
                0x0000000008007aa0                set_to_thr_ok
 .text.set_to_thr_esc
                0x0000000008007ad8       0x28 Code/src/menu.o
                0x0000000008007ad8                set_to_thr_esc
 .text.set_fnc_thr_up
                0x0000000008007b00       0x28 Code/src/menu.o
                0x0000000008007b00                set_fnc_thr_up
 .text.set_fnc_thr_down
                0x0000000008007b28       0x24 Code/src/menu.o
                0x0000000008007b28                set_fnc_thr_down
 .text.set_fnc_thr_ok
                0x0000000008007b4c       0x38 Code/src/menu.o
                0x0000000008007b4c                set_fnc_thr_ok
 .text.set_fnc_thr_esc
                0x0000000008007b84       0x28 Code/src/menu.o
                0x0000000008007b84                set_fnc_thr_esc
 .text.confirm_settings_save_esc
                0x0000000008007bac       0x3c Code/src/menu.o
                0x0000000008007bac                confirm_settings_save_esc
 .text.restore_defaults_ok
                0x0000000008007be8       0x10 Code/src/menu.o
                0x0000000008007be8                restore_defaults_ok
 .text.erase_all_ok
                0x0000000008007bf8       0x28 Code/src/menu.o
                0x0000000008007bf8                erase_all_ok
 .text.get_memory_slot
                0x0000000008007c20       0x40 Code/src/points.o
                0x0000000008007c20                get_memory_slot
 .text.init_points
                0x0000000008007c60       0x9c Code/src/points.o
                0x0000000008007c60                init_points
 .text.read_memory_slots
                0x0000000008007cfc      0x168 Code/src/points.o
                0x0000000008007cfc                read_memory_slots
 .text.save_memory_point
                0x0000000008007e64      0x158 Code/src/points.o
                0x0000000008007e64                save_memory_point
 .text.load_memory_point
                0x0000000008007fbc      0x1c0 Code/src/points.o
                0x0000000008007fbc                load_memory_point
 .text.delete_memory_point
                0x000000000800817c       0x24 Code/src/points.o
                0x000000000800817c                delete_memory_point
 .text.clear_point_buffer
                0x00000000080081a0       0x30 Code/src/points.o
                0x00000000080081a0                clear_point_buffer
 .text.convert_timeout
                0x00000000080081d0      0x258 Code/src/service.o
                0x00000000080081d0                convert_timeout
 .text.delay_cyc
                0x0000000008008428       0x20 Code/src/service.o
                0x0000000008008428                delay_cyc
 .text.atof32   0x0000000008008448      0x130 Code/src/service.o
                0x0000000008008448                atof32
 .text.ftoa32   0x0000000008008578      0x210 Code/src/service.o
                0x0000000008008578                ftoa32
 .text.atoi32   0x0000000008008788       0x8e Code/src/service.o
                0x0000000008008788                atoi32
 *fill*         0x0000000008008816        0x2 
 .text.itoa32   0x0000000008008818       0xf8 Code/src/service.o
                0x0000000008008818                itoa32
 .text.get_send_interval_values
                0x0000000008008910       0x14 Code/src/settings.o
                0x0000000008008910                get_send_interval_values
 .text.get_tx_power_values
                0x0000000008008924       0x14 Code/src/settings.o
                0x0000000008008924                get_tx_power_values
 .text.get_settings
                0x0000000008008938       0x14 Code/src/settings.o
                0x0000000008008938                get_settings
 .text.settings_load
                0x000000000800894c       0x84 Code/src/settings.o
                0x000000000800894c                settings_load
 .text.settings_save_default
                0x00000000080089d0       0x78 Code/src/settings.o
                0x00000000080089d0                settings_save_default
 .text.settings_save
                0x0000000008008a48       0x8c Code/src/settings.o
                0x0000000008008a48                settings_save
 .text.si4463_init
                0x0000000008008ad4       0xd8 Code/src/si4463.o
                0x0000000008008ad4                si4463_init
 .text.si4463_wait_cts
                0x0000000008008bac       0x20 Code/src/si4463.o
                0x0000000008008bac                si4463_wait_cts
 .text.si4463_set_packet_len
                0x0000000008008bcc       0x44 Code/src/si4463.o
                0x0000000008008bcc                si4463_set_packet_len
 .text.si4463_set_tx_power
                0x0000000008008c10       0x3e Code/src/si4463.o
                0x0000000008008c10                si4463_set_tx_power
 *fill*         0x0000000008008c4e        0x2 
 .text.si4463_tx_packet
                0x0000000008008c50       0x90 Code/src/si4463.o
                0x0000000008008c50                si4463_tx_packet
 .text.si4463_start_rx
                0x0000000008008ce0       0x50 Code/src/si4463.o
                0x0000000008008ce0                si4463_start_rx
 .text.si4463_get_rx_packet
                0x0000000008008d30       0xd4 Code/src/si4463.o
                0x0000000008008d30                si4463_get_rx_packet
 .text.get_air_packet_tx
                0x0000000008008e04       0x14 Code/src/si4463.o
                0x0000000008008e04                get_air_packet_tx
 .text.get_air_packet_rx
                0x0000000008008e18       0x14 Code/src/si4463.o
                0x0000000008008e18                get_air_packet_rx
 .text.spi1_init
                0x0000000008008e2c       0xb8 Code/src/spi.o
                0x0000000008008e2c                spi1_init
 .text.spi2_init
                0x0000000008008ee4       0x90 Code/src/spi.o
                0x0000000008008ee4                spi2_init
 .text.spi1_trx
                0x0000000008008f74       0x48 Code/src/spi.o
                0x0000000008008f74                spi1_trx
 .text.spi2_trx
                0x0000000008008fbc       0x48 Code/src/spi.o
                0x0000000008008fbc                spi2_trx
 .text.ssd1306_init
                0x0000000008009004       0x8c Code/src/ssd1306.o
                0x0000000008009004                ssd1306_init
 .text.ssd1306_update
                0x0000000008009090       0x40 Code/src/ssd1306.o
                0x0000000008009090                ssd1306_update
 .text.ssd1306_clear
                0x00000000080090d0       0x30 Code/src/ssd1306.o
                0x00000000080090d0                ssd1306_clear
 .text.ssd1306_pixel
                0x0000000008009100       0xd4 Code/src/ssd1306.o
                0x0000000008009100                ssd1306_pixel
 .text.ssd1306_pos
                0x00000000080091d4       0x44 Code/src/ssd1306.o
                0x00000000080091d4                ssd1306_pos
 .text.ssd1306_char
                0x0000000008009218       0x88 Code/src/ssd1306.o
                0x0000000008009218                ssd1306_char
 .text.ssd1306_char_pos
                0x00000000080092a0       0x3e Code/src/ssd1306.o
                0x00000000080092a0                ssd1306_char_pos
 .text.ssd1306_print
                0x00000000080092de       0x46 Code/src/ssd1306.o
                0x00000000080092de                ssd1306_print
 .text.ssd1306_print_viceversa
                0x0000000008009324       0x78 Code/src/ssd1306.o
                0x0000000008009324                ssd1306_print_viceversa
 .text.ssd1306_print_next
                0x000000000800939c       0x30 Code/src/ssd1306.o
                0x000000000800939c                ssd1306_print_next
 .text.ssd1306_bitmap
                0x00000000080093cc       0x38 Code/src/ssd1306.o
                0x00000000080093cc                ssd1306_bitmap
 .text.ssd1306_print_byte
                0x0000000008009404       0x58 Code/src/ssd1306.o
                0x0000000008009404                ssd1306_print_byte
 .text.NVIC_EnableIRQ
                0x000000000800945c       0x30 Code/src/timer.o
 .text.timers_init
                0x000000000800948c       0x18 Code/src/timer.o
                0x000000000800948c                timers_init
 .text.make_a_beep
                0x00000000080094a4       0x20 Code/src/timer.o
                0x00000000080094a4                make_a_beep
 .text.toggle_mute
                0x00000000080094c4       0x20 Code/src/timer.o
                0x00000000080094c4                toggle_mute
 .text.get_mute_flag
                0x00000000080094e4       0x14 Code/src/timer.o
                0x00000000080094e4                get_mute_flag
 .text.systick_init
                0x00000000080094f8       0x44 Code/src/timer.o
                0x00000000080094f8                systick_init
 .text.timer1_init
                0x000000000800953c       0x68 Code/src/timer.o
                0x000000000800953c                timer1_init
 .text.timer1_start
                0x00000000080095a4       0x20 Code/src/timer.o
                0x00000000080095a4                timer1_start
 .text.timer1_stop_reload
                0x00000000080095c4       0x28 Code/src/timer.o
                0x00000000080095c4                timer1_stop_reload
 .text.timer2_init
                0x00000000080095ec       0x4c Code/src/timer.o
                0x00000000080095ec                timer2_init
 .text.timer2_stop
                0x0000000008009638       0x20 Code/src/timer.o
                0x0000000008009638                timer2_stop
 .text.timer2_start
                0x0000000008009658       0x20 Code/src/timer.o
                0x0000000008009658                timer2_start
 .text.timer3_init
                0x0000000008009678       0x74 Code/src/timer.o
                0x0000000008009678                timer3_init
 .text.timer3_stop
                0x00000000080096ec       0x28 Code/src/timer.o
                0x00000000080096ec                timer3_stop
 .text.timer3_start
                0x0000000008009714       0x20 Code/src/timer.o
                0x0000000008009714                timer3_start
 .text.NVIC_EnableIRQ
                0x0000000008009734       0x30 Code/src/uart.o
 .text.uart_dma_init
                0x0000000008009764       0xd4 Code/src/uart.o
                0x0000000008009764                uart_dma_init
 .text.uart_dma_stop
                0x0000000008009838       0x1c Code/src/uart.o
                0x0000000008009838                uart_dma_stop
 .text.uart_dma_restart
                0x0000000008009854       0x24 Code/src/uart.o
                0x0000000008009854                uart_dma_restart
 .text.backup_and_clear_uart_buffer
                0x0000000008009878       0x44 Code/src/uart.o
                0x0000000008009878                backup_and_clear_uart_buffer
 .text.Reset_Handler
                0x00000000080098bc       0x50 Startup/startup_stm32f103c8tx.o
                0x00000000080098bc                Reset_Handler
 .text.Default_Handler
                0x000000000800990c        0x2 Startup/startup_stm32f103c8tx.o
                0x000000000800990c                EXTI2_IRQHandler
                0x000000000800990c                TIM8_TRG_COM_IRQHandler
                0x000000000800990c                TIM8_CC_IRQHandler
                0x000000000800990c                DebugMon_Handler
                0x000000000800990c                TIM1_CC_IRQHandler
                0x000000000800990c                HardFault_Handler
                0x000000000800990c                TIM6_IRQHandler
                0x000000000800990c                PVD_IRQHandler
                0x000000000800990c                SDIO_IRQHandler
                0x000000000800990c                PendSV_Handler
                0x000000000800990c                NMI_Handler
                0x000000000800990c                EXTI3_IRQHandler
                0x000000000800990c                USB_HP_CAN_TX_IRQHandler
                0x000000000800990c                EXTI0_IRQHandler
                0x000000000800990c                I2C2_EV_IRQHandler
                0x000000000800990c                UsageFault_Handler
                0x000000000800990c                ADC1_2_IRQHandler
                0x000000000800990c                SPI1_IRQHandler
                0x000000000800990c                CAN_SCE_IRQHandler
                0x000000000800990c                TAMPER_IRQHandler
                0x000000000800990c                TIM8_UP_IRQHandler
                0x000000000800990c                DMA2_Channel2_IRQHandler
                0x000000000800990c                DMA1_Channel4_IRQHandler
                0x000000000800990c                USART3_IRQHandler
                0x000000000800990c                RTC_IRQHandler
                0x000000000800990c                DMA1_Channel7_IRQHandler
                0x000000000800990c                UART5_IRQHandler
                0x000000000800990c                ADC3_IRQHandler
                0x000000000800990c                TIM4_IRQHandler
                0x000000000800990c                CAN_RX1_IRQHandler
                0x000000000800990c                DMA2_Channel1_IRQHandler
                0x000000000800990c                I2C1_EV_IRQHandler
                0x000000000800990c                DMA1_Channel6_IRQHandler
                0x000000000800990c                UART4_IRQHandler
                0x000000000800990c                TIM3_IRQHandler
                0x000000000800990c                RCC_IRQHandler
                0x000000000800990c                TIM1_TRG_COM_IRQHandler
                0x000000000800990c                DMA1_Channel1_IRQHandler
                0x000000000800990c                Default_Handler
                0x000000000800990c                TIM7_IRQHandler
                0x000000000800990c                TIM5_IRQHandler
                0x000000000800990c                SPI2_IRQHandler
                0x000000000800990c                USB_LP_CAN_RX0_IRQHandler
                0x000000000800990c                MemManage_Handler
                0x000000000800990c                SVC_Handler
                0x000000000800990c                EXTI4_IRQHandler
                0x000000000800990c                DMA1_Channel3_IRQHandler
                0x000000000800990c                FSMC_IRQHandler
                0x000000000800990c                WWDG_IRQHandler
                0x000000000800990c                TIM1_BRK_IRQHandler
                0x000000000800990c                EXTI1_IRQHandler
                0x000000000800990c                RTCAlarm_IRQHandler
                0x000000000800990c                DMA2_Channel4_5_IRQHandler
                0x000000000800990c                USART2_IRQHandler
                0x000000000800990c                I2C2_ER_IRQHandler
                0x000000000800990c                DMA1_Channel2_IRQHandler
                0x000000000800990c                TIM8_BRK_IRQHandler
                0x000000000800990c                FLASH_IRQHandler
                0x000000000800990c                BusFault_Handler
                0x000000000800990c                USART1_IRQHandler
                0x000000000800990c                SPI3_IRQHandler
                0x000000000800990c                I2C1_ER_IRQHandler
                0x000000000800990c                DMA2_Channel3_IRQHandler
 *fill*         0x000000000800990e        0x2 
 .text.__libc_init_array
                0x0000000008009910       0x48 c:/st/stm32cubeide_1.5.0/stm32cubeide/plugins/com.st.stm32cube.ide.mcu.externaltools.gnu-tools-for-stm32.7-2018-q2-update.win32_1.5.0.202011040924/tools/bin/../lib/gcc/arm-none-eabi/7.3.1/../../../../arm-none-eabi/lib/thumb/v7-m\libc_nano.a(lib_a-init.o)
                0x0000000008009910                __libc_init_array
 .text.memcpy   0x0000000008009958       0x16 c:/st/stm32cubeide_1.5.0/stm32cubeide/plugins/com.st.stm32cube.ide.mcu.externaltools.gnu-tools-for-stm32.7-2018-q2-update.win32_1.5.0.202011040924/tools/bin/../lib/gcc/arm-none-eabi/7.3.1/../../../../arm-none-eabi/lib/thumb/v7-m\libc_nano.a(lib_a-memcpy-stub.o)
                0x0000000008009958                memcpy
 .text.memset   0x000000000800996e       0x10 c:/st/stm32cubeide_1.5.0/stm32cubeide/plugins/com.st.stm32cube.ide.mcu.externaltools.gnu-tools-for-stm32.7-2018-q2-update.win32_1.5.0.202011040924/tools/bin/../lib/gcc/arm-none-eabi/7.3.1/../../../../arm-none-eabi/lib/thumb/v7-m\libc_nano.a(lib_a-memset.o)
                0x000000000800996e                memset
 *fill*         0x000000000800997e        0x2 
 .text.atan     0x0000000008009980      0x314 c:/st/stm32cubeide_1.5.0/stm32cubeide/plugins/com.st.stm32cube.ide.mcu.externaltools.gnu-tools-for-stm32.7-2018-q2-update.win32_1.5.0.202011040924/tools/bin/../lib/gcc/arm-none-eabi/7.3.1/../../../../arm-none-eabi/lib/thumb/v7-m\libm.a(lib_a-s_atan.o)
                0x0000000008009980                atan
 .text.cos      0x0000000008009c94       0x6c c:/st/stm32cubeide_1.5.0/stm32cubeide/plugins/com.st.stm32cube.ide.mcu.externaltools.gnu-tools-for-stm32.7-2018-q2-update.win32_1.5.0.202011040924/tools/bin/../lib/gcc/arm-none-eabi/7.3.1/../../../../arm-none-eabi/lib/thumb/v7-m\libm.a(lib_a-s_cos.o)
                0x0000000008009c94                cos
 .text.fabs     0x0000000008009d00        0x8 c:/st/stm32cubeide_1.5.0/stm32cubeide/plugins/com.st.stm32cube.ide.mcu.externaltools.gnu-tools-for-stm32.7-2018-q2-update.win32_1.5.0.202011040924/tools/bin/../lib/gcc/arm-none-eabi/7.3.1/../../../../arm-none-eabi/lib/thumb/v7-m\libm.a(lib_a-s_fabs.o)
                0x0000000008009d00                fabs
 .text.sin      0x0000000008009d08       0x74 c:/st/stm32cubeide_1.5.0/stm32cubeide/plugins/com.st.stm32cube.ide.mcu.externaltools.gnu-tools-for-stm32.7-2018-q2-update.win32_1.5.0.202011040924/tools/bin/../lib/gcc/arm-none-eabi/7.3.1/../../../../arm-none-eabi/lib/thumb/v7-m\libm.a(lib_a-s_sin.o)
                0x0000000008009d08                sin
 .text.tan      0x0000000008009d7c       0x54 c:/st/stm32cubeide_1.5.0/stm32cubeide/plugins/com.st.stm32cube.ide.mcu.externaltools.gnu-tools-for-stm32.7-2018-q2-update.win32_1.5.0.202011040924/tools/bin/../lib/gcc/arm-none-eabi/7.3.1/../../../../arm-none-eabi/lib/thumb/v7-m\libm.a(lib_a-s_tan.o)
                0x0000000008009d7c                tan
 .text.asin     0x0000000008009dd0       0xa8 c:/st/stm32cubeide_1.5.0/stm32cubeide/plugins/com.st.stm32cube.ide.mcu.externaltools.gnu-tools-for-stm32.7-2018-q2-update.win32_1.5.0.202011040924/tools/bin/../lib/gcc/arm-none-eabi/7.3.1/../../../../arm-none-eabi/lib/thumb/v7-m\libm.a(lib_a-w_asin.o)
                0x0000000008009dd0                asin
 .text.log      0x0000000008009e78       0xf4 c:/st/stm32cubeide_1.5.0/stm32cubeide/plugins/com.st.stm32cube.ide.mcu.externaltools.gnu-tools-for-stm32.7-2018-q2-update.win32_1.5.0.202011040924/tools/bin/../lib/gcc/arm-none-eabi/7.3.1/../../../../arm-none-eabi/lib/thumb/v7-m\libm.a(lib_a-w_log.o)
                0x0000000008009e78                log
 .text.pow      0x0000000008009f6c      0x2b8 c:/st/stm32cubeide_1.5.0/stm32cubeide/plugins/com.st.stm32cube.ide.mcu.externaltools.gnu-tools-for-stm32.7-2018-q2-update.win32_1.5.0.202011040924/tools/bin/../lib/gcc/arm-none-eabi/7.3.1/../../../../arm-none-eabi/lib/thumb/v7-m\libm.a(lib_a-w_pow.o)
                0x0000000008009f6c                pow
 .text.sqrt     0x000000000800a224       0xa8 c:/st/stm32cubeide_1.5.0/stm32cubeide/plugins/com.st.stm32cube.ide.mcu.externaltools.gnu-tools-for-stm32.7-2018-q2-update.win32_1.5.0.202011040924/tools/bin/../lib/gcc/arm-none-eabi/7.3.1/../../../../arm-none-eabi/lib/thumb/v7-m\libm.a(lib_a-w_sqrt.o)
                0x000000000800a224                sqrt
 *fill*         0x000000000800a2cc        0x4 
 .text.__ieee754_asin
                0x000000000800a2d0      0x3f8 c:/st/stm32cubeide_1.5.0/stm32cubeide/plugins/com.st.stm32cube.ide.mcu.externaltools.gnu-tools-for-stm32.7-2018-q2-update.win32_1.5.0.202011040924/tools/bin/../lib/gcc/arm-none-eabi/7.3.1/../../../../arm-none-eabi/lib/thumb/v7-m\libm.a(lib_a-e_asin.o)
                0x000000000800a2d0                __ieee754_asin
 .text.__ieee754_log
                0x000000000800a6c8      0x364 c:/st/stm32cubeide_1.5.0/stm32cubeide/plugins/com.st.stm32cube.ide.mcu.externaltools.gnu-tools-for-stm32.7-2018-q2-update.win32_1.5.0.202011040924/tools/bin/../lib/gcc/arm-none-eabi/7.3.1/../../../../arm-none-eabi/lib/thumb/v7-m\libm.a(lib_a-e_log.o)
                0x000000000800a6c8                __ieee754_log
 *fill*         0x000000000800aa2c        0x4 
 .text.__ieee754_pow
                0x000000000800aa30      0xa14 c:/st/stm32cubeide_1.5.0/stm32cubeide/plugins/com.st.stm32cube.ide.mcu.externaltools.gnu-tools-for-stm32.7-2018-q2-update.win32_1.5.0.202011040924/tools/bin/../lib/gcc/arm-none-eabi/7.3.1/../../../../arm-none-eabi/lib/thumb/v7-m\libm.a(lib_a-e_pow.o)
                0x000000000800aa30                __ieee754_pow
 *fill*         0x000000000800b444        0x4 
 .text.__ieee754_rem_pio2
                0x000000000800b448      0x3e0 c:/st/stm32cubeide_1.5.0/stm32cubeide/plugins/com.st.stm32cube.ide.mcu.externaltools.gnu-tools-for-stm32.7-2018-q2-update.win32_1.5.0.202011040924/tools/bin/../lib/gcc/arm-none-eabi/7.3.1/../../../../arm-none-eabi/lib/thumb/v7-m\libm.a(lib_a-e_rem_pio2.o)
                0x000000000800b448                __ieee754_rem_pio2
 .text.__ieee754_sqrt
                0x000000000800b828      0x158 c:/st/stm32cubeide_1.5.0/stm32cubeide/plugins/com.st.stm32cube.ide.mcu.externaltools.gnu-tools-for-stm32.7-2018-q2-update.win32_1.5.0.202011040924/tools/bin/../lib/gcc/arm-none-eabi/7.3.1/../../../../arm-none-eabi/lib/thumb/v7-m\libm.a(lib_a-e_sqrt.o)
                0x000000000800b828                __ieee754_sqrt
 .text.__kernel_cos
                0x000000000800b980      0x17c c:/st/stm32cubeide_1.5.0/stm32cubeide/plugins/com.st.stm32cube.ide.mcu.externaltools.gnu-tools-for-stm32.7-2018-q2-update.win32_1.5.0.202011040924/tools/bin/../lib/gcc/arm-none-eabi/7.3.1/../../../../arm-none-eabi/lib/thumb/v7-m\libm.a(lib_a-k_cos.o)
                0x000000000800b980                __kernel_cos
 .text.__kernel_rem_pio2
                0x000000000800bafc      0x694 c:/st/stm32cubeide_1.5.0/stm32cubeide/plugins/com.st.stm32cube.ide.mcu.externaltools.gnu-tools-for-stm32.7-2018-q2-update.win32_1.5.0.202011040924/tools/bin/../lib/gcc/arm-none-eabi/7.3.1/../../../../arm-none-eabi/lib/thumb/v7-m\libm.a(lib_a-k_rem_pio2.o)
                0x000000000800bafc                __kernel_rem_pio2
 .text.__kernel_sin
                0x000000000800c190      0x16c c:/st/stm32cubeide_1.5.0/stm32cubeide/plugins/com.st.stm32cube.ide.mcu.externaltools.gnu-tools-for-stm32.7-2018-q2-update.win32_1.5.0.202011040924/tools/bin/../lib/gcc/arm-none-eabi/7.3.1/../../../../arm-none-eabi/lib/thumb/v7-m\libm.a(lib_a-k_sin.o)
                0x000000000800c190                __kernel_sin
 *fill*         0x000000000800c2fc        0x4 
 .text.__kernel_tan
                0x000000000800c300      0x380 c:/st/stm32cubeide_1.5.0/stm32cubeide/plugins/com.st.stm32cube.ide.mcu.externaltools.gnu-tools-for-stm32.7-2018-q2-update.win32_1.5.0.202011040924/tools/bin/../lib/gcc/arm-none-eabi/7.3.1/../../../../arm-none-eabi/lib/thumb/v7-m\libm.a(lib_a-k_tan.o)
                0x000000000800c300                __kernel_tan
 .text.finite   0x000000000800c680        0xc c:/st/stm32cubeide_1.5.0/stm32cubeide/plugins/com.st.stm32cube.ide.mcu.externaltools.gnu-tools-for-stm32.7-2018-q2-update.win32_1.5.0.202011040924/tools/bin/../lib/gcc/arm-none-eabi/7.3.1/../../../../arm-none-eabi/lib/thumb/v7-m\libm.a(lib_a-s_finite.o)
                0x000000000800c680                finite
 *fill*         0x000000000800c68c        0x4 
 .text.floor    0x000000000800c690      0x108 c:/st/stm32cubeide_1.5.0/stm32cubeide/plugins/com.st.stm32cube.ide.mcu.externaltools.gnu-tools-for-stm32.7-2018-q2-update.win32_1.5.0.202011040924/tools/bin/../lib/gcc/arm-none-eabi/7.3.1/../../../../arm-none-eabi/lib/thumb/v7-m\libm.a(lib_a-s_floor.o)
                0x000000000800c690                floor
 .text.matherr  0x000000000800c798        0x4 c:/st/stm32cubeide_1.5.0/stm32cubeide/plugins/com.st.stm32cube.ide.mcu.externaltools.gnu-tools-for-stm32.7-2018-q2-update.win32_1.5.0.202011040924/tools/bin/../lib/gcc/arm-none-eabi/7.3.1/../../../../arm-none-eabi/lib/thumb/v7-m\libm.a(lib_a-s_matherr.o)
                0x000000000800c798                matherr
 .text.nan      0x000000000800c79c        0xc c:/st/stm32cubeide_1.5.0/stm32cubeide/plugins/com.st.stm32cube.ide.mcu.externaltools.gnu-tools-for-stm32.7-2018-q2-update.win32_1.5.0.202011040924/tools/bin/../lib/gcc/arm-none-eabi/7.3.1/../../../../arm-none-eabi/lib/thumb/v7-m\libm.a(lib_a-s_nan.o)
                0x000000000800c79c                nan
 .text.rint     0x000000000800c7a8      0x114 c:/st/stm32cubeide_1.5.0/stm32cubeide/plugins/com.st.stm32cube.ide.mcu.externaltools.gnu-tools-for-stm32.7-2018-q2-update.win32_1.5.0.202011040924/tools/bin/../lib/gcc/arm-none-eabi/7.3.1/../../../../arm-none-eabi/lib/thumb/v7-m\libm.a(lib_a-s_rint.o)
                0x000000000800c7a8                rint
 *fill*         0x000000000800c8bc        0x4 
 .text.scalbn   0x000000000800c8c0       0xdc c:/st/stm32cubeide_1.5.0/stm32cubeide/plugins/com.st.stm32cube.ide.mcu.externaltools.gnu-tools-for-stm32.7-2018-q2-update.win32_1.5.0.202011040924/tools/bin/../lib/gcc/arm-none-eabi/7.3.1/../../../../arm-none-eabi/lib/thumb/v7-m\libm.a(lib_a-s_scalbn.o)
                0x000000000800c8c0                scalbn
 .text.copysign
                0x000000000800c99c       0x12 c:/st/stm32cubeide_1.5.0/stm32cubeide/plugins/com.st.stm32cube.ide.mcu.externaltools.gnu-tools-for-stm32.7-2018-q2-update.win32_1.5.0.202011040924/tools/bin/../lib/gcc/arm-none-eabi/7.3.1/../../../../arm-none-eabi/lib/thumb/v7-m\libm.a(lib_a-s_copysign.o)
                0x000000000800c99c                copysign
 *fill*         0x000000000800c9ae        0x2 
 .text.__errno  0x000000000800c9b0        0xc c:/st/stm32cubeide_1.5.0/stm32cubeide/plugins/com.st.stm32cube.ide.mcu.externaltools.gnu-tools-for-stm32.7-2018-q2-update.win32_1.5.0.202011040924/tools/bin/../lib/gcc/arm-none-eabi/7.3.1/../../../../arm-none-eabi/lib/thumb/v7-m\libc_nano.a(lib_a-errno.o)
                0x000000000800c9b0                __errno
 *(.glue_7)
 .glue_7        0x000000000800c9bc        0x0 linker stubs
 *(.glue_7t)
 .glue_7t       0x000000000800c9bc        0x0 linker stubs
 *(.eh_frame)
 .eh_frame      0x000000000800c9bc        0x0 c:/st/stm32cubeide_1.5.0/stm32cubeide/plugins/com.st.stm32cube.ide.mcu.externaltools.gnu-tools-for-stm32.7-2018-q2-update.win32_1.5.0.202011040924/tools/bin/../lib/gcc/arm-none-eabi/7.3.1/thumb/v7-m/crtbegin.o
 *(.init)
 .init          0x000000000800c9bc        0x4 c:/st/stm32cubeide_1.5.0/stm32cubeide/plugins/com.st.stm32cube.ide.mcu.externaltools.gnu-tools-for-stm32.7-2018-q2-update.win32_1.5.0.202011040924/tools/bin/../lib/gcc/arm-none-eabi/7.3.1/thumb/v7-m/crti.o
                0x000000000800c9bc                _init
 .init          0x000000000800c9c0        0x8 c:/st/stm32cubeide_1.5.0/stm32cubeide/plugins/com.st.stm32cube.ide.mcu.externaltools.gnu-tools-for-stm32.7-2018-q2-update.win32_1.5.0.202011040924/tools/bin/../lib/gcc/arm-none-eabi/7.3.1/thumb/v7-m/crtn.o
 *(.fini)
 .fini          0x000000000800c9c8        0x4 c:/st/stm32cubeide_1.5.0/stm32cubeide/plugins/com.st.stm32cube.ide.mcu.externaltools.gnu-tools-for-stm32.7-2018-q2-update.win32_1.5.0.202011040924/tools/bin/../lib/gcc/arm-none-eabi/7.3.1/thumb/v7-m/crti.o
                0x000000000800c9c8                _fini
 .fini          0x000000000800c9cc        0x8 c:/st/stm32cubeide_1.5.0/stm32cubeide/plugins/com.st.stm32cube.ide.mcu.externaltools.gnu-tools-for-stm32.7-2018-q2-update.win32_1.5.0.202011040924/tools/bin/../lib/gcc/arm-none-eabi/7.3.1/thumb/v7-m/crtn.o
                0x000000000800c9d4                . = ALIGN (0x4)
                0x000000000800c9d4                _etext = .

.vfp11_veneer   0x000000000800c9d4        0x0
 .vfp11_veneer  0x000000000800c9d4        0x0 linker stubs

.v4_bx          0x000000000800c9d4        0x0
 .v4_bx         0x000000000800c9d4        0x0 linker stubs

.iplt           0x000000000800c9d4        0x0
 .iplt          0x000000000800c9d4        0x0 c:/st/stm32cubeide_1.5.0/stm32cubeide/plugins/com.st.stm32cube.ide.mcu.externaltools.gnu-tools-for-stm32.7-2018-q2-update.win32_1.5.0.202011040924/tools/bin/../lib/gcc/arm-none-eabi/7.3.1/thumb/v7-m/crtbegin.o

.rodata         0x000000000800c9d8     0x1de0
                0x000000000800c9d8                . = ALIGN (0x4)
 *(.rodata)
 .rodata        0x000000000800c9d8      0x3e4 Code/src/menu.o
 .rodata        0x000000000800cdbc       0x17 Code/src/points.o
 *fill*         0x000000000800cdd3        0x1 
 .rodata        0x000000000800cdd4      0x16c Code/src/si4463.o
 *(.rodata*)
 .rodata.deg_to_rad
                0x000000000800cf40        0x8 Code/src/lrns.o
                0x000000000800cf40                deg_to_rad
 .rodata.menu_exclusive_table
                0x000000000800cf48      0x1e8 Code/src/menu.o
                0x000000000800cf48                menu_exclusive_table
 .rodata.menu_forward_table
                0x000000000800d130       0x3c Code/src/menu.o
                0x000000000800d130                menu_forward_table
 .rodata.menu_backward_table
                0x000000000800d16c       0x1c Code/src/menu.o
                0x000000000800d16c                menu_backward_table
 .rodata.menu_draw_table
                0x000000000800d188       0xd8 Code/src/menu.o
                0x000000000800d188                menu_draw_table
 .rodata.point_to_save_default_name
                0x000000000800d260        0x6 Code/src/menu.o
                0x000000000800d260                point_to_save_default_name
 *fill*         0x000000000800d266        0x2 
 .rodata.font   0x000000000800d268      0x2d0 Code/src/ssd1306.o
                0x000000000800d268                font
 .rodata.ssd1306_conf
                0x000000000800d538        0xb Code/src/ssd1306.o
                0x000000000800d538                ssd1306_conf
 *fill*         0x000000000800d543        0x1 
 .rodata.startup_screen
                0x000000000800d544      0x400 Code/src/ssd1306_bitmaps.o
                0x000000000800d544                startup_screen
 .rodata.devices_blank
                0x000000000800d944      0x400 Code/src/ssd1306_bitmaps.o
                0x000000000800d944                devices_blank
 .rodata.radar_blank
                0x000000000800dd44      0x400 Code/src/ssd1306_bitmaps.o
                0x000000000800dd44                radar_blank
 .rodata.info_blank
                0x000000000800e144      0x400 Code/src/ssd1306_bitmaps.o
                0x000000000800e144                info_blank
 *fill*         0x000000000800e544        0x4 
 .rodata.atanhi
                0x000000000800e548       0x20 c:/st/stm32cubeide_1.5.0/stm32cubeide/plugins/com.st.stm32cube.ide.mcu.externaltools.gnu-tools-for-stm32.7-2018-q2-update.win32_1.5.0.202011040924/tools/bin/../lib/gcc/arm-none-eabi/7.3.1/../../../../arm-none-eabi/lib/thumb/v7-m\libm.a(lib_a-s_atan.o)
 .rodata.atanlo
                0x000000000800e568       0x20 c:/st/stm32cubeide_1.5.0/stm32cubeide/plugins/com.st.stm32cube.ide.mcu.externaltools.gnu-tools-for-stm32.7-2018-q2-update.win32_1.5.0.202011040924/tools/bin/../lib/gcc/arm-none-eabi/7.3.1/../../../../arm-none-eabi/lib/thumb/v7-m\libm.a(lib_a-s_atan.o)
 .rodata.asin.str1.1
                0x000000000800e588        0x5 c:/st/stm32cubeide_1.5.0/stm32cubeide/plugins/com.st.stm32cube.ide.mcu.externaltools.gnu-tools-for-stm32.7-2018-q2-update.win32_1.5.0.202011040924/tools/bin/../lib/gcc/arm-none-eabi/7.3.1/../../../../arm-none-eabi/lib/thumb/v7-m\libm.a(lib_a-w_asin.o)
                                          0x6 (size before relaxing)
 .rodata.log.str1.1
                0x000000000800e58d        0x4 c:/st/stm32cubeide_1.5.0/stm32cubeide/plugins/com.st.stm32cube.ide.mcu.externaltools.gnu-tools-for-stm32.7-2018-q2-update.win32_1.5.0.202011040924/tools/bin/../lib/gcc/arm-none-eabi/7.3.1/../../../../arm-none-eabi/lib/thumb/v7-m\libm.a(lib_a-w_log.o)
                                          0x5 (size before relaxing)
 .rodata.pow.str1.1
                0x000000000800e591        0x4 c:/st/stm32cubeide_1.5.0/stm32cubeide/plugins/com.st.stm32cube.ide.mcu.externaltools.gnu-tools-for-stm32.7-2018-q2-update.win32_1.5.0.202011040924/tools/bin/../lib/gcc/arm-none-eabi/7.3.1/../../../../arm-none-eabi/lib/thumb/v7-m\libm.a(lib_a-w_pow.o)
 .rodata.sqrt.str1.1
                0x000000000800e595        0x5 c:/st/stm32cubeide_1.5.0/stm32cubeide/plugins/com.st.stm32cube.ide.mcu.externaltools.gnu-tools-for-stm32.7-2018-q2-update.win32_1.5.0.202011040924/tools/bin/../lib/gcc/arm-none-eabi/7.3.1/../../../../arm-none-eabi/lib/thumb/v7-m\libm.a(lib_a-w_sqrt.o)
 .rodata.__ieee754_pow.str1.1
                0x000000000800e59a        0x1 c:/st/stm32cubeide_1.5.0/stm32cubeide/plugins/com.st.stm32cube.ide.mcu.externaltools.gnu-tools-for-stm32.7-2018-q2-update.win32_1.5.0.202011040924/tools/bin/../lib/gcc/arm-none-eabi/7.3.1/../../../../arm-none-eabi/lib/thumb/v7-m\libm.a(lib_a-e_pow.o)
 *fill*         0x000000000800e59a        0x6 
 .rodata.bp     0x000000000800e5a0       0x10 c:/st/stm32cubeide_1.5.0/stm32cubeide/plugins/com.st.stm32cube.ide.mcu.externaltools.gnu-tools-for-stm32.7-2018-q2-update.win32_1.5.0.202011040924/tools/bin/../lib/gcc/arm-none-eabi/7.3.1/../../../../arm-none-eabi/lib/thumb/v7-m\libm.a(lib_a-e_pow.o)
 .rodata.dp_h   0x000000000800e5b0       0x10 c:/st/stm32cubeide_1.5.0/stm32cubeide/plugins/com.st.stm32cube.ide.mcu.externaltools.gnu-tools-for-stm32.7-2018-q2-update.win32_1.5.0.202011040924/tools/bin/../lib/gcc/arm-none-eabi/7.3.1/../../../../arm-none-eabi/lib/thumb/v7-m\libm.a(lib_a-e_pow.o)
 .rodata.dp_l   0x000000000800e5c0       0x10 c:/st/stm32cubeide_1.5.0/stm32cubeide/plugins/com.st.stm32cube.ide.mcu.externaltools.gnu-tools-for-stm32.7-2018-q2-update.win32_1.5.0.202011040924/tools/bin/../lib/gcc/arm-none-eabi/7.3.1/../../../../arm-none-eabi/lib/thumb/v7-m\libm.a(lib_a-e_pow.o)
 .rodata.npio2_hw
                0x000000000800e5d0       0x80 c:/st/stm32cubeide_1.5.0/stm32cubeide/plugins/com.st.stm32cube.ide.mcu.externaltools.gnu-tools-for-stm32.7-2018-q2-update.win32_1.5.0.202011040924/tools/bin/../lib/gcc/arm-none-eabi/7.3.1/../../../../arm-none-eabi/lib/thumb/v7-m\libm.a(lib_a-e_rem_pio2.o)
 .rodata.two_over_pi
                0x000000000800e650      0x108 c:/st/stm32cubeide_1.5.0/stm32cubeide/plugins/com.st.stm32cube.ide.mcu.externaltools.gnu-tools-for-stm32.7-2018-q2-update.win32_1.5.0.202011040924/tools/bin/../lib/gcc/arm-none-eabi/7.3.1/../../../../arm-none-eabi/lib/thumb/v7-m\libm.a(lib_a-e_rem_pio2.o)
 .rodata.PIo2   0x000000000800e758       0x40 c:/st/stm32cubeide_1.5.0/stm32cubeide/plugins/com.st.stm32cube.ide.mcu.externaltools.gnu-tools-for-stm32.7-2018-q2-update.win32_1.5.0.202011040924/tools/bin/../lib/gcc/arm-none-eabi/7.3.1/../../../../arm-none-eabi/lib/thumb/v7-m\libm.a(lib_a-k_rem_pio2.o)
 .rodata.init_jk
                0x000000000800e798       0x10 c:/st/stm32cubeide_1.5.0/stm32cubeide/plugins/com.st.stm32cube.ide.mcu.externaltools.gnu-tools-for-stm32.7-2018-q2-update.win32_1.5.0.202011040924/tools/bin/../lib/gcc/arm-none-eabi/7.3.1/../../../../arm-none-eabi/lib/thumb/v7-m\libm.a(lib_a-k_rem_pio2.o)
 .rodata.TWO52  0x000000000800e7a8       0x10 c:/st/stm32cubeide_1.5.0/stm32cubeide/plugins/com.st.stm32cube.ide.mcu.externaltools.gnu-tools-for-stm32.7-2018-q2-update.win32_1.5.0.202011040924/tools/bin/../lib/gcc/arm-none-eabi/7.3.1/../../../../arm-none-eabi/lib/thumb/v7-m\libm.a(lib_a-s_rint.o)
                0x000000000800e7b8                . = ALIGN (0x4)

.rel.dyn        0x000000000800e7b8        0x0
 .rel.iplt      0x000000000800e7b8        0x0 c:/st/stm32cubeide_1.5.0/stm32cubeide/plugins/com.st.stm32cube.ide.mcu.externaltools.gnu-tools-for-stm32.7-2018-q2-update.win32_1.5.0.202011040924/tools/bin/../lib/gcc/arm-none-eabi/7.3.1/thumb/v7-m/crtbegin.o

.ARM.extab      0x000000000800e7b8        0x0
                0x000000000800e7b8                . = ALIGN (0x4)
 *(.ARM.extab* .gnu.linkonce.armextab.*)
                0x000000000800e7b8                . = ALIGN (0x4)

.ARM            0x000000000800e7b8        0x0
                0x000000000800e7b8                . = ALIGN (0x4)
                0x000000000800e7b8                __exidx_start = .
 *(.ARM.exidx*)
                0x000000000800e7b8                __exidx_end = .
                0x000000000800e7b8                . = ALIGN (0x4)

.preinit_array  0x000000000800e7b8        0x0
                0x000000000800e7b8                . = ALIGN (0x4)
                0x000000000800e7b8                PROVIDE (__preinit_array_start = .)
 *(.preinit_array*)
                0x000000000800e7b8                PROVIDE (__preinit_array_end = .)
                0x000000000800e7b8                . = ALIGN (0x4)

.init_array     0x000000000800e7b8        0x4
                0x000000000800e7b8                . = ALIGN (0x4)
                0x000000000800e7b8                PROVIDE (__init_array_start = .)
 *(SORT_BY_NAME(.init_array.*))
 *(.init_array*)
 .init_array    0x000000000800e7b8        0x4 c:/st/stm32cubeide_1.5.0/stm32cubeide/plugins/com.st.stm32cube.ide.mcu.externaltools.gnu-tools-for-stm32.7-2018-q2-update.win32_1.5.0.202011040924/tools/bin/../lib/gcc/arm-none-eabi/7.3.1/thumb/v7-m/crtbegin.o
                0x000000000800e7bc                PROVIDE (__init_array_end = .)
                0x000000000800e7bc                . = ALIGN (0x4)

.fini_array     0x000000000800e7bc        0x4
                0x000000000800e7bc                . = ALIGN (0x4)
                [!provide]                        PROVIDE (__fini_array_start = .)
 *(SORT_BY_NAME(.fini_array.*))
 *(.fini_array*)
 .fini_array    0x000000000800e7bc        0x4 c:/st/stm32cubeide_1.5.0/stm32cubeide/plugins/com.st.stm32cube.ide.mcu.externaltools.gnu-tools-for-stm32.7-2018-q2-update.win32_1.5.0.202011040924/tools/bin/../lib/gcc/arm-none-eabi/7.3.1/thumb/v7-m/crtbegin.o
                [!provide]                        PROVIDE (__fini_array_end = .)
                0x000000000800e7c0                . = ALIGN (0x4)
                0x000000000800e7c0                _sidata = LOADADDR (.data)

.data           0x0000000020000000       0xc8 load address 0x000000000800e7c0
                0x0000000020000000                . = ALIGN (0x4)
                0x0000000020000000                _sdata = .
 *(.data)
 *(.data*)
 .data.button_weight
                0x0000000020000000        0x5 Code/src/buttons.o
                0x0000000020000000                button_weight
 *fill*         0x0000000020000005        0x3 
 .data.button_state
                0x0000000020000008        0x5 Code/src/buttons.o
                0x0000000020000008                button_state
 *fill*         0x000000002000000d        0x3 
 .data.button_prev_state
                0x0000000020000010        0x5 Code/src/buttons.o
                0x0000000020000010                button_prev_state
 *fill*         0x0000000020000015        0x3 
 .data.FW_VERSION
                0x0000000020000018        0x4 Code/src/menu.o
                0x0000000020000018                FW_VERSION
 .data.HW_VERSION
                0x000000002000001c        0x4 Code/src/menu.o
                0x000000002000001c                HW_VERSION
 .data.item_table
                0x0000000020000020       0x12 Code/src/menu.o
                0x0000000020000020                item_table
 .data.current_each_device
                0x0000000020000032        0x1 Code/src/menu.o
                0x0000000020000032                current_each_device
 .data.current_slot_to_load
                0x0000000020000033        0x1 Code/src/menu.o
                0x0000000020000033                current_slot_to_load
 .data.custom_exclam_mark
                0x0000000020000034        0x2 Code/src/menu.o
                0x0000000020000034                custom_exclam_mark
 *fill*         0x0000000020000036        0x2 
 .data.memory_slot_names
                0x0000000020000038       0x18 Code/src/points.o
                0x0000000020000038                memory_slot_names
 .data.send_interval_values
                0x0000000020000050        0x5 Code/src/settings.o
                0x0000000020000050                send_interval_values
 *fill*         0x0000000020000055        0x3 
 .data.tx_power_values
                0x0000000020000058        0x4 Code/src/settings.o
                0x0000000020000058                tx_power_values
 .data.tx_power_register_values
                0x000000002000005c        0x4 Code/src/si4463.o
                0x000000002000005c                tx_power_register_values
 .data._impure_ptr
                0x0000000020000060        0x4 c:/st/stm32cubeide_1.5.0/stm32cubeide/plugins/com.st.stm32cube.ide.mcu.externaltools.gnu-tools-for-stm32.7-2018-q2-update.win32_1.5.0.202011040924/tools/bin/../lib/gcc/arm-none-eabi/7.3.1/../../../../arm-none-eabi/lib/thumb/v7-m\libc_nano.a(lib_a-impure.o)
                0x0000000020000060                _impure_ptr
 .data.impure_data
                0x0000000020000064       0x60 c:/st/stm32cubeide_1.5.0/stm32cubeide/plugins/com.st.stm32cube.ide.mcu.externaltools.gnu-tools-for-stm32.7-2018-q2-update.win32_1.5.0.202011040924/tools/bin/../lib/gcc/arm-none-eabi/7.3.1/../../../../arm-none-eabi/lib/thumb/v7-m\libc_nano.a(lib_a-impure.o)
 .data.__fdlib_version
                0x00000000200000c4        0x1 c:/st/stm32cubeide_1.5.0/stm32cubeide/plugins/com.st.stm32cube.ide.mcu.externaltools.gnu-tools-for-stm32.7-2018-q2-update.win32_1.5.0.202011040924/tools/bin/../lib/gcc/arm-none-eabi/7.3.1/../../../../arm-none-eabi/lib/thumb/v7-m\libm.a(lib_a-s_lib_ver.o)
                0x00000000200000c4                __fdlib_version
 *(.RamFunc)
 *(.RamFunc*)
                0x00000000200000c8                . = ALIGN (0x4)
 *fill*         0x00000000200000c5        0x3 
                0x00000000200000c8                _edata = .

.igot.plt       0x00000000200000c8        0x0 load address 0x000000000800e888
 .igot.plt      0x00000000200000c8        0x0 c:/st/stm32cubeide_1.5.0/stm32cubeide/plugins/com.st.stm32cube.ide.mcu.externaltools.gnu-tools-for-stm32.7-2018-q2-update.win32_1.5.0.202011040924/tools/bin/../lib/gcc/arm-none-eabi/7.3.1/thumb/v7-m/crtbegin.o
                0x00000000200000c8                . = ALIGN (0x4)

.bss            0x00000000200000c8     0x1070 load address 0x000000000800e888
                0x00000000200000c8                _sbss = .
                0x00000000200000c8                __bss_start__ = _sbss
 *(.bss)
 .bss           0x00000000200000c8       0x1c c:/st/stm32cubeide_1.5.0/stm32cubeide/plugins/com.st.stm32cube.ide.mcu.externaltools.gnu-tools-for-stm32.7-2018-q2-update.win32_1.5.0.202011040924/tools/bin/../lib/gcc/arm-none-eabi/7.3.1/thumb/v7-m/crtbegin.o
 *(.bss*)
 .bss.bat_interval_counter
                0x00000000200000e4        0x1 Code/src/adc.o
                0x00000000200000e4                bat_interval_counter
 *fill*         0x00000000200000e5        0x3 
 .bss.scan_interval_counter
                0x00000000200000e8        0x4 Code/src/buttons.o
                0x00000000200000e8                scan_interval_counter
 .bss.idr_register_copy
                0x00000000200000ec        0x4 Code/src/buttons.o
                0x00000000200000ec                idr_register_copy
 .bss.button_pressed_counter
                0x00000000200000f0        0xa Code/src/buttons.o
                0x00000000200000f0                button_pressed_counter
 *fill*         0x00000000200000fa        0x2 
 .bss.timeout_state
                0x00000000200000fc        0x5 Code/src/buttons.o
                0x00000000200000fc                timeout_state
 *fill*         0x0000000020000101        0x3 
 .bss.timeout_prev_state
                0x0000000020000104        0x5 Code/src/buttons.o
                0x0000000020000104                timeout_prev_state
 *fill*         0x0000000020000109        0x3 
 .bss.uptime    0x000000002000010c        0x4 Code/src/main.o
                0x000000002000010c                uptime
 .bss.pps_counter
                0x0000000020000110        0x4 Code/src/main.o
                0x0000000020000110                pps_counter
 .bss.overflow_counter
                0x0000000020000114        0x1 Code/src/main.o
                0x0000000020000114                overflow_counter
 .bss.time_slot
                0x0000000020000115        0x1 Code/src/main.o
                0x0000000020000115                time_slot
 *fill*         0x0000000020000116        0x2 
 .bss.main_flags
                0x0000000020000118        0x6 Code/src/main.o
                0x0000000020000118                main_flags
 .bss.flag_settings_changed
                0x000000002000011e        0x1 Code/src/menu.o
                0x000000002000011e                flag_settings_changed
 .bss.device_id_current_symbol
                0x000000002000011f        0x1 Code/src/menu.o
                0x000000002000011f                device_id_current_symbol
 .bss.point_name_current_symbol
                0x0000000020000120        0x1 Code/src/menu.o
                0x0000000020000120                point_name_current_symbol
 .bss.current_radar_device
                0x0000000020000121        0x1 Code/src/menu.o
                0x0000000020000121                current_radar_device
 .bss.current_device_to_load
                0x0000000020000122        0x1 Code/src/menu.o
                0x0000000020000122                current_device_to_load
 .bss.current_slot_to_save
                0x0000000020000123        0x1 Code/src/menu.o
                0x0000000020000123                current_slot_to_save
 .bss.buf_pos   0x0000000020000124        0x2 Code/src/ssd1306.o
                0x0000000020000124                buf_pos
 .bss.beep_mute
                0x0000000020000126        0x1 Code/src/timer.o
                0x0000000020000126                beep_mute
 *(COMMON)
 *fill*         0x0000000020000127        0x1 
 COMMON         0x0000000020000128        0x4 Code/src/adc.o
                0x0000000020000128                bat_voltage
 *fill*         0x000000002000012c        0x4 
 COMMON         0x0000000020000130      0x4c5 Code/src/gps.o
                0x0000000020000130                tmp_float
                0x0000000020000138                gps_num
                0x0000000020000178                tmp_char
                0x0000000020000188                nmea_data
                0x0000000020000588                gps_raw
                0x00000000200005f4                tmp_uint8
 *fill*         0x00000000200005f5        0x3 
 COMMON         0x00000000200005f8      0x1d4 Code/src/lrns.o
                0x00000000200005f8                p_dev_aux
                0x0000000020000614                p_gps_num
                0x0000000020000618                p_air_packet_rx
                0x000000002000061c                p_settings
                0x0000000020000620                dev_aux
                0x00000000200006c8                p_gps_rel
                0x00000000200006e4                p_gps_air
                0x0000000020000700                gps_rel
                0x0000000020000738                device_number
                0x000000002000073c                p_air_packet_tx
                0x0000000020000740                gps_air
 COMMON         0x00000000200007cc        0x4 Code/src/main.o
                0x00000000200007cc                p_send_interval_values
 COMMON         0x00000000200007d0       0x70 Code/src/menu.o
                0x00000000200007d0                pp_gps_rel
                0x00000000200007d4                pp_memory_slot
                0x00000000200007d8                radar_list
                0x00000000200007e0                settings_copy
                0x00000000200007ec                device_to_load_list
                0x00000000200007f4                tmpf
                0x00000000200007f8                tmpi16
                0x00000000200007fa                current_menu
                0x00000000200007fc                point_to_save_list
                0x0000000020000804                pp_gps_air
                0x0000000020000808                p_gps_raw
                0x000000002000080c                p_get_tx_power_values
                0x0000000020000810                buf
                0x0000000020000828                point_to_save_name
                0x0000000020000830                radar_list_hide
                0x0000000020000838                tmpui32
                0x000000002000083c                pp_dev_aux
 COMMON         0x0000000020000840       0x9e Code/src/points.o
                0x0000000020000840                point_buffer
                0x0000000020000860                p_memory_slot
                0x0000000020000878                memory_slot
 *fill*         0x00000000200008de        0x2 
 COMMON         0x00000000200008e0       0x2c Code/src/settings.o
                0x00000000200008e0                settings
                0x00000000200008ec                settings_array
 COMMON         0x000000002000090c       0x25 Code/src/si4463.o
                0x000000002000090c                air_packet_rx
                0x0000000020000920                air_packet_tx
 *fill*         0x0000000020000931        0x3 
 COMMON         0x0000000020000934      0x400 Code/src/ssd1306.o
                0x0000000020000934                screen_buf
 COMMON         0x0000000020000d34      0x404 Code/src/uart.o
                0x0000000020000d34                backup_buf
                0x0000000020000d38                uart_buffer
                0x0000000020001138                . = ALIGN (0x4)
                0x0000000020001138                _ebss = .
                0x0000000020001138                __bss_end__ = _ebss

._user_heap_stack
                0x0000000020001138      0x600 load address 0x000000000800e888
                0x0000000020001138                . = ALIGN (0x8)
                [!provide]                        PROVIDE (end = .)
                [!provide]                        PROVIDE (_end = .)
                0x0000000020001338                . = (. + _Min_Heap_Size)
 *fill*         0x0000000020001138      0x200 
                0x0000000020001738                . = (. + _Min_Stack_Size)
 *fill*         0x0000000020001338      0x400 
                0x0000000020001738                . = ALIGN (0x8)

/DISCARD/
 libc.a(*)
 libm.a(*)
 libgcc.a(*)

.ARM.attributes
                0x0000000000000000       0x29
 *(.ARM.attributes)
 .ARM.attributes
                0x0000000000000000       0x1d c:/st/stm32cubeide_1.5.0/stm32cubeide/plugins/com.st.stm32cube.ide.mcu.externaltools.gnu-tools-for-stm32.7-2018-q2-update.win32_1.5.0.202011040924/tools/bin/../lib/gcc/arm-none-eabi/7.3.1/thumb/v7-m/crti.o
 .ARM.attributes
                0x000000000000001d       0x2d c:/st/stm32cubeide_1.5.0/stm32cubeide/plugins/com.st.stm32cube.ide.mcu.externaltools.gnu-tools-for-stm32.7-2018-q2-update.win32_1.5.0.202011040924/tools/bin/../lib/gcc/arm-none-eabi/7.3.1/thumb/v7-m/crtbegin.o
 .ARM.attributes
                0x000000000000004a       0x33 CMSIS/src/system_stm32f10x.o
 .ARM.attributes
                0x000000000000007d       0x33 Code/src/adc.o
 .ARM.attributes
                0x00000000000000b0       0x33 Code/src/buttons.o
 .ARM.attributes
                0x00000000000000e3       0x33 Code/src/gpio.o
 .ARM.attributes
                0x0000000000000116       0x33 Code/src/gps.o
 .ARM.attributes
                0x0000000000000149       0x33 Code/src/i2c.o
 .ARM.attributes
                0x000000000000017c       0x33 Code/src/lrns.o
 .ARM.attributes
                0x00000000000001af       0x33 Code/src/m24c64.o
 .ARM.attributes
                0x00000000000001e2       0x33 Code/src/main.o
 .ARM.attributes
                0x0000000000000215       0x33 Code/src/menu.o
 .ARM.attributes
                0x0000000000000248       0x33 Code/src/points.o
 .ARM.attributes
                0x000000000000027b       0x33 Code/src/service.o
 .ARM.attributes
                0x00000000000002ae       0x33 Code/src/settings.o
 .ARM.attributes
                0x00000000000002e1       0x33 Code/src/si4463.o
 .ARM.attributes
                0x0000000000000314       0x33 Code/src/spi.o
 .ARM.attributes
                0x0000000000000347       0x33 Code/src/ssd1306.o
 .ARM.attributes
                0x000000000000037a       0x33 Code/src/ssd1306_bitmaps.o
 .ARM.attributes
                0x00000000000003ad       0x33 Code/src/timer.o
 .ARM.attributes
                0x00000000000003e0       0x33 Code/src/uart.o
 .ARM.attributes
                0x0000000000000413       0x21 Startup/startup_stm32f103c8tx.o
 .ARM.attributes
                0x0000000000000434       0x2d c:/st/stm32cubeide_1.5.0/stm32cubeide/plugins/com.st.stm32cube.ide.mcu.externaltools.gnu-tools-for-stm32.7-2018-q2-update.win32_1.5.0.202011040924/tools/bin/../lib/gcc/arm-none-eabi/7.3.1/../../../../arm-none-eabi/lib/thumb/v7-m\libc_nano.a(lib_a-impure.o)
 .ARM.attributes
                0x0000000000000461       0x2d c:/st/stm32cubeide_1.5.0/stm32cubeide/plugins/com.st.stm32cube.ide.mcu.externaltools.gnu-tools-for-stm32.7-2018-q2-update.win32_1.5.0.202011040924/tools/bin/../lib/gcc/arm-none-eabi/7.3.1/../../../../arm-none-eabi/lib/thumb/v7-m\libc_nano.a(lib_a-init.o)
 .ARM.attributes
                0x000000000000048e       0x2d c:/st/stm32cubeide_1.5.0/stm32cubeide/plugins/com.st.stm32cube.ide.mcu.externaltools.gnu-tools-for-stm32.7-2018-q2-update.win32_1.5.0.202011040924/tools/bin/../lib/gcc/arm-none-eabi/7.3.1/../../../../arm-none-eabi/lib/thumb/v7-m\libc_nano.a(lib_a-memcpy-stub.o)
 .ARM.attributes
                0x00000000000004bb       0x2d c:/st/stm32cubeide_1.5.0/stm32cubeide/plugins/com.st.stm32cube.ide.mcu.externaltools.gnu-tools-for-stm32.7-2018-q2-update.win32_1.5.0.202011040924/tools/bin/../lib/gcc/arm-none-eabi/7.3.1/../../../../arm-none-eabi/lib/thumb/v7-m\libc_nano.a(lib_a-memset.o)
 .ARM.attributes
                0x00000000000004e8       0x2d c:/st/stm32cubeide_1.5.0/stm32cubeide/plugins/com.st.stm32cube.ide.mcu.externaltools.gnu-tools-for-stm32.7-2018-q2-update.win32_1.5.0.202011040924/tools/bin/../lib/gcc/arm-none-eabi/7.3.1/../../../../arm-none-eabi/lib/thumb/v7-m\libm.a(lib_a-s_atan.o)
 .ARM.attributes
                0x0000000000000515       0x2d c:/st/stm32cubeide_1.5.0/stm32cubeide/plugins/com.st.stm32cube.ide.mcu.externaltools.gnu-tools-for-stm32.7-2018-q2-update.win32_1.5.0.202011040924/tools/bin/../lib/gcc/arm-none-eabi/7.3.1/../../../../arm-none-eabi/lib/thumb/v7-m\libm.a(lib_a-s_cos.o)
 .ARM.attributes
                0x0000000000000542       0x2d c:/st/stm32cubeide_1.5.0/stm32cubeide/plugins/com.st.stm32cube.ide.mcu.externaltools.gnu-tools-for-stm32.7-2018-q2-update.win32_1.5.0.202011040924/tools/bin/../lib/gcc/arm-none-eabi/7.3.1/../../../../arm-none-eabi/lib/thumb/v7-m\libm.a(lib_a-s_fabs.o)
 .ARM.attributes
                0x000000000000056f       0x2d c:/st/stm32cubeide_1.5.0/stm32cubeide/plugins/com.st.stm32cube.ide.mcu.externaltools.gnu-tools-for-stm32.7-2018-q2-update.win32_1.5.0.202011040924/tools/bin/../lib/gcc/arm-none-eabi/7.3.1/../../../../arm-none-eabi/lib/thumb/v7-m\libm.a(lib_a-s_sin.o)
 .ARM.attributes