Archive member included to satisfy reference by file (symbol)

c:/st/stm32cubeide_1.5.0/stm32cubeide/plugins/com.st.stm32cube.ide.mcu.externaltools.gnu-tools-for-stm32.7-2018-q2-update.win32_1.5.0.202011040924/tools/bin/../lib/gcc/arm-none-eabi/7.3.1/../../../../arm-none-eabi/lib/thumb/v7-m\libc_nano.a(lib_a-exit.o)
                              c:/st/stm32cubeide_1.5.0/stm32cubeide/plugins/com.st.stm32cube.ide.mcu.externaltools.gnu-tools-for-stm32.7-2018-q2-update.win32_1.5.0.202011040924/tools/bin/../lib/gcc/arm-none-eabi/7.3.1/../../../../arm-none-eabi/lib/thumb/v7-m/crt0.o (exit)
c:/st/stm32cubeide_1.5.0/stm32cubeide/plugins/com.st.stm32cube.ide.mcu.externaltools.gnu-tools-for-stm32.7-2018-q2-update.win32_1.5.0.202011040924/tools/bin/../lib/gcc/arm-none-eabi/7.3.1/../../../../arm-none-eabi/lib/thumb/v7-m\libc_nano.a(lib_a-impure.o)
                              c:/st/stm32cubeide_1.5.0/stm32cubeide/plugins/com.st.stm32cube.ide.mcu.externaltools.gnu-tools-for-stm32.7-2018-q2-update.win32_1.5.0.202011040924/tools/bin/../lib/gcc/arm-none-eabi/7.3.1/../../../../arm-none-eabi/lib/thumb/v7-m\libc_nano.a(lib_a-exit.o) (_global_impure_ptr)
c:/st/stm32cubeide_1.5.0/stm32cubeide/plugins/com.st.stm32cube.ide.mcu.externaltools.gnu-tools-for-stm32.7-2018-q2-update.win32_1.5.0.202011040924/tools/bin/../lib/gcc/arm-none-eabi/7.3.1/../../../../arm-none-eabi/lib/thumb/v7-m\libc_nano.a(lib_a-init.o)
                              c:/st/stm32cubeide_1.5.0/stm32cubeide/plugins/com.st.stm32cube.ide.mcu.externaltools.gnu-tools-for-stm32.7-2018-q2-update.win32_1.5.0.202011040924/tools/bin/../lib/gcc/arm-none-eabi/7.3.1/../../../../arm-none-eabi/lib/thumb/v7-m/crt0.o (__libc_init_array)
c:/st/stm32cubeide_1.5.0/stm32cubeide/plugins/com.st.stm32cube.ide.mcu.externaltools.gnu-tools-for-stm32.7-2018-q2-update.win32_1.5.0.202011040924/tools/bin/../lib/gcc/arm-none-eabi/7.3.1/../../../../arm-none-eabi/lib/thumb/v7-m\libc_nano.a(lib_a-memcpy-stub.o)
                              Code/src/si4463.o (memcpy)
c:/st/stm32cubeide_1.5.0/stm32cubeide/plugins/com.st.stm32cube.ide.mcu.externaltools.gnu-tools-for-stm32.7-2018-q2-update.win32_1.5.0.202011040924/tools/bin/../lib/gcc/arm-none-eabi/7.3.1/../../../../arm-none-eabi/lib/thumb/v7-m\libc_nano.a(lib_a-memset.o)
                              c:/st/stm32cubeide_1.5.0/stm32cubeide/plugins/com.st.stm32cube.ide.mcu.externaltools.gnu-tools-for-stm32.7-2018-q2-update.win32_1.5.0.202011040924/tools/bin/../lib/gcc/arm-none-eabi/7.3.1/../../../../arm-none-eabi/lib/thumb/v7-m/crt0.o (memset)
c:/st/stm32cubeide_1.5.0/stm32cubeide/plugins/com.st.stm32cube.ide.mcu.externaltools.gnu-tools-for-stm32.7-2018-q2-update.win32_1.5.0.202011040924/tools/bin/../lib/gcc/arm-none-eabi/7.3.1/../../../../arm-none-eabi/lib/thumb/v7-m\libm.a(lib_a-s_atan.o)
                              Code/src/lrns.o (atan)
c:/st/stm32cubeide_1.5.0/stm32cubeide/plugins/com.st.stm32cube.ide.mcu.externaltools.gnu-tools-for-stm32.7-2018-q2-update.win32_1.5.0.202011040924/tools/bin/../lib/gcc/arm-none-eabi/7.3.1/../../../../arm-none-eabi/lib/thumb/v7-m\libm.a(lib_a-s_cos.o)
                              Code/src/lrns.o (cos)
c:/st/stm32cubeide_1.5.0/stm32cubeide/plugins/com.st.stm32cube.ide.mcu.externaltools.gnu-tools-for-stm32.7-2018-q2-update.win32_1.5.0.202011040924/tools/bin/../lib/gcc/arm-none-eabi/7.3.1/../../../../arm-none-eabi/lib/thumb/v7-m\libm.a(lib_a-s_fabs.o)
                              c:/st/stm32cubeide_1.5.0/stm32cubeide/plugins/com.st.stm32cube.ide.mcu.externaltools.gnu-tools-for-stm32.7-2018-q2-update.win32_1.5.0.202011040924/tools/bin/../lib/gcc/arm-none-eabi/7.3.1/../../../../arm-none-eabi/lib/thumb/v7-m\libm.a(lib_a-s_atan.o) (fabs)
c:/st/stm32cubeide_1.5.0/stm32cubeide/plugins/com.st.stm32cube.ide.mcu.externaltools.gnu-tools-for-stm32.7-2018-q2-update.win32_1.5.0.202011040924/tools/bin/../lib/gcc/arm-none-eabi/7.3.1/../../../../arm-none-eabi/lib/thumb/v7-m\libm.a(lib_a-s_sin.o)
                              Code/src/lrns.o (sin)
c:/st/stm32cubeide_1.5.0/stm32cubeide/plugins/com.st.stm32cube.ide.mcu.externaltools.gnu-tools-for-stm32.7-2018-q2-update.win32_1.5.0.202011040924/tools/bin/../lib/gcc/arm-none-eabi/7.3.1/../../../../arm-none-eabi/lib/thumb/v7-m\libm.a(lib_a-s_tan.o)
                              Code/src/lrns.o (tan)
c:/st/stm32cubeide_1.5.0/stm32cubeide/plugins/com.st.stm32cube.ide.mcu.externaltools.gnu-tools-for-stm32.7-2018-q2-update.win32_1.5.0.202011040924/tools/bin/../lib/gcc/arm-none-eabi/7.3.1/../../../../arm-none-eabi/lib/thumb/v7-m\libm.a(lib_a-w_asin.o)
                              Code/src/lrns.o (asin)
c:/st/stm32cubeide_1.5.0/stm32cubeide/plugins/com.st.stm32cube.ide.mcu.externaltools.gnu-tools-for-stm32.7-2018-q2-update.win32_1.5.0.202011040924/tools/bin/../lib/gcc/arm-none-eabi/7.3.1/../../../../arm-none-eabi/lib/thumb/v7-m\libm.a(lib_a-w_log.o)
                              Code/src/lrns.o (log)
[...]
Memory Configuration

Name             Origin             Length             Attributes
RAM              0x0000000020000000 0x0000000000005000 xrw
FLASH            0x0000000008000000 0x0000000000010000 xr
*default*        0x0000000000000000 0xffffffffffffffff

Linker script and memory map

LOAD c:/st/stm32cubeide_1.5.0/stm32cubeide/plugins/com.st.stm32cube.ide.mcu.externaltools.gnu-tools-for-stm32.7-2018-q2-update.win32_1.5.0.202011040924/tools/bin/../lib/gcc/arm-none-eabi/7.3.1/thumb/v7-m/crti.o
LOAD c:/st/stm32cubeide_1.5.0/stm32cubeide/plugins/com.st.stm32cube.ide.mcu.externaltools.gnu-tools-for-stm32.7-2018-q2-update.win32_1.5.0.202011040924/tools/bin/../lib/gcc/arm-none-eabi/7.3.1/thumb/v7-m/crtbegin.o
LOAD c:/st/stm32cubeide_1.5.0/stm32cubeide/plugins/com.st.stm32cube.ide.mcu.externaltools.gnu-tools-for-stm32.7-2018-q2-update.win32_1.5.0.202011040924/tools/bin/../lib/gcc/arm-none-eabi/7.3.1/../../../../arm-none-eabi/lib/thumb/v7-m/crt0.o
LOAD CMSIS/src/core_cm3.o
LOAD CMSIS/src/system_stm32f10x.o
LOAD Code/src/adc.o
LOAD Code/src/buttons.o
LOAD Code/src/gpio.o
LOAD Code/src/gps.o
LOAD Code/src/i2c.o
LOAD Code/src/lrns.o
LOAD Code/src/m24c64.o
LOAD Code/src/main.o
LOAD Code/src/menu.o
LOAD Code/src/points.o
LOAD Code/src/service.o
LOAD Code/src/settings.o
LOAD Code/src/si4463.o
LOAD Code/src/spi.o
LOAD Code/src/ssd1306.o
LOAD Code/src/ssd1306_bitmaps.o
LOAD Code/src/timer.o
LOAD Code/src/uart.o
LOAD Startup/startup_stm32f103c8tx.o
START GROUP
LOAD c:/st/stm32cubeide_1.5.0/stm32cubeide/plugins/com.st.stm32cube.ide.mcu.externaltools.gnu-tools-for-stm32.7-2018-q2-update.win32_1.5.0.202011040924/tools/bin/../lib/gcc/arm-none-eabi/7.3.1/../../../../arm-none-eabi/lib/thumb/v7-m\libc_nano.a
LOAD c:/st/stm32cubeide_1.5.0/stm32cubeide/plugins/com.st.stm32cube.ide.mcu.externaltools.gnu-tools-for-stm32.7-2018-q2-update.win32_1.5.0.202011040924/tools/bin/../lib/gcc/arm-none-eabi/7.3.1/../../../../arm-none-eabi/lib/thumb/v7-m\libm.a
END GROUP
START GROUP
LOAD c:/st/stm32cubeide_1.5.0/stm32cubeide/plugins/com.st.stm32cube.ide.mcu.externaltools.gnu-tools-for-stm32.7-2018-q2-update.win32_1.5.0.202011040924/tools/bin/../lib/gcc/arm-none-eabi/7.3.1/thumb/v7-m\libgcc.a
LOAD c:/st/stm32cubeide_1.5.0/stm32cubeide/plugins/com.st.stm32cube.ide.mcu.externaltools.gnu-tools-for-stm32.7-2018-q2-update.win32_1.5.0.202011040924/tools/bin/../lib/gcc/arm-none-eabi/7.3.1/../../../../arm-none-eabi/lib/thumb/v7-m\libc_nano.a
END GROUP
START GROUP
LOAD c:/st/stm32cubeide_1.5.0/stm32cubeide/plugins/com.st.stm32cube.ide.mcu.externaltools.gnu-tools-for-stm32.7-2018-q2-update.win32_1.5.0.202011040924/tools/bin/../lib/gcc/arm-none-eabi/7.3.1/thumb/v7-m\libgcc.a
LOAD c:/st/stm32cubeide_1.5.0/stm32cubeide/plugins/com.st.stm32cube.ide.mcu.externaltools.gnu-tools-for-stm32.7-2018-q2-update.win32_1.5.0.202011040924/tools/bin/../lib/gcc/arm-none-eabi/7.3.1/../../../../arm-none-eabi/lib/thumb/v7-m\libc_nano.a
LOAD c:/st/stm32cubeide_1.5.0/stm32cubeide/plugins/com.st.stm32cube.ide.mcu.externaltools.gnu-tools-for-stm32.7-2018-q2-update.win32_1.5.0.202011040924/tools/bin/../lib/gcc/arm-none-eabi/7.3.1/../../../../arm-none-eabi/lib/thumb/v7-m\libnosys.a
END GROUP
START GROUP
LOAD c:/st/stm32cubeide_1.5.0/stm32cubeide/plugins/com.st.stm32cube.ide.mcu.externaltools.gnu-tools-for-stm32.7-2018-q2-update.win32_1.5.0.202011040924/tools/bin/../lib/gcc/arm-none-eabi/7.3.1/thumb/v7-m\libgcc.a
LOAD c:/st/stm32cubeide_1.5.0/stm32cubeide/plugins/com.st.stm32cube.ide.mcu.externaltools.gnu-tools-for-stm32.7-2018-q2-update.win32_1.5.0.202011040924/tools/bin/../lib/gcc/arm-none-eabi/7.3.1/../../../../arm-none-eabi/lib/thumb/v7-m\libc_nano.a
LOAD c:/st/stm32cubeide_1.5.0/stm32cubeide/plugins/com.st.stm32cube.ide.mcu.externaltools.gnu-tools-for-stm32.7-2018-q2-update.win32_1.5.0.202011040924/tools/bin/../lib/gcc/arm-none-eabi/7.3.1/../../../../arm-none-eabi/lib/thumb/v7-m\libnosys.a
END GROUP
LOAD c:/st/stm32cubeide_1.5.0/stm32cubeide/plugins/com.st.stm32cube.ide.mcu.externaltools.gnu-tools-for-stm32.7-2018-q2-update.win32_1.5.0.202011040924/tools/bin/../lib/gcc/arm-none-eabi/7.3.1/thumb/v7-m/crtend.o
LOAD c:/st/stm32cubeide_1.5.0/stm32cubeide/plugins/com.st.stm32cube.ide.mcu.externaltools.gnu-tools-for-stm32.7-2018-q2-update.win32_1.5.0.202011040924/tools/bin/../lib/gcc/arm-none-eabi/7.3.1/thumb/v7-m/crtn.o
                0x0000000020005000                _estack = (ORIGIN (RAM) + LENGTH (RAM))
                0x0000000000000200                _Min_Heap_Size = 0x200
                0x0000000000000400                _Min_Stack_Size = 0x400

.isr_vector     0x0000000008000000      0x130
                0x0000000008000000                . = ALIGN (0x4)
 *(.isr_vector)
 .isr_vector    0x0000000008000000      0x130 Startup/startup_stm32f103c8tx.o
                0x0000000008000000                g_pfnVectors
                0x0000000008000130                . = ALIGN (0x4)

.text           0x0000000008000130     0xce04
                0x0000000008000130                . = ALIGN (0x4)
 *(.text)
 .text          0x0000000008000130       0x40 c:/st/stm32cubeide_1.5.0/stm32cubeide/plugins/com.st.stm32cube.ide.mcu.externaltools.gnu-tools-for-stm32.7-2018-q2-update.win32_1.5.0.202011040924/tools/bin/../lib/gcc/arm-none-eabi/7.3.1/thumb/v7-m/crtbegin.o
 .text          0x0000000008000170      0x378 c:/st/stm32cubeide_1.5.0/stm32cubeide/plugins/com.st.stm32cube.ide.mcu.externaltools.gnu-tools-for-stm32.7-2018-q2-update.win32_1.5.0.202011040924/tools/bin/../lib/gcc/arm-none-eabi/7.3.1/thumb/v7-m\libgcc.a(_arm_addsubdf3.o)
                0x0000000008000170                __aeabi_drsub
                0x0000000008000178                __aeabi_dsub
                0x0000000008000178                __subdf3
                0x000000000800017c                __aeabi_dadd
                0x000000000800017c                __adddf3
                0x00000000080003f4                __floatunsidf
                0x00000000080003f4                __aeabi_ui2d
                0x0000000008000414                __floatsidf
                0x0000000008000414                __aeabi_i2d
                0x0000000008000438                __aeabi_f2d
                0x0000000008000438                __extendsfdf2
                0x000000000800047c                __floatundidf
                0x000000000800047c                __aeabi_ul2d
                0x000000000800048c                __floatdidf
                0x000000000800048c                __aeabi_l2d
 .text          0x00000000080004e8      0x424 c:/st/stm32cubeide_1.5.0/stm32cubeide/plugins/com.st.stm32cube.ide.mcu.externaltools.gnu-tools-for-stm32.7-2018-q2-update.win32_1.5.0.202011040924/tools/bin/../lib/gcc/arm-none-eabi/7.3.1/thumb/v7-m\libgcc.a(_arm_muldivdf3.o)
                0x00000000080004e8                __aeabi_dmul
                0x00000000080004e8                __muldf3
                0x000000000800073c                __divdf3
                0x000000000800073c                __aeabi_ddiv
 .text          0x000000000800090c      0x110 c:/st/stm32cubeide_1.5.0/stm32cubeide/plugins/com.st.stm32cube.ide.mcu.externaltools.gnu-tools-for-stm32.7-2018-q2-update.win32_1.5.0.202011040924/tools/bin/../lib/gcc/arm-none-eabi/7.3.1/thumb/v7-m\libgcc.a(_arm_cmpdf2.o)
                0x000000000800090c                __gtdf2
                0x000000000800090c                __gedf2
                0x0000000008000914                __ltdf2
                0x0000000008000914                __ledf2
                0x000000000800091c                __nedf2
                0x000000000800091c                __eqdf2
                0x000000000800091c                __cmpdf2
                0x0000000008000998                __aeabi_cdrcmple
                0x00000000080009a8                __aeabi_cdcmpeq
                0x00000000080009a8                __aeabi_cdcmple
                0x00000000080009b8                __aeabi_dcmpeq
                0x00000000080009cc                __aeabi_dcmplt
                0x00000000080009e0                __aeabi_dcmple
                0x00000000080009f4                __aeabi_dcmpge
                0x0000000008000a08                __aeabi_dcmpgt
 .text          0x0000000008000a1c       0x2c c:/st/stm32cubeide_1.5.0/stm32cubeide/plugins/com.st.stm32cube.ide.mcu.externaltools.gnu-tools-for-stm32.7-2018-q2-update.win32_1.5.0.202011040924/tools/bin/../lib/gcc/arm-none-eabi/7.3.1/thumb/v7-m\libgcc.a(_arm_unorddf2.o)
                0x0000000008000a1c                __unorddf2
                0x0000000008000a1c                __aeabi_dcmpun
 .text          0x0000000008000a48       0x50 c:/st/stm32cubeide_1.5.0/stm32cubeide/plugins/com.st.stm32cube.ide.mcu.externaltools.gnu-tools-for-stm32.7-2018-q2-update.win32_1.5.0.202011040924/tools/bin/../lib/gcc/arm-none-eabi/7.3.1/thumb/v7-m\libgcc.a(_arm_fixdfsi.o)
                0x0000000008000a48                __aeabi_d2iz
                0x0000000008000a48                __fixdfsi
 .text          0x0000000008000a98       0x40 c:/st/stm32cubeide_1.5.0/stm32cubeide/plugins/com.st.stm32cube.ide.mcu.externaltools.gnu-tools-for-stm32.7-2018-q2-update.win32_1.5.0.202011040924/tools/bin/../lib/gcc/arm-none-eabi/7.3.1/thumb/v7-m\libgcc.a(_arm_fixunsdfsi.o)
                0x0000000008000a98                __aeabi_d2uiz
                0x0000000008000a98                __fixunsdfsi
 .text          0x0000000008000ad8       0xa0 c:/st/stm32cubeide_1.5.0/stm32cubeide/plugins/com.st.stm32cube.ide.mcu.externaltools.gnu-tools-for-stm32.7-2018-q2-update.win32_1.5.0.202011040924/tools/bin/../lib/gcc/arm-none-eabi/7.3.1/thumb/v7-m\libgcc.a(_arm_truncdfsf2.o)
                0x0000000008000ad8                __truncdfsf2
                0x0000000008000ad8                __aeabi_d2f
 .text          0x0000000008000b78      0x21c c:/st/stm32cubeide_1.5.0/stm32cubeide/plugins/com.st.stm32cube.ide.mcu.externaltools.gnu-tools-for-stm32.7-2018-q2-update.win32_1.5.0.202011040924/tools/bin/../lib/gcc/arm-none-eabi/7.3.1/thumb/v7-m\libgcc.a(_arm_addsubsf3.o)
                0x0000000008000b78                __aeabi_frsub
                0x0000000008000b80                __subsf3
                0x0000000008000b80                __aeabi_fsub
                0x0000000008000b84                __aeabi_fadd
                0x0000000008000b84                __addsf3
                0x0000000008000ce4                __aeabi_ui2f
                0x0000000008000ce4                __floatunsisf
                0x0000000008000cec                __aeabi_i2f
                0x0000000008000cec                __floatsisf
                0x0000000008000d08                __aeabi_ul2f
                0x0000000008000d08                __floatundisf
                0x0000000008000d18                __aeabi_l2f
                0x0000000008000d18                __floatdisf
 .text          0x0000000008000d94      0x2a0 c:/st/stm32cubeide_1.5.0/stm32cubeide/plugins/com.st.stm32cube.ide.mcu.externaltools.gnu-tools-for-stm32.7-2018-q2-update.win32_1.5.0.202011040924/tools/bin/../lib/gcc/arm-none-eabi/7.3.1/thumb/v7-m\libgcc.a(_arm_muldivsf3.o)
                0x0000000008000d94                __mulsf3
                0x0000000008000d94                __aeabi_fmul
                0x0000000008000efc                __aeabi_fdiv
                0x0000000008000efc                __divsf3
 .text          0x0000000008001034       0xec c:/st/stm32cubeide_1.5.0/stm32cubeide/plugins/com.st.stm32cube.ide.mcu.externaltools.gnu-tools-for-stm32.7-2018-q2-update.win32_1.5.0.202011040924/tools/bin/../lib/gcc/arm-none-eabi/7.3.1/thumb/v7-m\libgcc.a(_arm_cmpsf2.o)
                0x0000000008001034                __gesf2
                0x0000000008001034                __gtsf2
                0x000000000800103c                __lesf2
                0x000000000800103c                __ltsf2
                0x0000000008001044                __nesf2
                0x0000000008001044                __eqsf2
                0x0000000008001044                __cmpsf2
                0x00000000080010a4                __aeabi_cfrcmple
                0x00000000080010ac                __aeabi_cfcmpeq
                0x00000000080010ac                __aeabi_cfcmple
                0x00000000080010bc                __aeabi_fcmpeq
                0x00000000080010d0                __aeabi_fcmplt
                0x00000000080010e4                __aeabi_fcmple
                0x00000000080010f8                __aeabi_fcmpge
                0x000000000800110c                __aeabi_fcmpgt
 .text          0x0000000008001120       0x4c c:/st/stm32cubeide_1.5.0/stm32cubeide/plugins/com.st.stm32cube.ide.mcu.externaltools.gnu-tools-for-stm32.7-2018-q2-update.win32_1.5.0.202011040924/tools/bin/../lib/gcc/arm-none-eabi/7.3.1/thumb/v7-m\libgcc.a(_arm_fixsfsi.o)
                0x0000000008001120                __aeabi_f2iz
                0x0000000008001120                __fixsfsi
 .text          0x000000000800116c       0x40 c:/st/stm32cubeide_1.5.0/stm32cubeide/plugins/com.st.stm32cube.ide.mcu.externaltools.gnu-tools-for-stm32.7-2018-q2-update.win32_1.5.0.202011040924/tools/bin/../lib/gcc/arm-none-eabi/7.3.1/thumb/v7-m\libgcc.a(_arm_fixunssfsi.o)
                0x000000000800116c                __fixunssfsi
                0x000000000800116c                __aeabi_f2uiz
 *(.text*)
 .text.SystemInit
                0x00000000080011ac       0x68 CMSIS/src/system_stm32f10x.o
                0x00000000080011ac                SystemInit
 .text.SetSysClock
                0x0000000008001214        0xc CMSIS/src/system_stm32f10x.o
 .text.SetSysClockTo24
                0x0000000008001220       0xfc CMSIS/src/system_stm32f10x.o
 .text.NVIC_EnableIRQ
                0x000000000800131c       0x30 Code/src/adc.o
 .text.adc_init
                0x000000000800134c       0xa8 Code/src/adc.o
                0x000000000800134c                adc_init
 .text.adc_clock_disable
                0x00000000080013f4       0x18 Code/src/adc.o
                0x00000000080013f4                adc_clock_disable
 .text.adc_clock_enable
                0x000000000800140c       0x18 Code/src/adc.o
                0x000000000800140c                adc_clock_enable
 .text.adc_start_bat_voltage_reading
                0x0000000008001424       0x28 Code/src/adc.o
                0x0000000008001424                adc_start_bat_voltage_reading
 *fill*         0x000000000800144c        0x4 
 .text.adc_read_bat_voltage_result
                0x0000000008001450      0x114 Code/src/adc.o
                0x0000000008001450                adc_read_bat_voltage_result
 .text.adc_check_bat_voltage
                0x0000000008001564       0x2c Code/src/adc.o
                0x0000000008001564                adc_check_bat_voltage
 .text.get_bat_voltage_value
                0x0000000008001590       0x14 Code/src/adc.o
                0x0000000008001590                get_bat_voltage_value
 .text.scan_buttons
                0x00000000080015a4      0x178 Code/src/buttons.o
                0x00000000080015a4                scan_buttons
 .text.NVIC_EnableIRQ
                0x000000000800171c       0x30 Code/src/gpio.o
 .text.gpio_init
                0x000000000800174c      0x4d4 Code/src/gpio.o
                0x000000000800174c                gpio_init
 .text.ext_int_init
                0x0000000008001c20       0x7c Code/src/gpio.o
                0x0000000008001c20                ext_int_init
 .text.led_red_on
                0x0000000008001c9c       0x18 Code/src/gpio.o
                0x0000000008001c9c                led_red_on
 .text.led_red_off
                0x0000000008001cb4       0x18 Code/src/gpio.o
                0x0000000008001cb4                led_red_off
 .text.led_green_on
                0x0000000008001ccc       0x18 Code/src/gpio.o
                0x0000000008001ccc                led_green_on
 .text.led_green_off
                0x0000000008001ce4       0x18 Code/src/gpio.o
                0x0000000008001ce4                led_green_off
 .text.led_board_off
                0x0000000008001cfc       0x18 Code/src/gpio.o
                0x0000000008001cfc                led_board_off
 .text.sdn_si4463_active
                0x0000000008001d14       0x18 Code/src/gpio.o
                0x0000000008001d14                sdn_si4463_active
 .text.sdn_si4463_inactive
                0x0000000008001d2c       0x18 Code/src/gpio.o
                0x0000000008001d2c                sdn_si4463_inactive
 .text.cs_si4463_active
                0x0000000008001d44       0x18 Code/src/gpio.o
                0x0000000008001d44                cs_si4463_active
 .text.cs_si4463_inactive
                0x0000000008001d5c       0x18 Code/src/gpio.o
                0x0000000008001d5c                cs_si4463_inactive
 .text.res_ssd1306_active
                0x0000000008001d74       0x18 Code/src/gpio.o
                0x0000000008001d74                res_ssd1306_active
 .text.res_ssd1306_inactive
                0x0000000008001d8c       0x18 Code/src/gpio.o
                0x0000000008001d8c                res_ssd1306_inactive
 .text.ssd1306_data_mode
                0x0000000008001da4       0x18 Code/src/gpio.o
                0x0000000008001da4                ssd1306_data_mode
 .text.ssd1306_command_mode
                0x0000000008001dbc       0x18 Code/src/gpio.o
                0x0000000008001dbc                ssd1306_command_mode
 .text.cs_ssd1306_active
                0x0000000008001dd4       0x18 Code/src/gpio.o
                0x0000000008001dd4                cs_ssd1306_active
 .text.cs_ssd1306_inactive
                0x0000000008001dec       0x18 Code/src/gpio.o
                0x0000000008001dec                cs_ssd1306_inactive
 .text.bat_mon_on
                0x0000000008001e04       0x18 Code/src/gpio.o
                0x0000000008001e04                bat_mon_on
 .text.bat_mon_off
                0x0000000008001e1c       0x18 Code/src/gpio.o
                0x0000000008001e1c                bat_mon_off
 .text.parse_gps
                0x0000000008001e34       0x58 Code/src/gps.o
                0x0000000008001e34                parse_gps
 .text.gps_raw_convert_to_numerical
                0x0000000008001e8c      0x340 Code/src/gps.o
                0x0000000008001e8c                gps_raw_convert_to_numerical
 .text.parse_RMC
                0x00000000080021cc      0x1b4 Code/src/gps.o
                0x00000000080021cc                parse_RMC
 .text.parse_GGA
                0x0000000008002380       0xec Code/src/gps.o
                0x0000000008002380                parse_GGA
 .text.parse_GSA
                0x000000000800246c       0xec Code/src/gps.o
                0x000000000800246c                parse_GSA
 .text.parse_GSV
                0x0000000008002558       0xd0 Code/src/gps.o
                0x0000000008002558                parse_GSV
 .text.nmea_checksum
                0x0000000008002628       0xc0 Code/src/gps.o
                0x0000000008002628                nmea_checksum
 .text.get_gps_status
                0x00000000080026e8       0x18 Code/src/gps.o
                0x00000000080026e8                get_gps_status
 .text.get_nmea_buf
                0x0000000008002700       0x14 Code/src/gps.o
                0x0000000008002700                get_nmea_buf
 .text.get_gps_raw
                0x0000000008002714       0x14 Code/src/gps.o
                0x0000000008002714                get_gps_raw
 .text.get_gps_num
                0x0000000008002728       0x14 Code/src/gps.o
                0x0000000008002728                get_gps_num
 .text.i2c_init
                0x000000000800273c       0x70 Code/src/i2c.o
                0x000000000800273c                i2c_init
 .text.i2c_clock_disable
                0x00000000080027ac       0x18 Code/src/i2c.o
                0x00000000080027ac                i2c_clock_disable
 .text.i2c_clock_enable
                0x00000000080027c4       0x18 Code/src/i2c.o
                0x00000000080027c4                i2c_clock_enable
 .text.init_lrns
                0x00000000080027dc       0xec Code/src/lrns.o
                0x00000000080027dc                init_lrns
 .text.set_device_flags
                0x00000000080028c8       0xfc Code/src/lrns.o
                0x00000000080028c8                set_device_flags
 .text.get_device_flags
                0x00000000080029c4       0x88 Code/src/lrns.o
                0x00000000080029c4                get_device_flags
 .text.check_alarms
                0x0000000008002a4c       0x4c Code/src/lrns.o
                0x0000000008002a4c                check_alarms
 .text.calc_timeout
                0x0000000008002a98       0x64 Code/src/lrns.o
                0x0000000008002a98                calc_timeout
 .text.check_timeout
                0x0000000008002afc       0xa4 Code/src/lrns.o
                0x0000000008002afc                check_timeout
 .text.check_fence
                0x0000000008002ba0       0x9c Code/src/lrns.o
                0x0000000008002ba0                check_fence
 .text.process_all_devices
                0x0000000008002c3c       0x40 Code/src/lrns.o
                0x0000000008002c3c                process_all_devices
 .text.gps_air_update_my_data
                0x0000000008002c7c      0x130 Code/src/lrns.o
                0x0000000008002c7c                gps_air_update_my_data
 .text.fill_air_packet_with_struct_data
                0x0000000008002dac      0x214 Code/src/lrns.o
                0x0000000008002dac                fill_air_packet_with_struct_data
 .text.fill_struct_with_air_packet_data
                0x0000000008002fc0      0x1f0 Code/src/lrns.o
                0x0000000008002fc0                fill_struct_with_air_packet_data
 .text.calc_relative_position
                0x00000000080031b0      0x410 Code/src/lrns.o
                0x00000000080031b0                calc_relative_position
 .text.get_gps_air
                0x00000000080035c0       0x44 Code/src/lrns.o
                0x00000000080035c0                get_gps_air
 .text.get_gps_rel
                0x0000000008003604       0x3c Code/src/lrns.o
                0x0000000008003604                get_gps_rel
 .text.get_dev_aux
                0x0000000008003640       0x44 Code/src/lrns.o
                0x0000000008003640                get_dev_aux
 .text.m24c64_poll
                0x0000000008003684       0xe8 Code/src/m24c64.o
                0x0000000008003684                m24c64_poll
 .text.m24c64_read_byte
                0x000000000800376c      0x14c Code/src/m24c64.o
                0x000000000800376c                m24c64_read_byte
 .text.m24c64_read_page
                0x00000000080038b8      0x1a0 Code/src/m24c64.o
                0x00000000080038b8                m24c64_read_page
 .text.m24c64_write_page
                0x0000000008003a58      0x114 Code/src/m24c64.o
                0x0000000008003a58                m24c64_write_page
 .text.m24c64_erase_page
                0x0000000008003b6c       0x4a Code/src/m24c64.o
                0x0000000008003b6c                m24c64_erase_page
 .text.m24c64_erase_all
                0x0000000008003bb6       0x2a Code/src/m24c64.o
                0x0000000008003bb6                m24c64_erase_all
 .text.__enable_irq
                0x0000000008003be0        0xe Code/src/main.o
 .text.__WFI    0x0000000008003bee        0xe Code/src/main.o
 .text.main     0x0000000008003bfc      0x1f8 Code/src/main.o
                0x0000000008003bfc                main
 .text.DMA1_Channel5_IRQHandler
                0x0000000008003df4       0x4c Code/src/main.o
                0x0000000008003df4                DMA1_Channel5_IRQHandler
 .text.EXTI15_10_IRQHandler
                0x0000000008003e40       0xb4 Code/src/main.o
                0x0000000008003e40                EXTI15_10_IRQHandler
 .text.EXTI9_5_IRQHandler
                0x0000000008003ef4       0x20 Code/src/main.o
                0x0000000008003ef4                EXTI9_5_IRQHandler
 .text.TIM1_UP_IRQHandler
                0x0000000008003f14       0x88 Code/src/main.o
                0x0000000008003f14                TIM1_UP_IRQHandler
 .text.SysTick_Handler
                0x0000000008003f9c       0x14 Code/src/main.o
                0x0000000008003f9c                SysTick_Handler
 .text.RTC_IRQHandler
                0x0000000008003fb0       0x38 Code/src/main.o
                0x0000000008003fb0                RTC_IRQHandler
 .text.ADC1_2_IRQHandler
                0x0000000008003fe8       0x18 Code/src/main.o
                0x0000000008003fe8                ADC1_2_IRQHandler
 .text.TIM2_IRQHandler
                0x0000000008004000       0x2c Code/src/main.o
                0x0000000008004000                TIM2_IRQHandler
 .text.get_uptime
                0x000000000800402c       0x14 Code/src/main.o
                0x000000000800402c                get_uptime
 .text.get_main_flags
                0x0000000008004040       0x14 Code/src/main.o
                0x0000000008004040                get_main_flags
 .text.__DSB    0x0000000008004054       0x10 Code/src/menu.o
 .text.NVIC_SystemReset
                0x0000000008004064       0x24 Code/src/menu.o
 .text.init_menu
                0x0000000008004088       0xc8 Code/src/menu.o
                0x0000000008004088                init_menu
 .text.change_menu
                0x0000000008004150       0xe0 Code/src/menu.o
                0x0000000008004150                change_menu
 .text.toggle_alarm
                0x0000000008004230       0x38 Code/src/menu.o
                0x0000000008004230                toggle_alarm
 .text.scroll_up
                0x0000000008004268       0x3e Code/src/menu.o
                0x0000000008004268                scroll_up
 .text.scroll_down
                0x00000000080042a6       0x3e Code/src/menu.o
                0x00000000080042a6                scroll_down
 .text.switch_forward
                0x00000000080042e4       0x80 Code/src/menu.o
                0x00000000080042e4                switch_forward
 .text.switch_backward
                0x0000000008004364       0x58 Code/src/menu.o
                0x0000000008004364                switch_backward
 .text.get_current_item
                0x00000000080043bc       0x60 Code/src/menu.o
                0x00000000080043bc                get_current_item
 .text.get_last_item
                0x000000000800441c       0x60 Code/src/menu.o
                0x000000000800441c                get_last_item
 .text.set_current_item
                0x000000000800447c       0x64 Code/src/menu.o
                0x000000000800447c                set_current_item
 .text.reset_current_item_in_menu
                0x00000000080044e0       0x60 Code/src/menu.o
                0x00000000080044e0                reset_current_item_in_menu
 .text.draw_current_menu
                0x0000000008004540       0x4c Code/src/menu.o
                0x0000000008004540                draw_current_menu
 .text.draw_main
                0x000000000800458c       0xac Code/src/menu.o
                0x000000000800458c                draw_main
 .text.draw_devices
                0x0000000008004638      0x6d8 Code/src/menu.o
                0x0000000008004638                draw_devices
 .text.draw_each_device
                0x0000000008004d10      0xdc4 Code/src/menu.o
                0x0000000008004d10                draw_each_device
 .text.draw_each_device_submenu
                0x0000000008005ad4       0xc0 Code/src/menu.o
                0x0000000008005ad4                draw_each_device_submenu
 .text.draw_delete_device
                0x0000000008005b94       0xd8 Code/src/menu.o
                0x0000000008005b94                draw_delete_device
 .text.delete_device_ok
                0x0000000008005c6c       0x68 Code/src/menu.o
                0x0000000008005c6c                delete_device_ok
 .text.draw_save_device
                0x0000000008005cd4      0x15c Code/src/menu.o
                0x0000000008005cd4                draw_save_device
 .text.draw_save_device_as
                0x0000000008005e30       0x6c Code/src/menu.o
                0x0000000008005e30                draw_save_device_as
 .text.draw_saved_popup
                0x0000000008005e9c       0x20 Code/src/menu.o
                0x0000000008005e9c                draw_saved_popup
 *fill*         0x0000000008005ebc        0x4 
 .text.draw_radar
                0x0000000008005ec0      0x9c0 Code/src/menu.o
                0x0000000008005ec0                draw_radar
 .text.draw_points
                0x0000000008006880      0x188 Code/src/menu.o
                0x0000000008006880                draw_points
 .text.draw_each_point
                0x0000000008006a08       0x78 Code/src/menu.o
                0x0000000008006a08                draw_each_point
 .text.draw_load_point
                0x0000000008006a80      0x10c Code/src/menu.o
                0x0000000008006a80                draw_load_point
 .text.draw_delete_point
                0x0000000008006b8c       0x6c Code/src/menu.o
                0x0000000008006b8c                draw_delete_point
 .text.draw_settings
                0x0000000008006bf8       0x68 Code/src/menu.o
                0x0000000008006bf8                draw_settings
 .text.draw_info
                0x0000000008006c60       0x98 Code/src/menu.o
                0x0000000008006c60                draw_info
 .text.draw_edit_settings
                0x0000000008006cf8      0x1a8 Code/src/menu.o
                0x0000000008006cf8                draw_edit_settings
 .text.draw_set_dev_num
                0x0000000008006ea0       0x60 Code/src/menu.o
                0x0000000008006ea0                draw_set_dev_num
 .text.draw_set_dev_id
                0x0000000008006f00       0x84 Code/src/menu.o
                0x0000000008006f00                draw_set_dev_id
 .text.draw_set_freq_ch
                0x0000000008006f84       0x60 Code/src/menu.o
                0x0000000008006f84                draw_set_freq_ch
 .text.draw_set_tx_pow
                0x0000000008006fe4       0x78 Code/src/menu.o
                0x0000000008006fe4                draw_set_tx_pow
 .text.draw_set_send_intvl
                0x000000000800705c       0x78 Code/src/menu.o
                0x000000000800705c                draw_set_send_intvl
 .text.draw_set_to_thr
                0x00000000080070d4       0x6c Code/src/menu.o
                0x00000000080070d4                draw_set_to_thr
 .text.draw_set_fnc_thr
                0x0000000008007140       0x6c Code/src/menu.o
                0x0000000008007140                draw_set_fnc_thr
 .text.draw_confirm_settings_save
                0x00000000080071ac       0x5c Code/src/menu.o
                0x00000000080071ac                draw_confirm_settings_save
 .text.draw_restore_defaults
                0x0000000008007208       0x40 Code/src/menu.o
                0x0000000008007208                draw_restore_defaults
 .text.draw_erase_all
                0x0000000008007248       0x40 Code/src/menu.o
                0x0000000008007248                draw_erase_all
 .text.devices_ok
                0x0000000008007288       0x38 Code/src/menu.o
                0x0000000008007288                devices_ok
 .text.each_device_up
                0x00000000080072c0       0x44 Code/src/menu.o
                0x00000000080072c0                each_device_up
 .text.each_device_down
                0x0000000008007304       0x44 Code/src/menu.o
                0x0000000008007304                each_device_down
 .text.each_device_ok
                0x0000000008007348       0x18 Code/src/menu.o
                0x0000000008007348                each_device_ok
 .text.save_device_up
                0x0000000008007360       0x4c Code/src/menu.o
                0x0000000008007360                save_device_up
 .text.save_device_down
                0x00000000080073ac       0x4c Code/src/menu.o
                0x00000000080073ac                save_device_down
 .text.save_device_ok
                0x00000000080073f8       0x24 Code/src/menu.o
                0x00000000080073f8                save_device_ok
 .text.save_device_esc
                0x000000000800741c       0x20 Code/src/menu.o
                0x000000000800741c                save_device_esc
 .text.save_device_as_up
                0x000000000800743c       0x40 Code/src/menu.o
                0x000000000800743c                save_device_as_up
 .text.save_device_as_down
                0x000000000800747c       0x40 Code/src/menu.o
                0x000000000800747c                save_device_as_down
 .text.save_device_as_ok
                0x00000000080074bc       0x2c Code/src/menu.o
                0x00000000080074bc                save_device_as_ok
 .text.save_device_as_ok_long
                0x00000000080074e8       0x50 Code/src/menu.o
                0x00000000080074e8                save_device_as_ok_long
 .text.save_device_as_esc
                0x0000000008007538       0x20 Code/src/menu.o
                0x0000000008007538                save_device_as_esc
 .text.saved_popup_esc
                0x0000000008007558       0x3c Code/src/menu.o
                0x0000000008007558                saved_popup_esc
 .text.radar_up
                0x0000000008007594       0x5c Code/src/menu.o
                0x0000000008007594                radar_up
 .text.radar_down
                0x00000000080075f0       0x5c Code/src/menu.o
                0x00000000080075f0                radar_down
 .text.radar_ok
                0x000000000800764c       0x34 Code/src/menu.o
                0x000000000800764c                radar_ok
 .text.points_up
                0x0000000008007680       0x2c Code/src/menu.o
                0x0000000008007680                points_up
 .text.points_down
                0x00000000080076ac       0x2c Code/src/menu.o
                0x00000000080076ac                points_down
 .text.points_ok
                0x00000000080076d8       0x34 Code/src/menu.o
                0x00000000080076d8                points_ok
 .text.points_esc
                0x000000000800770c       0x20 Code/src/menu.o
                0x000000000800770c                points_esc
 .text.load_point_up
                0x000000000800772c       0x5c Code/src/menu.o
                0x000000000800772c                load_point_up
 .text.load_point_down
                0x0000000008007788       0x5c Code/src/menu.o
                0x0000000008007788                load_point_down
 .text.load_point_ok
                0x00000000080077e4       0x44 Code/src/menu.o
                0x00000000080077e4                load_point_ok
 .text.load_point_esc
                0x0000000008007828       0x20 Code/src/menu.o
                0x0000000008007828                load_point_esc
 .text.delete_point_ok
                0x0000000008007848       0x30 Code/src/menu.o
                0x0000000008007848                delete_point_ok
 .text.set_dev_num_up
                0x0000000008007878       0x2c Code/src/menu.o
                0x0000000008007878                set_dev_num_up
 .text.set_dev_num_down
                0x00000000080078a4       0x2c Code/src/menu.o
                0x00000000080078a4                set_dev_num_down
 .text.set_dev_num_ok
                0x00000000080078d0       0x34 Code/src/menu.o
                0x00000000080078d0                set_dev_num_ok
 .text.set_dev_num_esc
                0x0000000008007904       0x28 Code/src/menu.o
                0x0000000008007904                set_dev_num_esc
 .text.confirm_settings_save_ok
                0x000000000800792c       0x18 Code/src/menu.o
                0x000000000800792c                confirm_settings_save_ok
 .text.set_dev_id_up
                0x0000000008007944       0x4c Code/src/menu.o
                0x0000000008007944                set_dev_id_up
 .text.set_dev_id_down
                0x0000000008007990       0x4c Code/src/menu.o
                0x0000000008007990                set_dev_id_down
 .text.set_dev_id_ok
                0x00000000080079dc       0x2c Code/src/menu.o
                0x00000000080079dc                set_dev_id_ok
 .text.set_dev_id_ok_long
                0x0000000008007a08       0x58 Code/src/menu.o
                0x0000000008007a08                set_dev_id_ok_long
 .text.set_dev_id_esc
                0x0000000008007a60       0x54 Code/src/menu.o
                0x0000000008007a60                set_dev_id_esc
 .text.set_freq_ch_up
                0x0000000008007ab4       0x2c Code/src/menu.o
                0x0000000008007ab4                set_freq_ch_up
 .text.set_freq_ch_down
                0x0000000008007ae0       0x2c Code/src/menu.o
                0x0000000008007ae0                set_freq_ch_down
 .text.set_freq_ch_ok
                0x0000000008007b0c       0x38 Code/src/menu.o
                0x0000000008007b0c                set_freq_ch_ok
 .text.set_freq_ch_esc
                0x0000000008007b44       0x28 Code/src/menu.o
                0x0000000008007b44                set_freq_ch_esc
 .text.set_tx_pow_up
                0x0000000008007b6c       0x2c Code/src/menu.o
                0x0000000008007b6c                set_tx_pow_up
 .text.set_tx_pow_down
                0x0000000008007b98       0x2c Code/src/menu.o
                0x0000000008007b98                set_tx_pow_down
 .text.set_tx_pow_ok
                0x0000000008007bc4       0x38 Code/src/menu.o
                0x0000000008007bc4                set_tx_pow_ok
 .text.set_tx_pow_esc
                0x0000000008007bfc       0x28 Code/src/menu.o
                0x0000000008007bfc                set_tx_pow_esc
 .text.set_send_intvl_up
                0x0000000008007c24       0x2c Code/src/menu.o
                0x0000000008007c24                set_send_intvl_up
 .text.set_send_intvl_down
                0x0000000008007c50       0x2c Code/src/menu.o
                0x0000000008007c50                set_send_intvl_down
 .text.set_send_intvl_ok
                0x0000000008007c7c       0x38 Code/src/menu.o
                0x0000000008007c7c                set_send_intvl_ok
 .text.set_send_intvl_esc
                0x0000000008007cb4       0x28 Code/src/menu.o
                0x0000000008007cb4                set_send_intvl_esc
 .text.set_to_thr_up
                0x0000000008007cdc       0x28 Code/src/menu.o
                0x0000000008007cdc                set_to_thr_up
 .text.set_to_thr_down
                0x0000000008007d04       0x24 Code/src/menu.o
                0x0000000008007d04                set_to_thr_down
 .text.set_to_thr_ok
                0x0000000008007d28       0x38 Code/src/menu.o
                0x0000000008007d28                set_to_thr_ok
 .text.set_to_thr_esc
                0x0000000008007d60       0x28 Code/src/menu.o
                0x0000000008007d60                set_to_thr_esc
 .text.set_fnc_thr_up
                0x0000000008007d88       0x28 Code/src/menu.o
                0x0000000008007d88                set_fnc_thr_up
 .text.set_fnc_thr_down
                0x0000000008007db0       0x24 Code/src/menu.o
                0x0000000008007db0                set_fnc_thr_down
 .text.set_fnc_thr_ok
                0x0000000008007dd4       0x38 Code/src/menu.o
                0x0000000008007dd4                set_fnc_thr_ok
 .text.set_fnc_thr_esc
                0x0000000008007e0c       0x28 Code/src/menu.o
                0x0000000008007e0c                set_fnc_thr_esc
 .text.confirm_settings_save_esc
                0x0000000008007e34       0x3c Code/src/menu.o
                0x0000000008007e34                confirm_settings_save_esc
 .text.restore_defaults_ok
                0x0000000008007e70       0x10 Code/src/menu.o
                0x0000000008007e70                restore_defaults_ok
 .text.erase_all_ok
                0x0000000008007e80       0x28 Code/src/menu.o
                0x0000000008007e80                erase_all_ok
 .text.get_memory_slot
                0x0000000008007ea8       0x40 Code/src/points.o
                0x0000000008007ea8                get_memory_slot
 .text.init_points
                0x0000000008007ee8       0x9c Code/src/points.o
                0x0000000008007ee8                init_points
 .text.read_memory_slots
                0x0000000008007f84      0x168 Code/src/points.o
                0x0000000008007f84                read_memory_slots
 .text.save_memory_point
                0x00000000080080ec      0x158 Code/src/points.o
                0x00000000080080ec                save_memory_point
 .text.load_memory_point
                0x0000000008008244      0x1c0 Code/src/points.o
                0x0000000008008244                load_memory_point
 .text.delete_memory_point
                0x0000000008008404       0x24 Code/src/points.o
                0x0000000008008404                delete_memory_point
 .text.clear_point_buffer
                0x0000000008008428       0x30 Code/src/points.o
                0x0000000008008428                clear_point_buffer
 .text.convert_timeout
                0x0000000008008458      0x258 Code/src/service.o
                0x0000000008008458                convert_timeout
 .text.delay_cyc
                0x00000000080086b0       0x20 Code/src/service.o
                0x00000000080086b0                delay_cyc
 .text.atof32   0x00000000080086d0      0x130 Code/src/service.o
                0x00000000080086d0                atof32
 .text.ftoa32   0x0000000008008800      0x210 Code/src/service.o
                0x0000000008008800                ftoa32
 .text.atoi32   0x0000000008008a10       0x8e Code/src/service.o
                0x0000000008008a10                atoi32
 *fill*         0x0000000008008a9e        0x2 
 .text.itoa32   0x0000000008008aa0       0xf8 Code/src/service.o
                0x0000000008008aa0                itoa32
 .text.get_send_interval_values
                0x0000000008008b98       0x14 Code/src/settings.o
                0x0000000008008b98                get_send_interval_values
 .text.get_tx_power_values
                0x0000000008008bac       0x14 Code/src/settings.o
                0x0000000008008bac                get_tx_power_values
 .text.get_settings
                0x0000000008008bc0       0x14 Code/src/settings.o
                0x0000000008008bc0                get_settings
 .text.settings_load
                0x0000000008008bd4       0x84 Code/src/settings.o
                0x0000000008008bd4                settings_load
 .text.settings_save_default
                0x0000000008008c58       0x78 Code/src/settings.o
                0x0000000008008c58                settings_save_default
 .text.settings_save
                0x0000000008008cd0       0x8c Code/src/settings.o
                0x0000000008008cd0                settings_save
 .text.si4463_init
                0x0000000008008d5c       0xe4 Code/src/si4463.o
                0x0000000008008d5c                si4463_init
 .text.si4463_standby
                0x0000000008008e40       0x20 Code/src/si4463.o
                0x0000000008008e40                si4463_standby
 .text.si4463_wait_cts
                0x0000000008008e60       0x20 Code/src/si4463.o
                0x0000000008008e60                si4463_wait_cts
 .text.si4463_set_packet_len
                0x0000000008008e80       0x44 Code/src/si4463.o
                0x0000000008008e80                si4463_set_packet_len
 .text.si4463_set_tx_power
                0x0000000008008ec4       0x3e Code/src/si4463.o
                0x0000000008008ec4                si4463_set_tx_power
 *fill*         0x0000000008008f02        0x2 
 .text.si4463_tx_packet
                0x0000000008008f04       0x98 Code/src/si4463.o
                0x0000000008008f04                si4463_tx_packet
 .text.si4463_start_rx
                0x0000000008008f9c       0x58 Code/src/si4463.o
                0x0000000008008f9c                si4463_start_rx
 .text.si4463_get_rx_packet
                0x0000000008008ff4       0xe4 Code/src/si4463.o
                0x0000000008008ff4                si4463_get_rx_packet
 .text.get_air_packet_tx
                0x00000000080090d8       0x14 Code/src/si4463.o
                0x00000000080090d8                get_air_packet_tx
 .text.get_air_packet_rx
                0x00000000080090ec       0x14 Code/src/si4463.o
                0x00000000080090ec                get_air_packet_rx
 .text.spi1_init
                0x0000000008009100       0xb8 Code/src/spi.o
                0x0000000008009100                spi1_init
 .text.spi1_clock_disable
                0x00000000080091b8       0x18 Code/src/spi.o
                0x00000000080091b8                spi1_clock_disable
 .text.spi1_clock_enable
                0x00000000080091d0       0x18 Code/src/spi.o
                0x00000000080091d0                spi1_clock_enable
 .text.spi2_init
                0x00000000080091e8       0x90 Code/src/spi.o
                0x00000000080091e8                spi2_init
 .text.spi2_clock_disable
                0x0000000008009278       0x18 Code/src/spi.o
                0x0000000008009278                spi2_clock_disable
 .text.spi2_clock_enable
                0x0000000008009290       0x18 Code/src/spi.o
                0x0000000008009290                spi2_clock_enable
 .text.spi1_trx
                0x00000000080092a8       0x48 Code/src/spi.o
                0x00000000080092a8                spi1_trx
 .text.spi2_trx
                0x00000000080092f0       0x48 Code/src/spi.o
                0x00000000080092f0                spi2_trx
 .text.ssd1306_init
                0x0000000008009338       0x98 Code/src/ssd1306.o
                0x0000000008009338                ssd1306_init
 .text.ssd1306_on
                0x00000000080093d0       0x22 Code/src/ssd1306.o
                0x00000000080093d0                ssd1306_on
 .text.ssd1306_off
                0x00000000080093f2       0x22 Code/src/ssd1306.o
                0x00000000080093f2                ssd1306_off
 .text.ssd1306_toggle_display
                0x0000000008009414       0x30 Code/src/ssd1306.o
                0x0000000008009414                ssd1306_toggle_display
 .text.ssd1306_get_display_status
                0x0000000008009444       0x14 Code/src/ssd1306.o
                0x0000000008009444                ssd1306_get_display_status
 .text.ssd1306_update
                0x0000000008009458       0x54 Code/src/ssd1306.o
                0x0000000008009458                ssd1306_update
 .text.ssd1306_clear
                0x00000000080094ac       0x30 Code/src/ssd1306.o
                0x00000000080094ac                ssd1306_clear
 .text.ssd1306_pixel
                0x00000000080094dc       0xd4 Code/src/ssd1306.o
                0x00000000080094dc                ssd1306_pixel
 .text.ssd1306_pos
                0x00000000080095b0       0x44 Code/src/ssd1306.o
                0x00000000080095b0                ssd1306_pos
 .text.ssd1306_char
                0x00000000080095f4       0x88 Code/src/ssd1306.o
                0x00000000080095f4                ssd1306_char
 .text.ssd1306_char_pos
                0x000000000800967c       0x3e Code/src/ssd1306.o
                0x000000000800967c                ssd1306_char_pos
 .text.ssd1306_print
                0x00000000080096ba       0x46 Code/src/ssd1306.o
                0x00000000080096ba                ssd1306_print
 .text.ssd1306_print_viceversa
                0x0000000008009700       0x78 Code/src/ssd1306.o
                0x0000000008009700                ssd1306_print_viceversa
 .text.ssd1306_print_next
                0x0000000008009778       0x30 Code/src/ssd1306.o
                0x0000000008009778                ssd1306_print_next
 .text.ssd1306_bitmap
                0x00000000080097a8       0x38 Code/src/ssd1306.o
                0x00000000080097a8                ssd1306_bitmap
 .text.ssd1306_print_byte
                0x00000000080097e0       0x58 Code/src/ssd1306.o
                0x00000000080097e0                ssd1306_print_byte
 .text.NVIC_EnableIRQ
                0x0000000008009838       0x30 Code/src/timer.o
 .text.timers_init
                0x0000000008009868       0x1c Code/src/timer.o
                0x0000000008009868                timers_init
 .text.make_a_beep
                0x0000000008009884       0x20 Code/src/timer.o
                0x0000000008009884                make_a_beep
 .text.toggle_mute
                0x00000000080098a4       0x2c Code/src/timer.o
                0x00000000080098a4                toggle_mute
 .text.get_mute_flag
                0x00000000080098d0       0x14 Code/src/timer.o
                0x00000000080098d0                get_mute_flag
 .text.rtc_init
                0x00000000080098e4      0x100 Code/src/timer.o
                0x00000000080098e4                rtc_init
 .text.systick_init
                0x00000000080099e4       0x38 Code/src/timer.o
                0x00000000080099e4                systick_init
 .text.systick_stop
                0x0000000008009a1c       0x1c Code/src/timer.o
                0x0000000008009a1c                systick_stop
 .text.systick_start
                0x0000000008009a38       0x1c Code/src/timer.o
                0x0000000008009a38                systick_start
 .text.timer1_init
                0x0000000008009a54       0x6c Code/src/timer.o
                0x0000000008009a54                timer1_init
 .text.timer1_clock_disable
                0x0000000008009ac0       0x18 Code/src/timer.o
                0x0000000008009ac0                timer1_clock_disable
 .text.timer1_clock_enable
                0x0000000008009ad8       0x18 Code/src/timer.o
                0x0000000008009ad8                timer1_clock_enable
 .text.timer1_start
                0x0000000008009af0       0x20 Code/src/timer.o
                0x0000000008009af0                timer1_start
 .text.timer1_stop_reload
                0x0000000008009b10       0x28 Code/src/timer.o
                0x0000000008009b10                timer1_stop_reload
 .text.timer2_init
                0x0000000008009b38       0x60 Code/src/timer.o
                0x0000000008009b38                timer2_init
 .text.timer3_init
                0x0000000008009b98       0x78 Code/src/timer.o
                0x0000000008009b98                timer3_init
 .text.timer3_clock_disable
                0x0000000008009c10       0x18 Code/src/timer.o
                0x0000000008009c10                timer3_clock_disable
 .text.timer3_clock_enable
                0x0000000008009c28       0x18 Code/src/timer.o
                0x0000000008009c28                timer3_clock_enable
 .text.timer3_stop
                0x0000000008009c40       0x28 Code/src/timer.o
                0x0000000008009c40                timer3_stop
 .text.timer3_start
                0x0000000008009c68       0x20 Code/src/timer.o
                0x0000000008009c68                timer3_start
 .text.NVIC_EnableIRQ
                0x0000000008009c88       0x30 Code/src/uart.o
 .text.uart_dma_init
                0x0000000008009cb8       0xd4 Code/src/uart.o
                0x0000000008009cb8                uart_dma_init
 .text.uart_dma_stop
                0x0000000008009d8c       0x1c Code/src/uart.o
                0x0000000008009d8c                uart_dma_stop
 .text.uart_dma_restart
                0x0000000008009da8       0x30 Code/src/uart.o
                0x0000000008009da8                uart_dma_restart
 .text.backup_and_clear_uart_buffer
                0x0000000008009dd8       0x44 Code/src/uart.o
                0x0000000008009dd8                backup_and_clear_uart_buffer
 .text.Reset_Handler
                0x0000000008009e1c       0x50 Startup/startup_stm32f103c8tx.o
                0x0000000008009e1c                Reset_Handler
 .text.Default_Handler
                0x0000000008009e6c        0x2 Startup/startup_stm32f103c8tx.o
                0x0000000008009e6c                EXTI2_IRQHandler
                0x0000000008009e6c                TIM8_TRG_COM_IRQHandler
                0x0000000008009e6c                TIM8_CC_IRQHandler
                0x0000000008009e6c                DebugMon_Handler
                0x0000000008009e6c                TIM1_CC_IRQHandler
                0x0000000008009e6c                HardFault_Handler
                0x0000000008009e6c                TIM6_IRQHandler
                0x0000000008009e6c                PVD_IRQHandler
                0x0000000008009e6c                SDIO_IRQHandler
                0x0000000008009e6c                PendSV_Handler
                0x0000000008009e6c                NMI_Handler
                0x0000000008009e6c                EXTI3_IRQHandler
                0x0000000008009e6c                USB_HP_CAN_TX_IRQHandler
                0x0000000008009e6c                EXTI0_IRQHandler
                0x0000000008009e6c                I2C2_EV_IRQHandler
                0x0000000008009e6c                UsageFault_Handler
                0x0000000008009e6c                SPI1_IRQHandler
                0x0000000008009e6c                CAN_SCE_IRQHandler
                0x0000000008009e6c                TAMPER_IRQHandler
                0x0000000008009e6c                TIM8_UP_IRQHandler
                0x0000000008009e6c                DMA2_Channel2_IRQHandler
                0x0000000008009e6c                DMA1_Channel4_IRQHandler
                0x0000000008009e6c                USART3_IRQHandler
                0x0000000008009e6c                DMA1_Channel7_IRQHandler
                0x0000000008009e6c                UART5_IRQHandler
                0x0000000008009e6c                ADC3_IRQHandler
                0x0000000008009e6c                TIM4_IRQHandler
                0x0000000008009e6c                CAN_RX1_IRQHandler
                0x0000000008009e6c                DMA2_Channel1_IRQHandler
                0x0000000008009e6c                I2C1_EV_IRQHandler
                0x0000000008009e6c                DMA1_Channel6_IRQHandler
                0x0000000008009e6c                UART4_IRQHandler
                0x0000000008009e6c                TIM3_IRQHandler
                0x0000000008009e6c                RCC_IRQHandler
                0x0000000008009e6c                TIM1_TRG_COM_IRQHandler
                0x0000000008009e6c                DMA1_Channel1_IRQHandler
                0x0000000008009e6c                Default_Handler
                0x0000000008009e6c                TIM7_IRQHandler
                0x0000000008009e6c                TIM5_IRQHandler
                0x0000000008009e6c                SPI2_IRQHandler
                0x0000000008009e6c                USB_LP_CAN_RX0_IRQHandler
                0x0000000008009e6c                MemManage_Handler
                0x0000000008009e6c                SVC_Handler
                0x0000000008009e6c                EXTI4_IRQHandler
                0x0000000008009e6c                DMA1_Channel3_IRQHandler
                0x0000000008009e6c                FSMC_IRQHandler
                0x0000000008009e6c                WWDG_IRQHandler
                0x0000000008009e6c                TIM1_BRK_IRQHandler
                0x0000000008009e6c                EXTI1_IRQHandler
                0x0000000008009e6c                RTCAlarm_IRQHandler
                0x0000000008009e6c                DMA2_Channel4_5_IRQHandler
                0x0000000008009e6c                USART2_IRQHandler
                0x0000000008009e6c                I2C2_ER_IRQHandler
                0x0000000008009e6c                DMA1_Channel2_IRQHandler
                0x0000000008009e6c                TIM8_BRK_IRQHandler
                0x0000000008009e6c                FLASH_IRQHandler
                0x0000000008009e6c                BusFault_Handler
                0x0000000008009e6c                USART1_IRQHandler
                0x0000000008009e6c                SPI3_IRQHandler
                0x0000000008009e6c                I2C1_ER_IRQHandler
                0x0000000008009e6c                DMA2_Channel3_IRQHandler
 *fill*         0x0000000008009e6e        0x2 
 .text.__libc_init_array
                0x0000000008009e70       0x48 c:/st/stm32cubeide_1.5.0/stm32cubeide/plugins/com.st.stm32cube.ide.mcu.externaltools.gnu-tools-for-stm32.7-2018-q2-update.win32_1.5.0.202011040924/tools/bin/../lib/gcc/arm-none-eabi/7.3.1/../../../../arm-none-eabi/lib/thumb/v7-m\libc_nano.a(lib_a-init.o)
                0x0000000008009e70                __libc_init_array
 .text.memcpy   0x0000000008009eb8       0x16 c:/st/stm32cubeide_1.5.0/stm32cubeide/plugins/com.st.stm32cube.ide.mcu.externaltools.gnu-tools-for-stm32.7-2018-q2-update.win32_1.5.0.202011040924/tools/bin/../lib/gcc/arm-none-eabi/7.3.1/../../../../arm-none-eabi/lib/thumb/v7-m\libc_nano.a(lib_a-memcpy-stub.o)
                0x0000000008009eb8                memcpy
 .text.memset   0x0000000008009ece       0x10 c:/st/stm32cubeide_1.5.0/stm32cubeide/plugins/com.st.stm32cube.ide.mcu.externaltools.gnu-tools-for-stm32.7-2018-q2-update.win32_1.5.0.202011040924/tools/bin/../lib/gcc/arm-none-eabi/7.3.1/../../../../arm-none-eabi/lib/thumb/v7-m\libc_nano.a(lib_a-memset.o)
                0x0000000008009ece                memset
 *fill*         0x0000000008009ede        0x2 
 .text.atan     0x0000000008009ee0      0x314 c:/st/stm32cubeide_1.5.0/stm32cubeide/plugins/com.st.stm32cube.ide.mcu.externaltools.gnu-tools-for-stm32.7-2018-q2-update.win32_1.5.0.202011040924/tools/bin/../lib/gcc/arm-none-eabi/7.3.1/../../../../arm-none-eabi/lib/thumb/v7-m\libm.a(lib_a-s_atan.o)
                0x0000000008009ee0                atan
 .text.cos      0x000000000800a1f4       0x6c c:/st/stm32cubeide_1.5.0/stm32cubeide/plugins/com.st.stm32cube.ide.mcu.externaltools.gnu-tools-for-stm32.7-2018-q2-update.win32_1.5.0.202011040924/tools/bin/../lib/gcc/arm-none-eabi/7.3.1/../../../../arm-none-eabi/lib/thumb/v7-m\libm.a(lib_a-s_cos.o)
                0x000000000800a1f4                cos
 .text.fabs     0x000000000800a260        0x8 c:/st/stm32cubeide_1.5.0/stm32cubeide/plugins/com.st.stm32cube.ide.mcu.externaltools.gnu-tools-for-stm32.7-2018-q2-update.win32_1.5.0.202011040924/tools/bin/../lib/gcc/arm-none-eabi/7.3.1/../../../../arm-none-eabi/lib/thumb/v7-m\libm.a(lib_a-s_fabs.o)
                0x000000000800a260                fabs
 .text.sin      0x000000000800a268       0x74 c:/st/stm32cubeide_1.5.0/stm32cubeide/plugins/com.st.stm32cube.ide.mcu.externaltools.gnu-tools-for-stm32.7-2018-q2-update.win32_1.5.0.202011040924/tools/bin/../lib/gcc/arm-none-eabi/7.3.1/../../../../arm-none-eabi/lib/thumb/v7-m\libm.a(lib_a-s_sin.o)
                0x000000000800a268                sin
 .text.tan      0x000000000800a2dc       0x54 c:/st/stm32cubeide_1.5.0/stm32cubeide/plugins/com.st.stm32cube.ide.mcu.externaltools.gnu-tools-for-stm32.7-2018-q2-update.win32_1.5.0.202011040924/tools/bin/../lib/gcc/arm-none-eabi/7.3.1/../../../../arm-none-eabi/lib/thumb/v7-m\libm.a(lib_a-s_tan.o)
                0x000000000800a2dc                tan
 .text.asin     0x000000000800a330       0xa8 c:/st/stm32cubeide_1.5.0/stm32cubeide/plugins/com.st.stm32cube.ide.mcu.externaltools.gnu-tools-for-stm32.7-2018-q2-update.win32_1.5.0.202011040924/tools/bin/../lib/gcc/arm-none-eabi/7.3.1/../../../../arm-none-eabi/lib/thumb/v7-m\libm.a(lib_a-w_asin.o)
                0x000000000800a330                asin
 .text.log      0x000000000800a3d8       0xf4 c:/st/stm32cubeide_1.5.0/stm32cubeide/plugins/com.st.stm32cube.ide.mcu.externaltools.gnu-tools-for-stm32.7-2018-q2-update.win32_1.5.0.202011040924/tools/bin/../lib/gcc/arm-none-eabi/7.3.1/../../../../arm-none-eabi/lib/thumb/v7-m\libm.a(lib_a-w_log.o)
                0x000000000800a3d8                log
 .text.pow      0x000000000800a4cc      0x2b8 c:/st/stm32cubeide_1.5.0/stm32cubeide/plugins/com.st.stm32cube.ide.mcu.externaltools.gnu-tools-for-stm32.7-2018-q2-update.win32_1.5.0.202011040924/tools/bin/../lib/gcc/arm-none-eabi/7.3.1/../../../../arm-none-eabi/lib/thumb/v7-m\libm.a(lib_a-w_pow.o)
                0x000000000800a4cc                pow
 .text.sqrt     0x000000000800a784       0xa8 c:/st/stm32cubeide_1.5.0/stm32cubeide/plugins/com.st.stm32cube.ide.mcu.externaltools.gnu-tools-for-stm32.7-2018-q2-update.win32_1.5.0.202011040924/tools/bin/../lib/gcc/arm-none-eabi/7.3.1/../../../../arm-none-eabi/lib/thumb/v7-m\libm.a(lib_a-w_sqrt.o)
                0x000000000800a784                sqrt
 *fill*         0x000000000800a82c        0x4 
 .text.__ieee754_asin
                0x000000000800a830      0x3f8 c:/st/stm32cubeide_1.5.0/stm32cubeide/plugins/com.st.stm32cube.ide.mcu.externaltools.gnu-tools-for-stm32.7-2018-q2-update.win32_1.5.0.202011040924/tools/bin/../lib/gcc/arm-none-eabi/7.3.1/../../../../arm-none-eabi/lib/thumb/v7-m\libm.a(lib_a-e_asin.o)
                0x000000000800a830                __ieee754_asin
 .text.__ieee754_log
                0x000000000800ac28      0x364 c:/st/stm32cubeide_1.5.0/stm32cubeide/plugins/com.st.stm32cube.ide.mcu.externaltools.gnu-tools-for-stm32.7-2018-q2-update.win32_1.5.0.202011040924/tools/bin/../lib/gcc/arm-none-eabi/7.3.1/../../../../arm-none-eabi/lib/thumb/v7-m\libm.a(lib_a-e_log.o)
                0x000000000800ac28                __ieee754_log
 *fill*         0x000000000800af8c        0x4 
 .text.__ieee754_pow
                0x000000000800af90      0xa14 c:/st/stm32cubeide_1.5.0/stm32cubeide/plugins/com.st.stm32cube.ide.mcu.externaltools.gnu-tools-for-stm32.7-2018-q2-update.win32_1.5.0.202011040924/tools/bin/../lib/gcc/arm-none-eabi/7.3.1/../../../../arm-none-eabi/lib/thumb/v7-m\libm.a(lib_a-e_pow.o)
                0x000000000800af90                __ieee754_pow
 *fill*         0x000000000800b9a4        0x4 
 .text.__ieee754_rem_pio2
                0x000000000800b9a8      0x3e0 c:/st/stm32cubeide_1.5.0/stm32cubeide/plugins/com.st.stm32cube.ide.mcu.externaltools.gnu-tools-for-stm32.7-2018-q2-update.win32_1.5.0.202011040924/tools/bin/../lib/gcc/arm-none-eabi/7.3.1/../../../../arm-none-eabi/lib/thumb/v7-m\libm.a(lib_a-e_rem_pio2.o)
                0x000000000800b9a8                __ieee754_rem_pio2
 .text.__ieee754_sqrt
                0x000000000800bd88      0x158 c:/st/stm32cubeide_1.5.0/stm32cubeide/plugins/com.st.stm32cube.ide.mcu.externaltools.gnu-tools-for-stm32.7-2018-q2-update.win32_1.5.0.202011040924/tools/bin/../lib/gcc/arm-none-eabi/7.3.1/../../../../arm-none-eabi/lib/thumb/v7-m\libm.a(lib_a-e_sqrt.o)
                0x000000000800bd88                __ieee754_sqrt
 .text.__kernel_cos
                0x000000000800bee0      0x17c c:/st/stm32cubeide_1.5.0/stm32cubeide/plugins/com.st.stm32cube.ide.mcu.externaltools.gnu-tools-for-stm32.7-2018-q2-update.win32_1.5.0.202011040924/tools/bin/../lib/gcc/arm-none-eabi/7.3.1/../../../../arm-none-eabi/lib/thumb/v7-m\libm.a(lib_a-k_cos.o)
                0x000000000800bee0                __kernel_cos
 .text.__kernel_rem_pio2
                0x000000000800c05c      0x694 c:/st/stm32cubeide_1.5.0/stm32cubeide/plugins/com.st.stm32cube.ide.mcu.externaltools.gnu-tools-for-stm32.7-2018-q2-update.win32_1.5.0.202011040924/tools/bin/../lib/gcc/arm-none-eabi/7.3.1/../../../../arm-none-eabi/lib/thumb/v7-m\libm.a(lib_a-k_rem_pio2.o)
                0x000000000800c05c                __kernel_rem_pio2
 .text.__kernel_sin
                0x000000000800c6f0      0x16c c:/st/stm32cubeide_1.5.0/stm32cubeide/plugins/com.st.stm32cube.ide.mcu.externaltools.gnu-tools-for-stm32.7-2018-q2-update.win32_1.5.0.202011040924/tools/bin/../lib/gcc/arm-none-eabi/7.3.1/../../../../arm-none-eabi/lib/thumb/v7-m\libm.a(lib_a-k_sin.o)
                0x000000000800c6f0                __kernel_sin
 *fill*         0x000000000800c85c        0x4 
 .text.__kernel_tan
                0x000000000800c860      0x380 c:/st/stm32cubeide_1.5.0/stm32cubeide/plugins/com.st.stm32cube.ide.mcu.externaltools.gnu-tools-for-stm32.7-2018-q2-update.win32_1.5.0.202011040924/tools/bin/../lib/gcc/arm-none-eabi/7.3.1/../../../../arm-none-eabi/lib/thumb/v7-m\libm.a(lib_a-k_tan.o)
                0x000000000800c860                __kernel_tan
 .text.finite   0x000000000800cbe0        0xc c:/st/stm32cubeide_1.5.0/stm32cubeide/plugins/com.st.stm32cube.ide.mcu.externaltools.gnu-tools-for-stm32.7-2018-q2-update.win32_1.5.0.202011040924/tools/bin/../lib/gcc/arm-none-eabi/7.3.1/../../../../arm-none-eabi/lib/thumb/v7-m\libm.a(lib_a-s_finite.o)
                0x000000000800cbe0                finite
 *fill*         0x000000000800cbec        0x4 
 .text.floor    0x000000000800cbf0      0x108 c:/st/stm32cubeide_1.5.0/stm32cubeide/plugins/com.st.stm32cube.ide.mcu.externaltools.gnu-tools-for-stm32.7-2018-q2-update.win32_1.5.0.202011040924/tools/bin/../lib/gcc/arm-none-eabi/7.3.1/../../../../arm-none-eabi/lib/thumb/v7-m\libm.a(lib_a-s_floor.o)
                0x000000000800cbf0                floor
 .text.matherr  0x000000000800ccf8        0x4 c:/st/stm32cubeide_1.5.0/stm32cubeide/plugins/com.st.stm32cube.ide.mcu.externaltools.gnu-tools-for-stm32.7-2018-q2-update.win32_1.5.0.202011040924/tools/bin/../lib/gcc/arm-none-eabi/7.3.1/../../../../arm-none-eabi/lib/thumb/v7-m\libm.a(lib_a-s_matherr.o)
                0x000000000800ccf8                matherr
 .text.nan      0x000000000800ccfc        0xc c:/st/stm32cubeide_1.5.0/stm32cubeide/plugins/com.st.stm32cube.ide.mcu.externaltools.gnu-tools-for-stm32.7-2018-q2-update.win32_1.5.0.202011040924/tools/bin/../lib/gcc/arm-none-eabi/7.3.1/../../../../arm-none-eabi/lib/thumb/v7-m\libm.a(lib_a-s_nan.o)
                0x000000000800ccfc                nan
 .text.rint     0x000000000800cd08      0x114 c:/st/stm32cubeide_1.5.0/stm32cubeide/plugins/com.st.stm32cube.ide.mcu.externaltools.gnu-tools-for-stm32.7-2018-q2-update.win32_1.5.0.202011040924/tools/bin/../lib/gcc/arm-none-eabi/7.3.1/../../../../arm-none-eabi/lib/thumb/v7-m\libm.a(lib_a-s_rint.o)
                0x000000000800cd08                rint
 *fill*         0x000000000800ce1c        0x4 
 .text.scalbn   0x000000000800ce20       0xdc c:/st/stm32cubeide_1.5.0/stm32cubeide/plugins/com.st.stm32cube.ide.mcu.externaltools.gnu-tools-for-stm32.7-2018-q2-update.win32_1.5.0.202011040924/tools/bin/../lib/gcc/arm-none-eabi/7.3.1/../../../../arm-none-eabi/lib/thumb/v7-m\libm.a(lib_a-s_scalbn.o)
                0x000000000800ce20                scalbn
 .text.copysign
                0x000000000800cefc       0x12 c:/st/stm32cubeide_1.5.0/stm32cubeide/plugins/com.st.stm32cube.ide.mcu.externaltools.gnu-tools-for-stm32.7-2018-q2-update.win32_1.5.0.202011040924/tools/bin/../lib/gcc/arm-none-eabi/7.3.1/../../../../arm-none-eabi/lib/thumb/v7-m\libm.a(lib_a-s_copysign.o)
                0x000000000800cefc                copysign
 *fill*         0x000000000800cf0e        0x2 
 .text.__errno  0x000000000800cf10        0xc c:/st/stm32cubeide_1.5.0/stm32cubeide/plugins/com.st.stm32cube.ide.mcu.externaltools.gnu-tools-for-stm32.7-2018-q2-update.win32_1.5.0.202011040924/tools/bin/../lib/gcc/arm-none-eabi/7.3.1/../../../../arm-none-eabi/lib/thumb/v7-m\libc_nano.a(lib_a-errno.o)
                0x000000000800cf10                __errno
 *(.glue_7)
 .glue_7        0x000000000800cf1c        0x0 linker stubs
 *(.glue_7t)
 .glue_7t       0x000000000800cf1c        0x0 linker stubs
 *(.eh_frame)
 .eh_frame      0x000000000800cf1c        0x0 c:/st/stm32cubeide_1.5.0/stm32cubeide/plugins/com.st.stm32cube.ide.mcu.externaltools.gnu-tools-for-stm32.7-2018-q2-update.win32_1.5.0.202011040924/tools/bin/../lib/gcc/arm-none-eabi/7.3.1/thumb/v7-m/crtbegin.o
 *(.init)
 .init          0x000000000800cf1c        0x4 c:/st/stm32cubeide_1.5.0/stm32cubeide/plugins/com.st.stm32cube.ide.mcu.externaltools.gnu-tools-for-stm32.7-2018-q2-update.win32_1.5.0.202011040924/tools/bin/../lib/gcc/arm-none-eabi/7.3.1/thumb/v7-m/crti.o
                0x000000000800cf1c                _init
 .init          0x000000000800cf20        0x8 c:/st/stm32cubeide_1.5.0/stm32cubeide/plugins/com.st.stm32cube.ide.mcu.externaltools.gnu-tools-for-stm32.7-2018-q2-update.win32_1.5.0.202011040924/tools/bin/../lib/gcc/arm-none-eabi/7.3.1/thumb/v7-m/crtn.o
 *(.fini)
 .fini          0x000000000800cf28        0x4 c:/st/stm32cubeide_1.5.0/stm32cubeide/plugins/com.st.stm32cube.ide.mcu.externaltools.gnu-tools-for-stm32.7-2018-q2-update.win32_1.5.0.202011040924/tools/bin/../lib/gcc/arm-none-eabi/7.3.1/thumb/v7-m/crti.o
                0x000000000800cf28                _fini
 .fini          0x000000000800cf2c        0x8 c:/st/stm32cubeide_1.5.0/stm32cubeide/plugins/com.st.stm32cube.ide.mcu.externaltools.gnu-tools-for-stm32.7-2018-q2-update.win32_1.5.0.202011040924/tools/bin/../lib/gcc/arm-none-eabi/7.3.1/thumb/v7-m/crtn.o
                0x000000000800cf34                . = ALIGN (0x4)
                0x000000000800cf34                _etext = .

.vfp11_veneer   0x000000000800cf34        0x0
 .vfp11_veneer  0x000000000800cf34        0x0 linker stubs

.v4_bx          0x000000000800cf34        0x0
 .v4_bx         0x000000000800cf34        0x0 linker stubs

.iplt           0x000000000800cf34        0x0
 .iplt          0x000000000800cf34        0x0 c:/st/stm32cubeide_1.5.0/stm32cubeide/plugins/com.st.stm32cube.ide.mcu.externaltools.gnu-tools-for-stm32.7-2018-q2-update.win32_1.5.0.202011040924/tools/bin/../lib/gcc/arm-none-eabi/7.3.1/thumb/v7-m/crtbegin.o

.rodata         0x000000000800cf38     0x1de8
                0x000000000800cf38                . = ALIGN (0x4)
 *(.rodata)
 .rodata        0x000000000800cf38      0x3e8 Code/src/menu.o
 .rodata        0x000000000800d320       0x17 Code/src/points.o
 *fill*         0x000000000800d337        0x1 
 .rodata        0x000000000800d338      0x16c Code/src/si4463.o
 *(.rodata*)
 *fill*         0x000000000800d4a4        0x4 
 .rodata.deg_to_rad
                0x000000000800d4a8        0x8 Code/src/lrns.o
                0x000000000800d4a8                deg_to_rad
 .rodata.menu_exclusive_table
                0x000000000800d4b0      0x1e8 Code/src/menu.o
                0x000000000800d4b0                menu_exclusive_table
 .rodata.menu_forward_table
                0x000000000800d698       0x3c Code/src/menu.o
                0x000000000800d698                menu_forward_table
 .rodata.menu_backward_table
                0x000000000800d6d4       0x1c Code/src/menu.o
                0x000000000800d6d4                menu_backward_table
 .rodata.menu_draw_table
                0x000000000800d6f0       0xd8 Code/src/menu.o
                0x000000000800d6f0                menu_draw_table
 .rodata.point_to_save_default_name
                0x000000000800d7c8        0x6 Code/src/menu.o
                0x000000000800d7c8                point_to_save_default_name
 *fill*         0x000000000800d7ce        0x2 
 .rodata.font   0x000000000800d7d0      0x2d0 Code/src/ssd1306.o
                0x000000000800d7d0                font
 .rodata.ssd1306_conf
                0x000000000800daa0        0xb Code/src/ssd1306.o
                0x000000000800daa0                ssd1306_conf
 *fill*         0x000000000800daab        0x1 
 .rodata.startup_screen
                0x000000000800daac      0x400 Code/src/ssd1306_bitmaps.o
                0x000000000800daac                startup_screen
 .rodata.devices_blank
                0x000000000800deac      0x400 Code/src/ssd1306_bitmaps.o
                0x000000000800deac                devices_blank
 .rodata.radar_blank
                0x000000000800e2ac      0x400 Code/src/ssd1306_bitmaps.o
                0x000000000800e2ac                radar_blank
 .rodata.info_blank
                0x000000000800e6ac      0x400 Code/src/ssd1306_bitmaps.o
                0x000000000800e6ac                info_blank
 *fill*         0x000000000800eaac        0x4 
 .rodata.atanhi
                0x000000000800eab0       0x20 c:/st/stm32cubeide_1.5.0/stm32cubeide/plugins/com.st.stm32cube.ide.mcu.externaltools.gnu-tools-for-stm32.7-2018-q2-update.win32_1.5.0.202011040924/tools/bin/../lib/gcc/arm-none-eabi/7.3.1/../../../../arm-none-eabi/lib/thumb/v7-m\libm.a(lib_a-s_atan.o)
 .rodata.atanlo
                0x000000000800ead0       0x20 c:/st/stm32cubeide_1.5.0/stm32cubeide/plugins/com.st.stm32cube.ide.mcu.externaltools.gnu-tools-for-stm32.7-2018-q2-update.win32_1.5.0.202011040924/tools/bin/../lib/gcc/arm-none-eabi/7.3.1/../../../../arm-none-eabi/lib/thumb/v7-m\libm.a(lib_a-s_atan.o)
 .rodata.asin.str1.1
                0x000000000800eaf0        0x5 c:/st/stm32cubeide_1.5.0/stm32cubeide/plugins/com.st.stm32cube.ide.mcu.externaltools.gnu-tools-for-stm32.7-2018-q2-update.win32_1.5.0.202011040924/tools/bin/../lib/gcc/arm-none-eabi/7.3.1/../../../../arm-none-eabi/lib/thumb/v7-m\libm.a(lib_a-w_asin.o)
                                          0x6 (size before relaxing)
 .rodata.log.str1.1
                0x000000000800eaf5        0x4 c:/st/stm32cubeide_1.5.0/stm32cubeide/plugins/com.st.stm32cube.ide.mcu.externaltools.gnu-tools-for-stm32.7-2018-q2-update.win32_1.5.0.202011040924/tools/bin/../lib/gcc/arm-none-eabi/7.3.1/../../../../arm-none-eabi/lib/thumb/v7-m\libm.a(lib_a-w_log.o)
                                          0x5 (size before relaxing)
 .rodata.pow.str1.1
                0x000000000800eaf9        0x4 c:/st/stm32cubeide_1.5.0/stm32cubeide/plugins/com.st.stm32cube.ide.mcu.externaltools.gnu-tools-for-stm32.7-2018-q2-update.win32_1.5.0.202011040924/tools/bin/../lib/gcc/arm-none-eabi/7.3.1/../../../../arm-none-eabi/lib/thumb/v7-m\libm.a(lib_a-w_pow.o)
 .rodata.sqrt.str1.1
                0x000000000800eafd        0x5 c:/st/stm32cubeide_1.5.0/stm32cubeide/plugins/com.st.stm32cube.ide.mcu.externaltools.gnu-tools-for-stm32.7-2018-q2-update.win32_1.5.0.202011040924/tools/bin/../lib/gcc/arm-none-eabi/7.3.1/../../../../arm-none-eabi/lib/thumb/v7-m\libm.a(lib_a-w_sqrt.o)
 .rodata.__ieee754_pow.str1.1
                0x000000000800eb02        0x1 c:/st/stm32cubeide_1.5.0/stm32cubeide/plugins/com.st.stm32cube.ide.mcu.externaltools.gnu-tools-for-stm32.7-2018-q2-update.win32_1.5.0.202011040924/tools/bin/../lib/gcc/arm-none-eabi/7.3.1/../../../../arm-none-eabi/lib/thumb/v7-m\libm.a(lib_a-e_pow.o)
 *fill*         0x000000000800eb02        0x6 
 .rodata.bp     0x000000000800eb08       0x10 c:/st/stm32cubeide_1.5.0/stm32cubeide/plugins/com.st.stm32cube.ide.mcu.externaltools.gnu-tools-for-stm32.7-2018-q2-update.win32_1.5.0.202011040924/tools/bin/../lib/gcc/arm-none-eabi/7.3.1/../../../../arm-none-eabi/lib/thumb/v7-m\libm.a(lib_a-e_pow.o)
 .rodata.dp_h   0x000000000800eb18       0x10 c:/st/stm32cubeide_1.5.0/stm32cubeide/plugins/com.st.stm32cube.ide.mcu.externaltools.gnu-tools-for-stm32.7-2018-q2-update.win32_1.5.0.202011040924/tools/bin/../lib/gcc/arm-none-eabi/7.3.1/../../../../arm-none-eabi/lib/thumb/v7-m\libm.a(lib_a-e_pow.o)
 .rodata.dp_l   0x000000000800eb28       0x10 c:/st/stm32cubeide_1.5.0/stm32cubeide/plugins/com.st.stm32cube.ide.mcu.externaltools.gnu-tools-for-stm32.7-2018-q2-update.win32_1.5.0.202011040924/tools/bin/../lib/gcc/arm-none-eabi/7.3.1/../../../../arm-none-eabi/lib/thumb/v7-m\libm.a(lib_a-e_pow.o)
 .rodata.npio2_hw
                0x000000000800eb38       0x80 c:/st/stm32cubeide_1.5.0/stm32cubeide/plugins/com.st.stm32cube.ide.mcu.externaltools.gnu-tools-for-stm32.7-2018-q2-update.win32_1.5.0.202011040924/tools/bin/../lib/gcc/arm-none-eabi/7.3.1/../../../../arm-none-eabi/lib/thumb/v7-m\libm.a(lib_a-e_rem_pio2.o)
 .rodata.two_over_pi
                0x000000000800ebb8      0x108 c:/st/stm32cubeide_1.5.0/stm32cubeide/plugins/com.st.stm32cube.ide.mcu.externaltools.gnu-tools-for-stm32.7-2018-q2-update.win32_1.5.0.202011040924/tools/bin/../lib/gcc/arm-none-eabi/7.3.1/../../../../arm-none-eabi/lib/thumb/v7-m\libm.a(lib_a-e_rem_pio2.o)
 .rodata.PIo2   0x000000000800ecc0       0x40 c:/st/stm32cubeide_1.5.0/stm32cubeide/plugins/com.st.stm32cube.ide.mcu.externaltools.gnu-tools-for-stm32.7-2018-q2-update.win32_1.5.0.202011040924/tools/bin/../lib/gcc/arm-none-eabi/7.3.1/../../../../arm-none-eabi/lib/thumb/v7-m\libm.a(lib_a-k_rem_pio2.o)
 .rodata.init_jk
                0x000000000800ed00       0x10 c:/st/stm32cubeide_1.5.0/stm32cubeide/plugins/com.st.stm32cube.ide.mcu.externaltools.gnu-tools-for-stm32.7-2018-q2-update.win32_1.5.0.202011040924/tools/bin/../lib/gcc/arm-none-eabi/7.3.1/../../../../arm-none-eabi/lib/thumb/v7-m\libm.a(lib_a-k_rem_pio2.o)
 .rodata.TWO52  0x000000000800ed10       0x10 c:/st/stm32cubeide_1.5.0/stm32cubeide/plugins/com.st.stm32cube.ide.mcu.externaltools.gnu-tools-for-stm32.7-2018-q2-update.win32_1.5.0.202011040924/tools/bin/../lib/gcc/arm-none-eabi/7.3.1/../../../../arm-none-eabi/lib/thumb/v7-m\libm.a(lib_a-s_rint.o)
                0x000000000800ed20                . = ALIGN (0x4)

.rel.dyn        0x000000000800ed20        0x0
 .rel.iplt      0x000000000800ed20        0x0 c:/st/stm32cubeide_1.5.0/stm32cubeide/plugins/com.st.stm32cube.ide.mcu.externaltools.gnu-tools-for-stm32.7-2018-q2-update.win32_1.5.0.202011040924/tools/bin/../lib/gcc/arm-none-eabi/7.3.1/thumb/v7-m/crtbegin.o

.ARM.extab      0x000000000800ed20        0x0
                0x000000000800ed20                . = ALIGN (0x4)
 *(.ARM.extab* .gnu.linkonce.armextab.*)
                0x000000000800ed20                . = ALIGN (0x4)

.ARM            0x000000000800ed20        0x0
                0x000000000800ed20                . = ALIGN (0x4)
                0x000000000800ed20                __exidx_start = .
 *(.ARM.exidx*)
                0x000000000800ed20                __exidx_end = .
                0x000000000800ed20                . = ALIGN (0x4)

.preinit_array  0x000000000800ed20        0x0
                0x000000000800ed20                . = ALIGN (0x4)
                0x000000000800ed20                PROVIDE (__preinit_array_start = .)
 *(.preinit_array*)
                0x000000000800ed20                PROVIDE (__preinit_array_end = .)
                0x000000000800ed20                . = ALIGN (0x4)

.init_array     0x000000000800ed20        0x4
                0x000000000800ed20                . = ALIGN (0x4)
                0x000000000800ed20                PROVIDE (__init_array_start = .)
 *(SORT_BY_NAME(.init_array.*))
 *(.init_array*)
 .init_array    0x000000000800ed20        0x4 c:/st/stm32cubeide_1.5.0/stm32cubeide/plugins/com.st.stm32cube.ide.mcu.externaltools.gnu-tools-for-stm32.7-2018-q2-update.win32_1.5.0.202011040924/tools/bin/../lib/gcc/arm-none-eabi/7.3.1/thumb/v7-m/crtbegin.o
                0x000000000800ed24                PROVIDE (__init_array_end = .)
                0x000000000800ed24                . = ALIGN (0x4)

.fini_array     0x000000000800ed24        0x4
                0x000000000800ed24                . = ALIGN (0x4)
                [!provide]                        PROVIDE (__fini_array_start = .)
 *(SORT_BY_NAME(.fini_array.*))
 *(.fini_array*)
 .fini_array    0x000000000800ed24        0x4 c:/st/stm32cubeide_1.5.0/stm32cubeide/plugins/com.st.stm32cube.ide.mcu.externaltools.gnu-tools-for-stm32.7-2018-q2-update.win32_1.5.0.202011040924/tools/bin/../lib/gcc/arm-none-eabi/7.3.1/thumb/v7-m/crtbegin.o
                [!provide]                        PROVIDE (__fini_array_end = .)
                0x000000000800ed28                . = ALIGN (0x4)
                0x000000000800ed28                _sidata = LOADADDR (.data)

.data           0x0000000020000000       0xc4 load address 0x000000000800ed28
                0x0000000020000000                . = ALIGN (0x4)
                0x0000000020000000                _sdata = .
 *(.data)
 *(.data*)
 .data.button_state
                0x0000000020000000        0x5 Code/src/buttons.o
                0x0000000020000000                button_state
 *fill*         0x0000000020000005        0x3 
 .data.button_prev_state
                0x0000000020000008        0x5 Code/src/buttons.o
                0x0000000020000008                button_prev_state
 *fill*         0x000000002000000d        0x3 
 .data.FW_VERSION
                0x0000000020000010        0x4 Code/src/menu.o
                0x0000000020000010                FW_VERSION
 .data.HW_VERSION
                0x0000000020000014        0x4 Code/src/menu.o
                0x0000000020000014                HW_VERSION
 .data.item_table
                0x0000000020000018       0x12 Code/src/menu.o
                0x0000000020000018                item_table
 .data.current_each_device
                0x000000002000002a        0x1 Code/src/menu.o
                0x000000002000002a                current_each_device
 .data.current_slot_to_load
                0x000000002000002b        0x1 Code/src/menu.o
                0x000000002000002b                current_slot_to_load
 .data.custom_exclam_mark
                0x000000002000002c        0x2 Code/src/menu.o
                0x000000002000002c                custom_exclam_mark
 *fill*         0x000000002000002e        0x2 
 .data.memory_slot_names
                0x0000000020000030       0x18 Code/src/points.o
                0x0000000020000030                memory_slot_names
 .data.send_interval_values
                0x0000000020000048        0x5 Code/src/settings.o
                0x0000000020000048                send_interval_values
 *fill*         0x000000002000004d        0x3 
 .data.tx_power_values
                0x0000000020000050        0x4 Code/src/settings.o
                0x0000000020000050                tx_power_values
 .data.tx_power_register_values
                0x0000000020000054        0x4 Code/src/si4463.o
                0x0000000020000054                tx_power_register_values
 .data.display_status
                0x0000000020000058        0x1 Code/src/ssd1306.o
                0x0000000020000058                display_status
 *fill*         0x0000000020000059        0x3 
 .data._impure_ptr
                0x000000002000005c        0x4 c:/st/stm32cubeide_1.5.0/stm32cubeide/plugins/com.st.stm32cube.ide.mcu.externaltools.gnu-tools-for-stm32.7-2018-q2-update.win32_1.5.0.202011040924/tools/bin/../lib/gcc/arm-none-eabi/7.3.1/../../../../arm-none-eabi/lib/thumb/v7-m\libc_nano.a(lib_a-impure.o)
                0x000000002000005c                _impure_ptr
 .data.impure_data
                0x0000000020000060       0x60 c:/st/stm32cubeide_1.5.0/stm32cubeide/plugins/com.st.stm32cube.ide.mcu.externaltools.gnu-tools-for-stm32.7-2018-q2-update.win32_1.5.0.202011040924/tools/bin/../lib/gcc/arm-none-eabi/7.3.1/../../../../arm-none-eabi/lib/thumb/v7-m\libc_nano.a(lib_a-impure.o)
 .data.__fdlib_version
                0x00000000200000c0        0x1 c:/st/stm32cubeide_1.5.0/stm32cubeide/plugins/com.st.stm32cube.ide.mcu.externaltools.gnu-tools-for-stm32.7-2018-q2-update.win32_1.5.0.202011040924/tools/bin/../lib/gcc/arm-none-eabi/7.3.1/../../../../arm-none-eabi/lib/thumb/v7-m\libm.a(lib_a-s_lib_ver.o)
                0x00000000200000c0                __fdlib_version
 *(.RamFunc)
 *(.RamFunc*)
                0x00000000200000c4                . = ALIGN (0x4)
 *fill*         0x00000000200000c1        0x3 
                0x00000000200000c4                _edata = .

.igot.plt       0x00000000200000c4        0x0 load address 0x000000000800edec
 .igot.plt      0x00000000200000c4        0x0 c:/st/stm32cubeide_1.5.0/stm32cubeide/plugins/com.st.stm32cube.ide.mcu.externaltools.gnu-tools-for-stm32.7-2018-q2-update.win32_1.5.0.202011040924/tools/bin/../lib/gcc/arm-none-eabi/7.3.1/thumb/v7-m/crtbegin.o
                0x00000000200000c4                . = ALIGN (0x4)

.bss            0x00000000200000c8     0x1070 load address 0x000000000800edec
                0x00000000200000c8                _sbss = .
                0x00000000200000c8                __bss_start__ = _sbss
 *(.bss)
 .bss           0x00000000200000c8       0x1c c:/st/stm32cubeide_1.5.0/stm32cubeide/plugins/com.st.stm32cube.ide.mcu.externaltools.gnu-tools-for-stm32.7-2018-q2-update.win32_1.5.0.202011040924/tools/bin/../lib/gcc/arm-none-eabi/7.3.1/thumb/v7-m/crtbegin.o
 *(.bss*)
 .bss.bat_interval_counter
                0x00000000200000e4        0x1 Code/src/adc.o
                0x00000000200000e4                bat_interval_counter
 *fill*         0x00000000200000e5        0x3 
 .bss.idr_register_copy
                0x00000000200000e8        0x4 Code/src/buttons.o
                0x00000000200000e8                idr_register_copy
 .bss.button_pressed_counter
                0x00000000200000ec        0xa Code/src/buttons.o
                0x00000000200000ec                button_pressed_counter
 *fill*         0x00000000200000f6        0x2 
 .bss.timeout_state
                0x00000000200000f8        0x5 Code/src/buttons.o
                0x00000000200000f8                timeout_state
 *fill*         0x00000000200000fd        0x3 
 .bss.timeout_prev_state
                0x0000000020000100        0x5 Code/src/buttons.o
                0x0000000020000100                timeout_prev_state
 *fill*         0x0000000020000105        0x3 
 .bss.uptime    0x0000000020000108        0x4 Code/src/main.o
                0x0000000020000108                uptime
 .bss.pps_counter
                0x000000002000010c        0x4 Code/src/main.o
                0x000000002000010c                pps_counter
 .bss.overflow_counter
                0x0000000020000110        0x1 Code/src/main.o
                0x0000000020000110                overflow_counter
 .bss.time_slot
                0x0000000020000111        0x1 Code/src/main.o
                0x0000000020000111                time_slot
 *fill*         0x0000000020000112        0x2 
 .bss.main_flags
                0x0000000020000114        0xa Code/src/main.o
                0x0000000020000114                main_flags
 .bss.flag_settings_changed
                0x000000002000011e        0x1 Code/src/menu.o
                0x000000002000011e                flag_settings_changed
 .bss.device_id_current_symbol
                0x000000002000011f        0x1 Code/src/menu.o
                0x000000002000011f                device_id_current_symbol
 .bss.point_name_current_symbol
                0x0000000020000120        0x1 Code/src/menu.o
                0x0000000020000120                point_name_current_symbol
 .bss.current_radar_device
                0x0000000020000121        0x1 Code/src/menu.o
                0x0000000020000121                current_radar_device
 .bss.current_device_to_load
                0x0000000020000122        0x1 Code/src/menu.o
                0x0000000020000122                current_device_to_load
 .bss.current_slot_to_save
                0x0000000020000123        0x1 Code/src/menu.o
                0x0000000020000123                current_slot_to_save
 .bss.buf_pos   0x0000000020000124        0x2 Code/src/ssd1306.o
                0x0000000020000124                buf_pos
 .bss.beep_mute
                0x0000000020000126        0x1 Code/src/timer.o
                0x0000000020000126                beep_mute
 *(COMMON)
 *fill*         0x0000000020000127        0x1 
 COMMON         0x0000000020000128        0x4 Code/src/adc.o
                0x0000000020000128                bat_voltage
 *fill*         0x000000002000012c        0x4 
 COMMON         0x0000000020000130      0x4c5 Code/src/gps.o
                0x0000000020000130                tmp_float
                0x0000000020000138                gps_num
                0x0000000020000178                tmp_char
                0x0000000020000188                nmea_data
                0x0000000020000588                gps_raw
                0x00000000200005f4                tmp_uint8
 *fill*         0x00000000200005f5        0x3 
 COMMON         0x00000000200005f8      0x1d4 Code/src/lrns.o
                0x00000000200005f8                p_dev_aux
                0x0000000020000614                p_gps_num
                0x0000000020000618                p_air_packet_rx
                0x000000002000061c                p_settings
                0x0000000020000620                dev_aux
                0x00000000200006c8                p_gps_rel
                0x00000000200006e4                p_gps_air
                0x0000000020000700                gps_rel
                0x0000000020000738                device_number
                0x000000002000073c                p_air_packet_tx
                0x0000000020000740                gps_air
 COMMON         0x00000000200007cc        0x4 Code/src/main.o
                0x00000000200007cc                p_send_interval_values
 COMMON         0x00000000200007d0       0x70 Code/src/menu.o
                0x00000000200007d0                pp_gps_rel
                0x00000000200007d4                pp_memory_slot
                0x00000000200007d8                radar_list
                0x00000000200007e0                settings_copy
                0x00000000200007ec                device_to_load_list
                0x00000000200007f4                tmpf
                0x00000000200007f8                tmpi16
                0x00000000200007fa                current_menu
                0x00000000200007fc                point_to_save_list
                0x0000000020000804                pp_gps_air
                0x0000000020000808                p_gps_raw
                0x000000002000080c                p_get_tx_power_values
                0x0000000020000810                buf
                0x0000000020000828                point_to_save_name
                0x0000000020000830                radar_list_hide
                0x0000000020000838                tmpui32
                0x000000002000083c                pp_dev_aux
 COMMON         0x0000000020000840       0x9e Code/src/points.o
                0x0000000020000840                point_buffer
                0x0000000020000860                p_memory_slot
                0x0000000020000878                memory_slot
 *fill*         0x00000000200008de        0x2 
 COMMON         0x00000000200008e0       0x2c Code/src/settings.o
                0x00000000200008e0                settings
                0x00000000200008ec                settings_array
 COMMON         0x000000002000090c       0x25 Code/src/si4463.o
                0x000000002000090c                air_packet_rx
                0x0000000020000920                air_packet_tx
 *fill*         0x0000000020000931        0x3 
 COMMON         0x0000000020000934      0x400 Code/src/ssd1306.o
                0x0000000020000934                screen_buf
 COMMON         0x0000000020000d34      0x404 Code/src/uart.o
                0x0000000020000d34                backup_buf
                0x0000000020000d38                uart_buffer
                0x0000000020001138                . = ALIGN (0x4)
                0x0000000020001138                _ebss = .
                0x0000000020001138                __bss_end__ = _ebss

._user_heap_stack
                0x0000000020001138      0x600 load address 0x000000000800edec
                0x0000000020001138                . = ALIGN (0x8)
                [!provide]                        PROVIDE (end = .)
                [!provide]                        PROVIDE (_end = .)
                0x0000000020001338                . = (. + _Min_Heap_Size)
 *fill*         0x0000000020001138      0x200 
                0x0000000020001738                . = (. + _Min_Stack_Size)
 *fill*         0x0000000020001338      0x400 
                0x0000000020001738                . = ALIGN (0x8)

/DISCARD/
 libc.a(*)
 libm.a(*)
 libgcc.a(*)

.ARM.attributes
                0x0000000000000000       0x29
 *(.ARM.attributes)
 .ARM.attributes
                0x0000000000000000       0x1d c:/st/stm32cubeide_1.5.0/stm32cubeide/plugins/com.st.stm32cube.ide.mcu.externaltools.gnu-tools-for-stm32.7-2018-q2-update.win32_1.5.0.202011040924/tools/bin/../lib/gcc/arm-none-eabi/7.3.1/thumb/v7-m/crti.o
 .ARM.attributes
                0x000000000000001d       0x2d c:/st/stm32cubeide_1.5.0/stm32cubeide/plugins/com.st.stm32cube.ide.mcu.externaltools.gnu-tools-for-stm32.7-2018-q2-update.win32_1.5.0.202011040924/tools/bin/../lib/gcc/arm-none-eabi/7.3.1/thumb/v7-m/crtbegin.o
 .ARM.attributes
                0x000000000000004a       0x33 CMSIS/src/system_stm32f10x.o
 .ARM.attributes
                0x000000000000007d       0x33 Code/src/adc.o
 .ARM.attributes
                0x00000000000000b0       0x33 Code/src/buttons.o
 .ARM.attributes
                0x00000000000000e3       0x33 Code/src/gpio.o
 .ARM.attributes
                0x0000000000000116       0x33 Code/src/gps.o
 .ARM.attributes
                0x0000000000000149       0x33 Code/src/i2c.o
 .ARM.attributes
                0x000000000000017c       0x33 Code/src/lrns.o
 .ARM.attributes
                0x00000000000001af       0x33 Code/src/m24c64.o
 .ARM.attributes
                0x00000000000001e2       0x33 Code/src/main.o
 .ARM.attributes
                0x0000000000000215       0x33 Code/src/menu.o
 .ARM.attributes
                0x0000000000000248       0x33 Code/src/points.o
 .ARM.attributes
                0x000000000000027b       0x33 Code/src/service.o
 .ARM.attributes
                0x00000000000002ae       0x33 Code/src/settings.o
 .ARM.attributes
                0x00000000000002e1       0x33 Code/src/si4463.o
 .ARM.attributes