Archive member included to satisfy reference by file (symbol)

c:/st/stm32cubeide_1.5.0/stm32cubeide/plugins/com.st.stm32cube.ide.mcu.externaltools.gnu-tools-for-stm32.7-2018-q2-update.win32_1.5.0.202011040924/tools/bin/../lib/gcc/arm-none-eabi/7.3.1/../../../../arm-none-eabi/lib/thumb/v7-m\libc_nano.a(lib_a-exit.o)
                              c:/st/stm32cubeide_1.5.0/stm32cubeide/plugins/com.st.stm32cube.ide.mcu.externaltools.gnu-tools-for-stm32.7-2018-q2-update.win32_1.5.0.202011040924/tools/bin/../lib/gcc/arm-none-eabi/7.3.1/../../../../arm-none-eabi/lib/thumb/v7-m/crt0.o (exit)
c:/st/stm32cubeide_1.5.0/stm32cubeide/plugins/com.st.stm32cube.ide.mcu.externaltools.gnu-tools-for-stm32.7-2018-q2-update.win32_1.5.0.202011040924/tools/bin/../lib/gcc/arm-none-eabi/7.3.1/../../../../arm-none-eabi/lib/thumb/v7-m\libc_nano.a(lib_a-impure.o)
                              c:/st/stm32cubeide_1.5.0/stm32cubeide/plugins/com.st.stm32cube.ide.mcu.externaltools.gnu-tools-for-stm32.7-2018-q2-update.win32_1.5.0.202011040924/tools/bin/../lib/gcc/arm-none-eabi/7.3.1/../../../../arm-none-eabi/lib/thumb/v7-m\libc_nano.a(lib_a-exit.o) (_global_impure_ptr)
c:/st/stm32cubeide_1.5.0/stm32cubeide/plugins/com.st.stm32cube.ide.mcu.externaltools.gnu-tools-for-stm32.7-2018-q2-update.win32_1.5.0.202011040924/tools/bin/../lib/gcc/arm-none-eabi/7.3.1/../../../../arm-none-eabi/lib/thumb/v7-m\libc_nano.a(lib_a-init.o)
                              c:/st/stm32cubeide_1.5.0/stm32cubeide/plugins/com.st.stm32cube.ide.mcu.externaltools.gnu-tools-for-stm32.7-2018-q2-update.win32_1.5.0.202011040924/tools/bin/../lib/gcc/arm-none-eabi/7.3.1/../../../../arm-none-eabi/lib/thumb/v7-m/crt0.o (__libc_init_array)
c:/st/stm32cubeide_1.5.0/stm32cubeide/plugins/com.st.stm32cube.ide.mcu.externaltools.gnu-tools-for-stm32.7-2018-q2-update.win32_1.5.0.202011040924/tools/bin/../lib/gcc/arm-none-eabi/7.3.1/../../../../arm-none-eabi/lib/thumb/v7-m\libc_nano.a(lib_a-memcpy-stub.o)
                              Code/src/rfm98.o (memcpy)
c:/st/stm32cubeide_1.5.0/stm32cubeide/plugins/com.st.stm32cube.ide.mcu.externaltools.gnu-tools-for-stm32.7-2018-q2-update.win32_1.5.0.202011040924/tools/bin/../lib/gcc/arm-none-eabi/7.3.1/../../../../arm-none-eabi/lib/thumb/v7-m\libc_nano.a(lib_a-memset.o)
                              c:/st/stm32cubeide_1.5.0/stm32cubeide/plugins/com.st.stm32cube.ide.mcu.externaltools.gnu-tools-for-stm32.7-2018-q2-update.win32_1.5.0.202011040924/tools/bin/../lib/gcc/arm-none-eabi/7.3.1/../../../../arm-none-eabi/lib/thumb/v7-m/crt0.o (memset)
c:/st/stm32cubeide_1.5.0/stm32cubeide/plugins/com.st.stm32cube.ide.mcu.externaltools.gnu-tools-for-stm32.7-2018-q2-update.win32_1.5.0.202011040924/tools/bin/../lib/gcc/arm-none-eabi/7.3.1/../../../../arm-none-eabi/lib/thumb/v7-m\libm.a(lib_a-s_atan.o)
                              Code/src/lrns.o (atan)
c:/st/stm32cubeide_1.5.0/stm32cubeide/plugins/com.st.stm32cube.ide.mcu.externaltools.gnu-tools-for-stm32.7-2018-q2-update.win32_1.5.0.202011040924/tools/bin/../lib/gcc/arm-none-eabi/7.3.1/../../../../arm-none-eabi/lib/thumb/v7-m\libm.a(lib_a-s_cos.o)
                              Code/src/lrns.o (cos)
c:/st/stm32cubeide_1.5.0/stm32cubeide/plugins/com.st.stm32cube.ide.mcu.externaltools.gnu-tools-for-stm32.7-2018-q2-update.win32_1.5.0.202011040924/tools/bin/../lib/gcc/arm-none-eabi/7.3.1/../../../../arm-none-eabi/lib/thumb/v7-m\libm.a(lib_a-s_fabs.o)
                              c:/st/stm32cubeide_1.5.0/stm32cubeide/plugins/com.st.stm32cube.ide.mcu.externaltools.gnu-tools-for-stm32.7-2018-q2-update.win32_1.5.0.202011040924/tools/bin/../lib/gcc/arm-none-eabi/7.3.1/../../../../arm-none-eabi/lib/thumb/v7-m\libm.a(lib_a-s_atan.o) (fabs)
c:/st/stm32cubeide_1.5.0/stm32cubeide/plugins/com.st.stm32cube.ide.mcu.externaltools.gnu-tools-for-stm32.7-2018-q2-update.win32_1.5.0.202011040924/tools/bin/../lib/gcc/arm-none-eabi/7.3.1/../../../../arm-none-eabi/lib/thumb/v7-m\libm.a(lib_a-s_sin.o)
                              Code/src/lrns.o (sin)
c:/st/stm32cubeide_1.5.0/stm32cubeide/plugins/com.st.stm32cube.ide.mcu.externaltools.gnu-tools-for-stm32.7-2018-q2-update.win32_1.5.0.202011040924/tools/bin/../lib/gcc/arm-none-eabi/7.3.1/../../../../arm-none-eabi/lib/thumb/v7-m\libm.a(lib_a-s_tan.o)
                              Code/src/lrns.o (tan)
c:/st/stm32cubeide_1.5.0/stm32cubeide/plugins/com.st.stm32cube.ide.mcu.externaltools.gnu-tools-for-stm32.7-2018-q2-update.win32_1.5.0.202011040924/tools/bin/../lib/gcc/arm-none-eabi/7.3.1/../../../../arm-none-eabi/lib/thumb/v7-m\libm.a(lib_a-w_asin.o)
                              Code/src/lrns.o (asin)
c:/st/stm32cubeide_1.5.0/stm32cubeide/plugins/com.st.stm32cube.ide.mcu.externaltools.gnu-tools-for-stm32.7-2018-q2-update.win32_1.5.0.202011040924/tools/bin/../lib/gcc/arm-none-eabi/7.3.1/../../../../arm-none-eabi/lib/thumb/v7-m\libm.a(lib_a-w_log.o)
                              Code/src/lrns.o (log)
[...]
Memory Configuration

Name             Origin             Length             Attributes
RAM              0x0000000020000000 0x0000000000005000 xrw
FLASH            0x0000000008000000 0x0000000000010000 xr
*default*        0x0000000000000000 0xffffffffffffffff

Linker script and memory map

LOAD c:/st/stm32cubeide_1.5.0/stm32cubeide/plugins/com.st.stm32cube.ide.mcu.externaltools.gnu-tools-for-stm32.7-2018-q2-update.win32_1.5.0.202011040924/tools/bin/../lib/gcc/arm-none-eabi/7.3.1/thumb/v7-m/crti.o
LOAD c:/st/stm32cubeide_1.5.0/stm32cubeide/plugins/com.st.stm32cube.ide.mcu.externaltools.gnu-tools-for-stm32.7-2018-q2-update.win32_1.5.0.202011040924/tools/bin/../lib/gcc/arm-none-eabi/7.3.1/thumb/v7-m/crtbegin.o
LOAD c:/st/stm32cubeide_1.5.0/stm32cubeide/plugins/com.st.stm32cube.ide.mcu.externaltools.gnu-tools-for-stm32.7-2018-q2-update.win32_1.5.0.202011040924/tools/bin/../lib/gcc/arm-none-eabi/7.3.1/../../../../arm-none-eabi/lib/thumb/v7-m/crt0.o
LOAD CMSIS/src/core_cm3.o
LOAD CMSIS/src/system_stm32f10x.o
LOAD Code/src/adc.o
LOAD Code/src/buttons.o
LOAD Code/src/gpio.o
LOAD Code/src/gps.o
LOAD Code/src/i2c.o
LOAD Code/src/lrns.o
LOAD Code/src/m24c64.o
LOAD Code/src/main.o
LOAD Code/src/menu.o
LOAD Code/src/points.o
LOAD Code/src/rfm98.o
LOAD Code/src/service.o
LOAD Code/src/settings.o
LOAD Code/src/spi.o
LOAD Code/src/ssd1306.o
LOAD Code/src/ssd1306_bitmaps.o
LOAD Code/src/timer.o
LOAD Code/src/uart.o
LOAD Startup/startup_stm32f103c8tx.o
START GROUP
LOAD c:/st/stm32cubeide_1.5.0/stm32cubeide/plugins/com.st.stm32cube.ide.mcu.externaltools.gnu-tools-for-stm32.7-2018-q2-update.win32_1.5.0.202011040924/tools/bin/../lib/gcc/arm-none-eabi/7.3.1/../../../../arm-none-eabi/lib/thumb/v7-m\libc_nano.a
LOAD c:/st/stm32cubeide_1.5.0/stm32cubeide/plugins/com.st.stm32cube.ide.mcu.externaltools.gnu-tools-for-stm32.7-2018-q2-update.win32_1.5.0.202011040924/tools/bin/../lib/gcc/arm-none-eabi/7.3.1/../../../../arm-none-eabi/lib/thumb/v7-m\libm.a
END GROUP
START GROUP
LOAD c:/st/stm32cubeide_1.5.0/stm32cubeide/plugins/com.st.stm32cube.ide.mcu.externaltools.gnu-tools-for-stm32.7-2018-q2-update.win32_1.5.0.202011040924/tools/bin/../lib/gcc/arm-none-eabi/7.3.1/thumb/v7-m\libgcc.a
LOAD c:/st/stm32cubeide_1.5.0/stm32cubeide/plugins/com.st.stm32cube.ide.mcu.externaltools.gnu-tools-for-stm32.7-2018-q2-update.win32_1.5.0.202011040924/tools/bin/../lib/gcc/arm-none-eabi/7.3.1/../../../../arm-none-eabi/lib/thumb/v7-m\libc_nano.a
END GROUP
START GROUP
LOAD c:/st/stm32cubeide_1.5.0/stm32cubeide/plugins/com.st.stm32cube.ide.mcu.externaltools.gnu-tools-for-stm32.7-2018-q2-update.win32_1.5.0.202011040924/tools/bin/../lib/gcc/arm-none-eabi/7.3.1/thumb/v7-m\libgcc.a
LOAD c:/st/stm32cubeide_1.5.0/stm32cubeide/plugins/com.st.stm32cube.ide.mcu.externaltools.gnu-tools-for-stm32.7-2018-q2-update.win32_1.5.0.202011040924/tools/bin/../lib/gcc/arm-none-eabi/7.3.1/../../../../arm-none-eabi/lib/thumb/v7-m\libc_nano.a
LOAD c:/st/stm32cubeide_1.5.0/stm32cubeide/plugins/com.st.stm32cube.ide.mcu.externaltools.gnu-tools-for-stm32.7-2018-q2-update.win32_1.5.0.202011040924/tools/bin/../lib/gcc/arm-none-eabi/7.3.1/../../../../arm-none-eabi/lib/thumb/v7-m\libnosys.a
END GROUP
START GROUP
LOAD c:/st/stm32cubeide_1.5.0/stm32cubeide/plugins/com.st.stm32cube.ide.mcu.externaltools.gnu-tools-for-stm32.7-2018-q2-update.win32_1.5.0.202011040924/tools/bin/../lib/gcc/arm-none-eabi/7.3.1/thumb/v7-m\libgcc.a
LOAD c:/st/stm32cubeide_1.5.0/stm32cubeide/plugins/com.st.stm32cube.ide.mcu.externaltools.gnu-tools-for-stm32.7-2018-q2-update.win32_1.5.0.202011040924/tools/bin/../lib/gcc/arm-none-eabi/7.3.1/../../../../arm-none-eabi/lib/thumb/v7-m\libc_nano.a
LOAD c:/st/stm32cubeide_1.5.0/stm32cubeide/plugins/com.st.stm32cube.ide.mcu.externaltools.gnu-tools-for-stm32.7-2018-q2-update.win32_1.5.0.202011040924/tools/bin/../lib/gcc/arm-none-eabi/7.3.1/../../../../arm-none-eabi/lib/thumb/v7-m\libnosys.a
END GROUP
LOAD c:/st/stm32cubeide_1.5.0/stm32cubeide/plugins/com.st.stm32cube.ide.mcu.externaltools.gnu-tools-for-stm32.7-2018-q2-update.win32_1.5.0.202011040924/tools/bin/../lib/gcc/arm-none-eabi/7.3.1/thumb/v7-m/crtend.o
LOAD c:/st/stm32cubeide_1.5.0/stm32cubeide/plugins/com.st.stm32cube.ide.mcu.externaltools.gnu-tools-for-stm32.7-2018-q2-update.win32_1.5.0.202011040924/tools/bin/../lib/gcc/arm-none-eabi/7.3.1/thumb/v7-m/crtn.o
                0x0000000020005000                _estack = (ORIGIN (RAM) + LENGTH (RAM))
                0x0000000000000200                _Min_Heap_Size = 0x200
                0x0000000000000400                _Min_Stack_Size = 0x400

.isr_vector     0x0000000008000000      0x130
                0x0000000008000000                . = ALIGN (0x4)
 *(.isr_vector)
 .isr_vector    0x0000000008000000      0x130 Startup/startup_stm32f103c8tx.o
                0x0000000008000000                g_pfnVectors
                0x0000000008000130                . = ALIGN (0x4)

.text           0x0000000008000130     0xd604
                0x0000000008000130                . = ALIGN (0x4)
 *(.text)
 .text          0x0000000008000130       0x40 c:/st/stm32cubeide_1.5.0/stm32cubeide/plugins/com.st.stm32cube.ide.mcu.externaltools.gnu-tools-for-stm32.7-2018-q2-update.win32_1.5.0.202011040924/tools/bin/../lib/gcc/arm-none-eabi/7.3.1/thumb/v7-m/crtbegin.o
 .text          0x0000000008000170      0x378 c:/st/stm32cubeide_1.5.0/stm32cubeide/plugins/com.st.stm32cube.ide.mcu.externaltools.gnu-tools-for-stm32.7-2018-q2-update.win32_1.5.0.202011040924/tools/bin/../lib/gcc/arm-none-eabi/7.3.1/thumb/v7-m\libgcc.a(_arm_addsubdf3.o)
                0x0000000008000170                __aeabi_drsub
                0x0000000008000178                __aeabi_dsub
                0x0000000008000178                __subdf3
                0x000000000800017c                __aeabi_dadd
                0x000000000800017c                __adddf3
                0x00000000080003f4                __floatunsidf
                0x00000000080003f4                __aeabi_ui2d
                0x0000000008000414                __floatsidf
                0x0000000008000414                __aeabi_i2d
                0x0000000008000438                __aeabi_f2d
                0x0000000008000438                __extendsfdf2
                0x000000000800047c                __floatundidf
                0x000000000800047c                __aeabi_ul2d
                0x000000000800048c                __floatdidf
                0x000000000800048c                __aeabi_l2d
 .text          0x00000000080004e8      0x424 c:/st/stm32cubeide_1.5.0/stm32cubeide/plugins/com.st.stm32cube.ide.mcu.externaltools.gnu-tools-for-stm32.7-2018-q2-update.win32_1.5.0.202011040924/tools/bin/../lib/gcc/arm-none-eabi/7.3.1/thumb/v7-m\libgcc.a(_arm_muldivdf3.o)
                0x00000000080004e8                __aeabi_dmul
                0x00000000080004e8                __muldf3
                0x000000000800073c                __divdf3
                0x000000000800073c                __aeabi_ddiv
 .text          0x000000000800090c      0x110 c:/st/stm32cubeide_1.5.0/stm32cubeide/plugins/com.st.stm32cube.ide.mcu.externaltools.gnu-tools-for-stm32.7-2018-q2-update.win32_1.5.0.202011040924/tools/bin/../lib/gcc/arm-none-eabi/7.3.1/thumb/v7-m\libgcc.a(_arm_cmpdf2.o)
                0x000000000800090c                __gtdf2
                0x000000000800090c                __gedf2
                0x0000000008000914                __ltdf2
                0x0000000008000914                __ledf2
                0x000000000800091c                __nedf2
                0x000000000800091c                __eqdf2
                0x000000000800091c                __cmpdf2
                0x0000000008000998                __aeabi_cdrcmple
                0x00000000080009a8                __aeabi_cdcmpeq
                0x00000000080009a8                __aeabi_cdcmple
                0x00000000080009b8                __aeabi_dcmpeq
                0x00000000080009cc                __aeabi_dcmplt
                0x00000000080009e0                __aeabi_dcmple
                0x00000000080009f4                __aeabi_dcmpge
                0x0000000008000a08                __aeabi_dcmpgt
 .text          0x0000000008000a1c       0x2c c:/st/stm32cubeide_1.5.0/stm32cubeide/plugins/com.st.stm32cube.ide.mcu.externaltools.gnu-tools-for-stm32.7-2018-q2-update.win32_1.5.0.202011040924/tools/bin/../lib/gcc/arm-none-eabi/7.3.1/thumb/v7-m\libgcc.a(_arm_unorddf2.o)
                0x0000000008000a1c                __unorddf2
                0x0000000008000a1c                __aeabi_dcmpun
 .text          0x0000000008000a48       0x50 c:/st/stm32cubeide_1.5.0/stm32cubeide/plugins/com.st.stm32cube.ide.mcu.externaltools.gnu-tools-for-stm32.7-2018-q2-update.win32_1.5.0.202011040924/tools/bin/../lib/gcc/arm-none-eabi/7.3.1/thumb/v7-m\libgcc.a(_arm_fixdfsi.o)
                0x0000000008000a48                __aeabi_d2iz
                0x0000000008000a48                __fixdfsi
 .text          0x0000000008000a98       0x40 c:/st/stm32cubeide_1.5.0/stm32cubeide/plugins/com.st.stm32cube.ide.mcu.externaltools.gnu-tools-for-stm32.7-2018-q2-update.win32_1.5.0.202011040924/tools/bin/../lib/gcc/arm-none-eabi/7.3.1/thumb/v7-m\libgcc.a(_arm_fixunsdfsi.o)
                0x0000000008000a98                __aeabi_d2uiz
                0x0000000008000a98                __fixunsdfsi
 .text          0x0000000008000ad8       0xa0 c:/st/stm32cubeide_1.5.0/stm32cubeide/plugins/com.st.stm32cube.ide.mcu.externaltools.gnu-tools-for-stm32.7-2018-q2-update.win32_1.5.0.202011040924/tools/bin/../lib/gcc/arm-none-eabi/7.3.1/thumb/v7-m\libgcc.a(_arm_truncdfsf2.o)
                0x0000000008000ad8                __truncdfsf2
                0x0000000008000ad8                __aeabi_d2f
 .text          0x0000000008000b78      0x21c c:/st/stm32cubeide_1.5.0/stm32cubeide/plugins/com.st.stm32cube.ide.mcu.externaltools.gnu-tools-for-stm32.7-2018-q2-update.win32_1.5.0.202011040924/tools/bin/../lib/gcc/arm-none-eabi/7.3.1/thumb/v7-m\libgcc.a(_arm_addsubsf3.o)
                0x0000000008000b78                __aeabi_frsub
                0x0000000008000b80                __subsf3
                0x0000000008000b80                __aeabi_fsub
                0x0000000008000b84                __aeabi_fadd
                0x0000000008000b84                __addsf3
                0x0000000008000ce4                __aeabi_ui2f
                0x0000000008000ce4                __floatunsisf
                0x0000000008000cec                __aeabi_i2f
                0x0000000008000cec                __floatsisf
                0x0000000008000d08                __aeabi_ul2f
                0x0000000008000d08                __floatundisf
                0x0000000008000d18                __aeabi_l2f
                0x0000000008000d18                __floatdisf
 .text          0x0000000008000d94      0x2a0 c:/st/stm32cubeide_1.5.0/stm32cubeide/plugins/com.st.stm32cube.ide.mcu.externaltools.gnu-tools-for-stm32.7-2018-q2-update.win32_1.5.0.202011040924/tools/bin/../lib/gcc/arm-none-eabi/7.3.1/thumb/v7-m\libgcc.a(_arm_muldivsf3.o)
                0x0000000008000d94                __mulsf3
                0x0000000008000d94                __aeabi_fmul
                0x0000000008000efc                __aeabi_fdiv
                0x0000000008000efc                __divsf3
 .text          0x0000000008001034       0xec c:/st/stm32cubeide_1.5.0/stm32cubeide/plugins/com.st.stm32cube.ide.mcu.externaltools.gnu-tools-for-stm32.7-2018-q2-update.win32_1.5.0.202011040924/tools/bin/../lib/gcc/arm-none-eabi/7.3.1/thumb/v7-m\libgcc.a(_arm_cmpsf2.o)
                0x0000000008001034                __gesf2
                0x0000000008001034                __gtsf2
                0x000000000800103c                __lesf2
                0x000000000800103c                __ltsf2
                0x0000000008001044                __nesf2
                0x0000000008001044                __eqsf2
                0x0000000008001044                __cmpsf2
                0x00000000080010a4                __aeabi_cfrcmple
                0x00000000080010ac                __aeabi_cfcmpeq
                0x00000000080010ac                __aeabi_cfcmple
                0x00000000080010bc                __aeabi_fcmpeq
                0x00000000080010d0                __aeabi_fcmplt
                0x00000000080010e4                __aeabi_fcmple
                0x00000000080010f8                __aeabi_fcmpge
                0x000000000800110c                __aeabi_fcmpgt
 .text          0x0000000008001120       0x4c c:/st/stm32cubeide_1.5.0/stm32cubeide/plugins/com.st.stm32cube.ide.mcu.externaltools.gnu-tools-for-stm32.7-2018-q2-update.win32_1.5.0.202011040924/tools/bin/../lib/gcc/arm-none-eabi/7.3.1/thumb/v7-m\libgcc.a(_arm_fixsfsi.o)
                0x0000000008001120                __aeabi_f2iz
                0x0000000008001120                __fixsfsi
 .text          0x000000000800116c       0x40 c:/st/stm32cubeide_1.5.0/stm32cubeide/plugins/com.st.stm32cube.ide.mcu.externaltools.gnu-tools-for-stm32.7-2018-q2-update.win32_1.5.0.202011040924/tools/bin/../lib/gcc/arm-none-eabi/7.3.1/thumb/v7-m\libgcc.a(_arm_fixunssfsi.o)
                0x000000000800116c                __fixunssfsi
                0x000000000800116c                __aeabi_f2uiz
 *(.text*)
 .text.SystemInit
                0x00000000080011ac       0x68 CMSIS/src/system_stm32f10x.o
                0x00000000080011ac                SystemInit
 .text.SetSysClock
                0x0000000008001214        0xc CMSIS/src/system_stm32f10x.o
 .text.SetSysClockTo24
                0x0000000008001220       0xfc CMSIS/src/system_stm32f10x.o
 .text.NVIC_EnableIRQ
                0x000000000800131c       0x30 Code/src/adc.o
 .text.adc_init
                0x000000000800134c       0xa8 Code/src/adc.o
                0x000000000800134c                adc_init
 .text.adc_clock_disable
                0x00000000080013f4       0x18 Code/src/adc.o
                0x00000000080013f4                adc_clock_disable
 .text.adc_clock_enable
                0x000000000800140c       0x18 Code/src/adc.o
                0x000000000800140c                adc_clock_enable
 .text.adc_start_bat_voltage_reading
                0x0000000008001424       0x24 Code/src/adc.o
                0x0000000008001424                adc_start_bat_voltage_reading
 .text.adc_read_bat_voltage_result
                0x0000000008001448      0x10c Code/src/adc.o
                0x0000000008001448                adc_read_bat_voltage_result
 .text.adc_check_bat_voltage
                0x0000000008001554       0x2c Code/src/adc.o
                0x0000000008001554                adc_check_bat_voltage
 .text.get_bat_voltage_value
                0x0000000008001580       0x14 Code/src/adc.o
                0x0000000008001580                get_bat_voltage_value
 .text.scan_buttons
                0x0000000008001594      0x178 Code/src/buttons.o
                0x0000000008001594                scan_buttons
 .text.NVIC_EnableIRQ
                0x000000000800170c       0x30 Code/src/gpio.o
 .text.gpio_init
                0x000000000800173c      0x4dc Code/src/gpio.o
                0x000000000800173c                gpio_init
 .text.ext_int_init
                0x0000000008001c18       0x7c Code/src/gpio.o
                0x0000000008001c18                ext_int_init
 .text.led_red_on
                0x0000000008001c94       0x18 Code/src/gpio.o
                0x0000000008001c94                led_red_on
 .text.led_red_off
                0x0000000008001cac       0x18 Code/src/gpio.o
                0x0000000008001cac                led_red_off
 .text.led_green_on
                0x0000000008001cc4       0x18 Code/src/gpio.o
                0x0000000008001cc4                led_green_on
 .text.led_green_off
                0x0000000008001cdc       0x18 Code/src/gpio.o
                0x0000000008001cdc                led_green_off
 .text.cs_rfm98_active
                0x0000000008001cf4       0x18 Code/src/gpio.o
                0x0000000008001cf4                cs_rfm98_active
 .text.cs_rfm98_inactive
                0x0000000008001d0c       0x18 Code/src/gpio.o
                0x0000000008001d0c                cs_rfm98_inactive
 .text.res_rfm98_active
                0x0000000008001d24       0x3c Code/src/gpio.o
                0x0000000008001d24                res_rfm98_active
 .text.res_rfm98_inactive
                0x0000000008001d60       0x34 Code/src/gpio.o
                0x0000000008001d60                res_rfm98_inactive
 .text.res_ssd1306_active
                0x0000000008001d94       0x18 Code/src/gpio.o
                0x0000000008001d94                res_ssd1306_active
 .text.res_ssd1306_inactive
                0x0000000008001dac       0x18 Code/src/gpio.o
                0x0000000008001dac                res_ssd1306_inactive
 .text.ssd1306_data_mode
                0x0000000008001dc4       0x18 Code/src/gpio.o
                0x0000000008001dc4                ssd1306_data_mode
 .text.ssd1306_command_mode
                0x0000000008001ddc       0x18 Code/src/gpio.o
                0x0000000008001ddc                ssd1306_command_mode
 .text.cs_ssd1306_active
                0x0000000008001df4       0x18 Code/src/gpio.o
                0x0000000008001df4                cs_ssd1306_active
 .text.cs_ssd1306_inactive
                0x0000000008001e0c       0x18 Code/src/gpio.o
                0x0000000008001e0c                cs_ssd1306_inactive
 .text.hold_power
                0x0000000008001e24       0x18 Code/src/gpio.o
                0x0000000008001e24                hold_power
 .text.release_power
                0x0000000008001e3c       0x18 Code/src/gpio.o
                0x0000000008001e3c                release_power
 .text.gps_init
                0x0000000008001e54       0x60 Code/src/gps.o
                0x0000000008001e54                gps_init
 .text.send_ubx
                0x0000000008001eb4       0xe8 Code/src/gps.o
                0x0000000008001eb4                send_ubx
 .text.parse_gps
                0x0000000008001f9c       0x58 Code/src/gps.o
                0x0000000008001f9c                parse_gps
 .text.gps_raw_convert_to_numerical
                0x0000000008001ff4      0x340 Code/src/gps.o
                0x0000000008001ff4                gps_raw_convert_to_numerical
 .text.parse_RMC
                0x0000000008002334      0x1b4 Code/src/gps.o
                0x0000000008002334                parse_RMC
 .text.parse_GGA
                0x00000000080024e8       0xec Code/src/gps.o
                0x00000000080024e8                parse_GGA
 .text.parse_GSA
                0x00000000080025d4       0xec Code/src/gps.o
                0x00000000080025d4                parse_GSA
 .text.parse_GSV
                0x00000000080026c0       0xd0 Code/src/gps.o
                0x00000000080026c0                parse_GSV
 .text.nmea_checksum
                0x0000000008002790       0xc0 Code/src/gps.o
                0x0000000008002790                nmea_checksum
 .text.get_gps_status
                0x0000000008002850       0x18 Code/src/gps.o
                0x0000000008002850                get_gps_status
 .text.get_nmea_buf
                0x0000000008002868       0x14 Code/src/gps.o
                0x0000000008002868                get_nmea_buf
 .text.get_gps_raw
                0x000000000800287c       0x14 Code/src/gps.o
                0x000000000800287c                get_gps_raw
 .text.get_gps_num
                0x0000000008002890       0x14 Code/src/gps.o
                0x0000000008002890                get_gps_num
 .text.i2c_init
                0x00000000080028a4       0x70 Code/src/i2c.o
                0x00000000080028a4                i2c_init
 .text.i2c_clock_disable
                0x0000000008002914       0x18 Code/src/i2c.o
                0x0000000008002914                i2c_clock_disable
 .text.i2c_clock_enable
                0x000000000800292c       0x18 Code/src/i2c.o
                0x000000000800292c                i2c_clock_enable
 .text.init_lrns
                0x0000000008002944       0xec Code/src/lrns.o
                0x0000000008002944                init_lrns
 .text.set_device_flags
                0x0000000008002a30       0xfc Code/src/lrns.o
                0x0000000008002a30                set_device_flags
 .text.get_device_flags
                0x0000000008002b2c       0x88 Code/src/lrns.o
                0x0000000008002b2c                get_device_flags
 .text.check_alarms
                0x0000000008002bb4       0x4c Code/src/lrns.o
                0x0000000008002bb4                check_alarms
 .text.calc_timeout
                0x0000000008002c00       0xd0 Code/src/lrns.o
                0x0000000008002c00                calc_timeout
 .text.check_timeout
                0x0000000008002cd0       0x5c Code/src/lrns.o
                0x0000000008002cd0                check_timeout
 .text.check_fence
                0x0000000008002d2c       0x9c Code/src/lrns.o
                0x0000000008002d2c                check_fence
 .text.process_all_devices
                0x0000000008002dc8       0x54 Code/src/lrns.o
                0x0000000008002dc8                process_all_devices
 .text.gps_air_update_my_data
                0x0000000008002e1c      0x130 Code/src/lrns.o
                0x0000000008002e1c                gps_air_update_my_data
 .text.fill_air_packet_with_struct_data
                0x0000000008002f4c      0x214 Code/src/lrns.o
                0x0000000008002f4c                fill_air_packet_with_struct_data
 .text.fill_struct_with_air_packet_data
                0x0000000008003160      0x1f0 Code/src/lrns.o
                0x0000000008003160                fill_struct_with_air_packet_data
 .text.calc_relative_position
                0x0000000008003350      0x410 Code/src/lrns.o
                0x0000000008003350                calc_relative_position
 .text.get_gps_air
                0x0000000008003760       0x44 Code/src/lrns.o
                0x0000000008003760                get_gps_air
 .text.get_gps_rel
                0x00000000080037a4       0x3c Code/src/lrns.o
                0x00000000080037a4                get_gps_rel
 .text.get_dev_aux
                0x00000000080037e0       0x44 Code/src/lrns.o
                0x00000000080037e0                get_dev_aux
 .text.m24c64_poll
                0x0000000008003824       0xe8 Code/src/m24c64.o
                0x0000000008003824                m24c64_poll
 .text.m24c64_read_byte
                0x000000000800390c      0x14c Code/src/m24c64.o
                0x000000000800390c                m24c64_read_byte
 .text.m24c64_read_page
                0x0000000008003a58      0x1a0 Code/src/m24c64.o
                0x0000000008003a58                m24c64_read_page
 .text.m24c64_write_page
                0x0000000008003bf8      0x114 Code/src/m24c64.o
                0x0000000008003bf8                m24c64_write_page
 .text.m24c64_erase_page
                0x0000000008003d0c       0x4a Code/src/m24c64.o
                0x0000000008003d0c                m24c64_erase_page
 .text.m24c64_erase_all
                0x0000000008003d56       0x2a Code/src/m24c64.o
                0x0000000008003d56                m24c64_erase_all
 .text.__enable_irq
                0x0000000008003d80        0xe Code/src/main.o
 .text.__WFI    0x0000000008003d8e        0xe Code/src/main.o
 .text.NVIC_SetPriorityGrouping
                0x0000000008003d9c       0x48 Code/src/main.o
 .text.NVIC_SetPriority
                0x0000000008003de4       0x54 Code/src/main.o
 .text.NVIC_EncodePriority
                0x0000000008003e38       0x64 Code/src/main.o
 .text.main     0x0000000008003e9c      0x258 Code/src/main.o
                0x0000000008003e9c                main
 .text.DMA1_Channel5_IRQHandler
                0x00000000080040f4       0x48 Code/src/main.o
                0x00000000080040f4                DMA1_Channel5_IRQHandler
 .text.EXTI15_10_IRQHandler
                0x000000000800413c       0x4c Code/src/main.o
                0x000000000800413c                EXTI15_10_IRQHandler
 .text.EXTI9_5_IRQHandler
                0x0000000008004188       0x34 Code/src/main.o
                0x0000000008004188                EXTI9_5_IRQHandler
 .text.TIM1_UP_IRQHandler
                0x00000000080041bc       0xbc Code/src/main.o
                0x00000000080041bc                TIM1_UP_IRQHandler
 .text.SysTick_Handler
                0x0000000008004278       0x14 Code/src/main.o
                0x0000000008004278                SysTick_Handler
 .text.RTC_IRQHandler
                0x000000000800428c       0x38 Code/src/main.o
                0x000000000800428c                RTC_IRQHandler
 .text.ADC1_2_IRQHandler
                0x00000000080042c4       0x18 Code/src/main.o
                0x00000000080042c4                ADC1_2_IRQHandler
 .text.TIM2_IRQHandler
                0x00000000080042dc       0x2c Code/src/main.o
                0x00000000080042dc                TIM2_IRQHandler
 .text.setup_interrupt_priorities
                0x0000000008004308       0xb0 Code/src/main.o
                0x0000000008004308                setup_interrupt_priorities
 .text.get_uptime
                0x00000000080043b8       0x14 Code/src/main.o
                0x00000000080043b8                get_uptime
 .text.get_main_flags
                0x00000000080043cc       0x14 Code/src/main.o
                0x00000000080043cc                get_main_flags
 .text.__DSB    0x00000000080043e0       0x10 Code/src/menu.o
 .text.NVIC_SystemReset
                0x00000000080043f0       0x24 Code/src/menu.o
 .text.init_menu
                0x0000000008004414       0xc8 Code/src/menu.o
                0x0000000008004414                init_menu
 .text.change_menu
                0x00000000080044dc       0xe0 Code/src/menu.o
                0x00000000080044dc                change_menu
 .text.toggle_alarm
                0x00000000080045bc       0x38 Code/src/menu.o
                0x00000000080045bc                toggle_alarm
 .text.scroll_up
                0x00000000080045f4       0x3e Code/src/menu.o
                0x00000000080045f4                scroll_up
 .text.scroll_down
                0x0000000008004632       0x3e Code/src/menu.o
                0x0000000008004632                scroll_down
 .text.switch_forward
                0x0000000008004670       0x80 Code/src/menu.o
                0x0000000008004670                switch_forward
 .text.switch_backward
                0x00000000080046f0       0x58 Code/src/menu.o
                0x00000000080046f0                switch_backward
 .text.get_current_item
                0x0000000008004748       0x60 Code/src/menu.o
                0x0000000008004748                get_current_item
 .text.get_last_item
                0x00000000080047a8       0x60 Code/src/menu.o
                0x00000000080047a8                get_last_item
 .text.set_current_item
                0x0000000008004808       0x64 Code/src/menu.o
                0x0000000008004808                set_current_item
 .text.reset_current_item_in_menu
                0x000000000800486c       0x60 Code/src/menu.o
                0x000000000800486c                reset_current_item_in_menu
 .text.draw_current_menu
                0x00000000080048cc       0x4c Code/src/menu.o
                0x00000000080048cc                draw_current_menu
 .text.draw_main
                0x0000000008004918       0xbc Code/src/menu.o
                0x0000000008004918                draw_main
 .text.draw_devices
                0x00000000080049d4      0x6d8 Code/src/menu.o
                0x00000000080049d4                draw_devices
 *fill*         0x00000000080050ac        0x4 
 .text.draw_each_device
                0x00000000080050b0      0xdc4 Code/src/menu.o
                0x00000000080050b0                draw_each_device
 .text.draw_each_device_submenu
                0x0000000008005e74       0xc0 Code/src/menu.o
                0x0000000008005e74                draw_each_device_submenu
 .text.draw_delete_device
                0x0000000008005f34       0xd8 Code/src/menu.o
                0x0000000008005f34                draw_delete_device
 .text.delete_device_ok
                0x000000000800600c       0x68 Code/src/menu.o
                0x000000000800600c                delete_device_ok
 .text.draw_save_device
                0x0000000008006074      0x16c Code/src/menu.o
                0x0000000008006074                draw_save_device
 .text.draw_save_device_as
                0x00000000080061e0       0x8c Code/src/menu.o
                0x00000000080061e0                draw_save_device_as
 .text.draw_saved_popup
                0x000000000800626c       0x30 Code/src/menu.o
                0x000000000800626c                draw_saved_popup
 *fill*         0x000000000800629c        0x4 
 .text.draw_radar
                0x00000000080062a0      0x9c0 Code/src/menu.o
                0x00000000080062a0                draw_radar
 .text.draw_points
                0x0000000008006c60      0x188 Code/src/menu.o
                0x0000000008006c60                draw_points
 .text.draw_each_point
                0x0000000008006de8       0x78 Code/src/menu.o
                0x0000000008006de8                draw_each_point
 .text.draw_load_point
                0x0000000008006e60      0x11c Code/src/menu.o
                0x0000000008006e60                draw_load_point
 .text.draw_delete_point
                0x0000000008006f7c       0x6c Code/src/menu.o
                0x0000000008006f7c                draw_delete_point
 .text.draw_settings
                0x0000000008006fe8       0x68 Code/src/menu.o
                0x0000000008006fe8                draw_settings
 .text.draw_info
                0x0000000008007050       0x98 Code/src/menu.o
                0x0000000008007050                draw_info
 .text.draw_power_off
                0x00000000080070e8       0x30 Code/src/menu.o
                0x00000000080070e8                draw_power_off
 .text.draw_edit_settings
                0x0000000008007118      0x1d0 Code/src/menu.o
                0x0000000008007118                draw_edit_settings
 .text.draw_set_dev_num
                0x00000000080072e8       0xd4 Code/src/menu.o
                0x00000000080072e8                draw_set_dev_num
 .text.draw_set_dev_id
                0x00000000080073bc       0xa4 Code/src/menu.o
                0x00000000080073bc                draw_set_dev_id
 .text.draw_set_freq_ch
                0x0000000008007460       0x80 Code/src/menu.o
                0x0000000008007460                draw_set_freq_ch
 .text.draw_set_tx_pow
                0x00000000080074e0       0x98 Code/src/menu.o
                0x00000000080074e0                draw_set_tx_pow
 .text.draw_set_send_intvl
                0x0000000008007578       0x98 Code/src/menu.o
                0x0000000008007578                draw_set_send_intvl
 .text.draw_set_to_thr
                0x0000000008007610       0x8c Code/src/menu.o
                0x0000000008007610                draw_set_to_thr
 .text.draw_set_fnc_thr
                0x000000000800769c       0x8c Code/src/menu.o
                0x000000000800769c                draw_set_fnc_thr
 .text.draw_confirm_settings_save
                0x0000000008007728       0x5c Code/src/menu.o
                0x0000000008007728                draw_confirm_settings_save
 .text.draw_restore_defaults
                0x0000000008007784       0x40 Code/src/menu.o
                0x0000000008007784                draw_restore_defaults
 .text.draw_erase_all
                0x00000000080077c4       0x40 Code/src/menu.o
                0x00000000080077c4                draw_erase_all
 .text.devices_ok
                0x0000000008007804       0x38 Code/src/menu.o
                0x0000000008007804                devices_ok
 .text.each_device_up
                0x000000000800783c       0x44 Code/src/menu.o
                0x000000000800783c                each_device_up
 .text.each_device_down
                0x0000000008007880       0x44 Code/src/menu.o
                0x0000000008007880                each_device_down
 .text.each_device_ok
                0x00000000080078c4       0x18 Code/src/menu.o
                0x00000000080078c4                each_device_ok
 .text.save_device_up
                0x00000000080078dc       0x4c Code/src/menu.o
                0x00000000080078dc                save_device_up
 .text.save_device_down
                0x0000000008007928       0x4c Code/src/menu.o
                0x0000000008007928                save_device_down
 .text.save_device_ok
                0x0000000008007974       0x24 Code/src/menu.o
                0x0000000008007974                save_device_ok
 .text.save_device_esc
                0x0000000008007998       0x20 Code/src/menu.o
                0x0000000008007998                save_device_esc
 .text.save_device_as_up
                0x00000000080079b8       0x40 Code/src/menu.o
                0x00000000080079b8                save_device_as_up
 .text.save_device_as_down
                0x00000000080079f8       0x40 Code/src/menu.o
                0x00000000080079f8                save_device_as_down
 .text.save_device_as_ok
                0x0000000008007a38       0x2c Code/src/menu.o
                0x0000000008007a38                save_device_as_ok
 .text.save_device_as_ok_long
                0x0000000008007a64       0x50 Code/src/menu.o
                0x0000000008007a64                save_device_as_ok_long
 .text.save_device_as_esc
                0x0000000008007ab4       0x20 Code/src/menu.o
                0x0000000008007ab4                save_device_as_esc
 .text.saved_popup_esc
                0x0000000008007ad4       0x3c Code/src/menu.o
                0x0000000008007ad4                saved_popup_esc
 .text.radar_up
                0x0000000008007b10       0x5c Code/src/menu.o
                0x0000000008007b10                radar_up
 .text.radar_down
                0x0000000008007b6c       0x5c Code/src/menu.o
                0x0000000008007b6c                radar_down
 .text.radar_ok
                0x0000000008007bc8       0x34 Code/src/menu.o
                0x0000000008007bc8                radar_ok
 .text.points_up
                0x0000000008007bfc       0x2c Code/src/menu.o
                0x0000000008007bfc                points_up
 .text.points_down
                0x0000000008007c28       0x2c Code/src/menu.o
                0x0000000008007c28                points_down
 .text.points_ok
                0x0000000008007c54       0x34 Code/src/menu.o
                0x0000000008007c54                points_ok
 .text.points_esc
                0x0000000008007c88       0x20 Code/src/menu.o
                0x0000000008007c88                points_esc
 .text.load_point_up
                0x0000000008007ca8       0x5c Code/src/menu.o
                0x0000000008007ca8                load_point_up
 .text.load_point_down
                0x0000000008007d04       0x5c Code/src/menu.o
                0x0000000008007d04                load_point_down
 .text.load_point_ok
                0x0000000008007d60       0x44 Code/src/menu.o
                0x0000000008007d60                load_point_ok
 .text.load_point_esc
                0x0000000008007da4       0x20 Code/src/menu.o
                0x0000000008007da4                load_point_esc
 .text.delete_point_ok
                0x0000000008007dc4       0x30 Code/src/menu.o
                0x0000000008007dc4                delete_point_ok
 .text.set_dev_num_up
                0x0000000008007df4       0x70 Code/src/menu.o
                0x0000000008007df4                set_dev_num_up
 .text.set_dev_num_down
                0x0000000008007e64       0x6c Code/src/menu.o
                0x0000000008007e64                set_dev_num_down
 .text.set_dev_num_ok
                0x0000000008007ed0       0x2c Code/src/menu.o
                0x0000000008007ed0                set_dev_num_ok
 .text.set_dev_num_ok_long
                0x0000000008007efc       0x5c Code/src/menu.o
                0x0000000008007efc                set_dev_num_ok_long
 .text.set_dev_num_esc
                0x0000000008007f58       0x34 Code/src/menu.o
                0x0000000008007f58                set_dev_num_esc
 .text.confirm_settings_save_ok
                0x0000000008007f8c       0x38 Code/src/menu.o
                0x0000000008007f8c                confirm_settings_save_ok
 .text.set_dev_id_up
                0x0000000008007fc4       0x4c Code/src/menu.o
                0x0000000008007fc4                set_dev_id_up
 .text.set_dev_id_down
                0x0000000008008010       0x4c Code/src/menu.o
                0x0000000008008010                set_dev_id_down
 .text.set_dev_id_ok
                0x000000000800805c       0x2c Code/src/menu.o
                0x000000000800805c                set_dev_id_ok
 .text.set_dev_id_ok_long
                0x0000000008008088       0x58 Code/src/menu.o
                0x0000000008008088                set_dev_id_ok_long
 .text.set_dev_id_esc
                0x00000000080080e0       0x54 Code/src/menu.o
                0x00000000080080e0                set_dev_id_esc
 .text.set_freq_ch_up
                0x0000000008008134       0x2c Code/src/menu.o
                0x0000000008008134                set_freq_ch_up
 .text.set_freq_ch_down
                0x0000000008008160       0x2c Code/src/menu.o
                0x0000000008008160                set_freq_ch_down
 .text.set_freq_ch_ok
                0x000000000800818c       0x38 Code/src/menu.o
                0x000000000800818c                set_freq_ch_ok
 .text.set_freq_ch_esc
                0x00000000080081c4       0x28 Code/src/menu.o
                0x00000000080081c4                set_freq_ch_esc
 .text.set_tx_pow_up
                0x00000000080081ec       0x2c Code/src/menu.o
                0x00000000080081ec                set_tx_pow_up
 .text.set_tx_pow_down
                0x0000000008008218       0x2c Code/src/menu.o
                0x0000000008008218                set_tx_pow_down
 .text.set_tx_pow_ok
                0x0000000008008244       0x38 Code/src/menu.o
                0x0000000008008244                set_tx_pow_ok
 .text.set_tx_pow_esc
                0x000000000800827c       0x28 Code/src/menu.o
                0x000000000800827c                set_tx_pow_esc
 .text.set_send_intvl_up
                0x00000000080082a4       0x2c Code/src/menu.o
                0x00000000080082a4                set_send_intvl_up
 .text.set_send_intvl_down
                0x00000000080082d0       0x2c Code/src/menu.o
                0x00000000080082d0                set_send_intvl_down
 .text.set_send_intvl_ok
                0x00000000080082fc       0x38 Code/src/menu.o
                0x00000000080082fc                set_send_intvl_ok
 .text.set_send_intvl_esc
                0x0000000008008334       0x28 Code/src/menu.o
                0x0000000008008334                set_send_intvl_esc
 .text.set_to_thr_up
                0x000000000800835c       0x28 Code/src/menu.o
                0x000000000800835c                set_to_thr_up
 .text.set_to_thr_down
                0x0000000008008384       0x24 Code/src/menu.o
                0x0000000008008384                set_to_thr_down
 .text.set_to_thr_ok
                0x00000000080083a8       0x38 Code/src/menu.o
                0x00000000080083a8                set_to_thr_ok
 .text.set_to_thr_esc
                0x00000000080083e0       0x28 Code/src/menu.o
                0x00000000080083e0                set_to_thr_esc
 .text.set_fnc_thr_up
                0x0000000008008408       0x28 Code/src/menu.o
                0x0000000008008408                set_fnc_thr_up
 .text.set_fnc_thr_down
                0x0000000008008430       0x24 Code/src/menu.o
                0x0000000008008430                set_fnc_thr_down
 .text.set_fnc_thr_ok
                0x0000000008008454       0x38 Code/src/menu.o
                0x0000000008008454                set_fnc_thr_ok
 .text.set_fnc_thr_esc
                0x000000000800848c       0x28 Code/src/menu.o
                0x000000000800848c                set_fnc_thr_esc
 .text.confirm_settings_save_esc
                0x00000000080084b4       0x3c Code/src/menu.o
                0x00000000080084b4                confirm_settings_save_esc
 .text.restore_defaults_ok
                0x00000000080084f0       0x34 Code/src/menu.o
                0x00000000080084f0                restore_defaults_ok
 .text.erase_all_ok
                0x0000000008008524       0x34 Code/src/menu.o
                0x0000000008008524                erase_all_ok
 .text.power_off_ok
                0x0000000008008558        0xc Code/src/menu.o
                0x0000000008008558                power_off_ok
 .text.get_memory_slot
                0x0000000008008564       0x40 Code/src/points.o
                0x0000000008008564                get_memory_slot
 .text.init_points
                0x00000000080085a4       0x9c Code/src/points.o
                0x00000000080085a4                init_points
 .text.read_memory_slots
                0x0000000008008640      0x168 Code/src/points.o
                0x0000000008008640                read_memory_slots
 .text.save_memory_point
                0x00000000080087a8      0x158 Code/src/points.o
                0x00000000080087a8                save_memory_point
 .text.load_memory_point
                0x0000000008008900      0x1c0 Code/src/points.o
                0x0000000008008900                load_memory_point
 .text.delete_memory_point
                0x0000000008008ac0       0x24 Code/src/points.o
                0x0000000008008ac0                delete_memory_point
 .text.clear_point_buffer
                0x0000000008008ae4       0x30 Code/src/points.o
                0x0000000008008ae4                clear_point_buffer
 .text.rfm98_init
                0x0000000008008b14      0x244 Code/src/rfm98.o
                0x0000000008008b14                rfm98_init
 .text.rfm98_tx_packet
                0x0000000008008d58       0x8c Code/src/rfm98.o
                0x0000000008008d58                rfm98_tx_packet
 .text.rfm98_start_rx
                0x0000000008008de4       0x5a Code/src/rfm98.o
                0x0000000008008de4                rfm98_start_rx
 *fill*         0x0000000008008e3e        0x2 
 .text.rfm98_get_irq_status
                0x0000000008008e40       0x3c Code/src/rfm98.o
                0x0000000008008e40                rfm98_get_irq_status
 .text.rfm98_get_rx_packet
                0x0000000008008e7c       0x4c Code/src/rfm98.o
                0x0000000008008e7c                rfm98_get_rx_packet
 .text.rfm98_flush_fifo
                0x0000000008008ec8       0x24 Code/src/rfm98.o
                0x0000000008008ec8                rfm98_flush_fifo
 .text.get_air_packet_tx
                0x0000000008008eec       0x14 Code/src/rfm98.o
                0x0000000008008eec                get_air_packet_tx
 .text.get_air_packet_rx
                0x0000000008008f00       0x14 Code/src/rfm98.o
                0x0000000008008f00                get_air_packet_rx
 .text.convert_timeout
                0x0000000008008f14      0x258 Code/src/service.o
                0x0000000008008f14                convert_timeout
 .text.delay_cyc
                0x000000000800916c       0x20 Code/src/service.o
                0x000000000800916c                delay_cyc
 .text.atof32   0x000000000800918c      0x130 Code/src/service.o
                0x000000000800918c                atof32
 .text.ftoa32   0x00000000080092bc      0x210 Code/src/service.o
                0x00000000080092bc                ftoa32
 .text.atoi32   0x00000000080094cc       0x8e Code/src/service.o
                0x00000000080094cc                atoi32
 *fill*         0x000000000800955a        0x2 
 .text.itoa32   0x000000000800955c       0xf8 Code/src/service.o
                0x000000000800955c                itoa32
 .text.get_send_interval_values
                0x0000000008009654       0x14 Code/src/settings.o
                0x0000000008009654                get_send_interval_values
 .text.get_tx_power_values
                0x0000000008009668       0x14 Code/src/settings.o
                0x0000000008009668                get_tx_power_values
 .text.get_settings
                0x000000000800967c       0x14 Code/src/settings.o
                0x000000000800967c                get_settings
 .text.settings_load
                0x0000000008009690       0x8c Code/src/settings.o
                0x0000000008009690                settings_load
 .text.settings_save_default
                0x000000000800971c       0x7c Code/src/settings.o
                0x000000000800971c                settings_save_default
 .text.settings_save
                0x0000000008009798       0x94 Code/src/settings.o
                0x0000000008009798                settings_save
 .text.spi1_init
                0x000000000800982c       0xb8 Code/src/spi.o
                0x000000000800982c                spi1_init
 .text.spi1_clock_disable
                0x00000000080098e4       0x18 Code/src/spi.o
                0x00000000080098e4                spi1_clock_disable
 .text.spi1_clock_enable
                0x00000000080098fc       0x18 Code/src/spi.o
                0x00000000080098fc                spi1_clock_enable
 .text.spi2_init
                0x0000000008009914       0x90 Code/src/spi.o
                0x0000000008009914                spi2_init
 .text.spi2_clock_disable
                0x00000000080099a4       0x18 Code/src/spi.o
                0x00000000080099a4                spi2_clock_disable
 .text.spi2_clock_enable
                0x00000000080099bc       0x18 Code/src/spi.o
                0x00000000080099bc                spi2_clock_enable
 .text.spi1_trx
                0x00000000080099d4       0x48 Code/src/spi.o
                0x00000000080099d4                spi1_trx
 .text.spi2_trx
                0x0000000008009a1c       0x48 Code/src/spi.o
                0x0000000008009a1c                spi2_trx
 .text.ssd1306_init
                0x0000000008009a64       0x98 Code/src/ssd1306.o
                0x0000000008009a64                ssd1306_init
 .text.ssd1306_on
                0x0000000008009afc       0x22 Code/src/ssd1306.o
                0x0000000008009afc                ssd1306_on
 .text.ssd1306_off
                0x0000000008009b1e       0x22 Code/src/ssd1306.o
                0x0000000008009b1e                ssd1306_off
 .text.ssd1306_toggle_display
                0x0000000008009b40       0x30 Code/src/ssd1306.o
                0x0000000008009b40                ssd1306_toggle_display
 .text.ssd1306_get_display_status
                0x0000000008009b70       0x14 Code/src/ssd1306.o
                0x0000000008009b70                ssd1306_get_display_status
 .text.ssd1306_update
                0x0000000008009b84       0x54 Code/src/ssd1306.o
                0x0000000008009b84                ssd1306_update
 .text.ssd1306_clear
                0x0000000008009bd8       0x30 Code/src/ssd1306.o
                0x0000000008009bd8                ssd1306_clear
 .text.ssd1306_pixel
                0x0000000008009c08       0xd4 Code/src/ssd1306.o
                0x0000000008009c08                ssd1306_pixel
 .text.ssd1306_pos
                0x0000000008009cdc       0x44 Code/src/ssd1306.o
                0x0000000008009cdc                ssd1306_pos
 .text.ssd1306_char
                0x0000000008009d20       0x88 Code/src/ssd1306.o
                0x0000000008009d20                ssd1306_char
 .text.ssd1306_char_pos
                0x0000000008009da8       0x3e Code/src/ssd1306.o
                0x0000000008009da8                ssd1306_char_pos
 .text.ssd1306_print
                0x0000000008009de6       0x46 Code/src/ssd1306.o
                0x0000000008009de6                ssd1306_print
 .text.ssd1306_print_viceversa
                0x0000000008009e2c       0x78 Code/src/ssd1306.o
                0x0000000008009e2c                ssd1306_print_viceversa
 .text.ssd1306_print_next
                0x0000000008009ea4       0x30 Code/src/ssd1306.o
                0x0000000008009ea4                ssd1306_print_next
 .text.ssd1306_bitmap
                0x0000000008009ed4       0x38 Code/src/ssd1306.o
                0x0000000008009ed4                ssd1306_bitmap
 .text.ssd1306_print_byte
                0x0000000008009f0c       0x58 Code/src/ssd1306.o
                0x0000000008009f0c                ssd1306_print_byte
 .text.NVIC_EnableIRQ
                0x0000000008009f64       0x30 Code/src/timer.o
 .text.timers_init
                0x0000000008009f94       0x1c Code/src/timer.o
                0x0000000008009f94                timers_init
 .text.make_a_beep
                0x0000000008009fb0       0x24 Code/src/timer.o
                0x0000000008009fb0                make_a_beep
 .text.make_a_long_beep
                0x0000000008009fd4       0x24 Code/src/timer.o
                0x0000000008009fd4                make_a_long_beep
 .text.toggle_mute
                0x0000000008009ff8       0x2c Code/src/timer.o
                0x0000000008009ff8                toggle_mute
 .text.get_mute_flag
                0x000000000800a024       0x14 Code/src/timer.o
                0x000000000800a024                get_mute_flag
 .text.rtc_init
                0x000000000800a038      0x100 Code/src/timer.o
                0x000000000800a038                rtc_init
 .text.systick_init
                0x000000000800a138       0x38 Code/src/timer.o
                0x000000000800a138                systick_init
 .text.systick_set_100ms
                0x000000000800a170       0x20 Code/src/timer.o
                0x000000000800a170                systick_set_100ms
 .text.systick_set_1000ms
                0x000000000800a190       0x20 Code/src/timer.o
                0x000000000800a190                systick_set_1000ms
 .text.systick_stop
                0x000000000800a1b0       0x1c Code/src/timer.o
                0x000000000800a1b0                systick_stop
 .text.systick_start
                0x000000000800a1cc       0x1c Code/src/timer.o
                0x000000000800a1cc                systick_start
 .text.timer1_init
                0x000000000800a1e8       0x6c Code/src/timer.o
                0x000000000800a1e8                timer1_init
 .text.timer1_clock_disable
                0x000000000800a254       0x18 Code/src/timer.o
                0x000000000800a254                timer1_clock_disable
 .text.timer1_clock_enable
                0x000000000800a26c       0x18 Code/src/timer.o
                0x000000000800a26c                timer1_clock_enable
 .text.timer1_start
                0x000000000800a284       0x20 Code/src/timer.o
                0x000000000800a284                timer1_start
 .text.timer1_stop_reload
                0x000000000800a2a4       0x28 Code/src/timer.o
                0x000000000800a2a4                timer1_stop_reload
 .text.timer2_init
                0x000000000800a2cc       0x60 Code/src/timer.o
                0x000000000800a2cc                timer2_init
 .text.timer3_init
                0x000000000800a32c       0xa0 Code/src/timer.o
                0x000000000800a32c                timer3_init
 .text.timer3_clock_disable
                0x000000000800a3cc       0x18 Code/src/timer.o
                0x000000000800a3cc                timer3_clock_disable
 .text.timer3_clock_enable
                0x000000000800a3e4       0x18 Code/src/timer.o
                0x000000000800a3e4                timer3_clock_enable
 .text.timer3_stop
                0x000000000800a3fc       0x48 Code/src/timer.o
                0x000000000800a3fc                timer3_stop
 .text.timer3_start
                0x000000000800a444       0x40 Code/src/timer.o
                0x000000000800a444                timer3_start
 .text.NVIC_EnableIRQ
                0x000000000800a484       0x30 Code/src/uart.o
 .text.uart_dma_init
                0x000000000800a4b4       0xd4 Code/src/uart.o
                0x000000000800a4b4                uart_dma_init
 .text.uart_dma_stop
                0x000000000800a588       0x1c Code/src/uart.o
                0x000000000800a588                uart_dma_stop
 .text.uart_dma_restart
                0x000000000800a5a4       0x30 Code/src/uart.o
                0x000000000800a5a4                uart_dma_restart
 .text.backup_and_clear_uart_buffer
                0x000000000800a5d4       0x44 Code/src/uart.o
                0x000000000800a5d4                backup_and_clear_uart_buffer
 .text.Reset_Handler
                0x000000000800a618       0x50 Startup/startup_stm32f103c8tx.o
                0x000000000800a618                Reset_Handler
 .text.Default_Handler
                0x000000000800a668        0x2 Startup/startup_stm32f103c8tx.o
                0x000000000800a668                EXTI2_IRQHandler
                0x000000000800a668                TIM8_TRG_COM_IRQHandler
                0x000000000800a668                TIM8_CC_IRQHandler
                0x000000000800a668                DebugMon_Handler
                0x000000000800a668                TIM1_CC_IRQHandler
                0x000000000800a668                HardFault_Handler
                0x000000000800a668                TIM6_IRQHandler
                0x000000000800a668                PVD_IRQHandler
                0x000000000800a668                SDIO_IRQHandler
                0x000000000800a668                PendSV_Handler
                0x000000000800a668                NMI_Handler
                0x000000000800a668                EXTI3_IRQHandler
                0x000000000800a668                USB_HP_CAN_TX_IRQHandler
                0x000000000800a668                EXTI0_IRQHandler
                0x000000000800a668                I2C2_EV_IRQHandler
                0x000000000800a668                UsageFault_Handler
                0x000000000800a668                SPI1_IRQHandler
                0x000000000800a668                CAN_SCE_IRQHandler
                0x000000000800a668                TAMPER_IRQHandler
                0x000000000800a668                TIM8_UP_IRQHandler
                0x000000000800a668                DMA2_Channel2_IRQHandler
                0x000000000800a668                DMA1_Channel4_IRQHandler
                0x000000000800a668                USART3_IRQHandler
                0x000000000800a668                DMA1_Channel7_IRQHandler
                0x000000000800a668                UART5_IRQHandler
                0x000000000800a668                ADC3_IRQHandler
                0x000000000800a668                TIM4_IRQHandler
                0x000000000800a668                CAN_RX1_IRQHandler
                0x000000000800a668                DMA2_Channel1_IRQHandler
                0x000000000800a668                I2C1_EV_IRQHandler
                0x000000000800a668                DMA1_Channel6_IRQHandler
                0x000000000800a668                UART4_IRQHandler
                0x000000000800a668                TIM3_IRQHandler
                0x000000000800a668                RCC_IRQHandler
                0x000000000800a668                TIM1_TRG_COM_IRQHandler
                0x000000000800a668                DMA1_Channel1_IRQHandler
                0x000000000800a668                Default_Handler
                0x000000000800a668                TIM7_IRQHandler
                0x000000000800a668                TIM5_IRQHandler
                0x000000000800a668                SPI2_IRQHandler
                0x000000000800a668                USB_LP_CAN_RX0_IRQHandler
                0x000000000800a668                MemManage_Handler
                0x000000000800a668                SVC_Handler
                0x000000000800a668                EXTI4_IRQHandler
                0x000000000800a668                DMA1_Channel3_IRQHandler
                0x000000000800a668                FSMC_IRQHandler
                0x000000000800a668                WWDG_IRQHandler
                0x000000000800a668                TIM1_BRK_IRQHandler
                0x000000000800a668                EXTI1_IRQHandler
                0x000000000800a668                RTCAlarm_IRQHandler
                0x000000000800a668                DMA2_Channel4_5_IRQHandler
                0x000000000800a668                USART2_IRQHandler
                0x000000000800a668                I2C2_ER_IRQHandler
                0x000000000800a668                DMA1_Channel2_IRQHandler
                0x000000000800a668                TIM8_BRK_IRQHandler
                0x000000000800a668                FLASH_IRQHandler
                0x000000000800a668                BusFault_Handler
                0x000000000800a668                USART1_IRQHandler
                0x000000000800a668                SPI3_IRQHandler
                0x000000000800a668                I2C1_ER_IRQHandler
                0x000000000800a668                DMA2_Channel3_IRQHandler
 *fill*         0x000000000800a66a        0x2 
 .text.__libc_init_array
                0x000000000800a66c       0x48 c:/st/stm32cubeide_1.5.0/stm32cubeide/plugins/com.st.stm32cube.ide.mcu.externaltools.gnu-tools-for-stm32.7-2018-q2-update.win32_1.5.0.202011040924/tools/bin/../lib/gcc/arm-none-eabi/7.3.1/../../../../arm-none-eabi/lib/thumb/v7-m\libc_nano.a(lib_a-init.o)
                0x000000000800a66c                __libc_init_array
 .text.memcpy   0x000000000800a6b4       0x16 c:/st/stm32cubeide_1.5.0/stm32cubeide/plugins/com.st.stm32cube.ide.mcu.externaltools.gnu-tools-for-stm32.7-2018-q2-update.win32_1.5.0.202011040924/tools/bin/../lib/gcc/arm-none-eabi/7.3.1/../../../../arm-none-eabi/lib/thumb/v7-m\libc_nano.a(lib_a-memcpy-stub.o)
                0x000000000800a6b4                memcpy
 .text.memset   0x000000000800a6ca       0x10 c:/st/stm32cubeide_1.5.0/stm32cubeide/plugins/com.st.stm32cube.ide.mcu.externaltools.gnu-tools-for-stm32.7-2018-q2-update.win32_1.5.0.202011040924/tools/bin/../lib/gcc/arm-none-eabi/7.3.1/../../../../arm-none-eabi/lib/thumb/v7-m\libc_nano.a(lib_a-memset.o)
                0x000000000800a6ca                memset
 *fill*         0x000000000800a6da        0x6 
 .text.atan     0x000000000800a6e0      0x314 c:/st/stm32cubeide_1.5.0/stm32cubeide/plugins/com.st.stm32cube.ide.mcu.externaltools.gnu-tools-for-stm32.7-2018-q2-update.win32_1.5.0.202011040924/tools/bin/../lib/gcc/arm-none-eabi/7.3.1/../../../../arm-none-eabi/lib/thumb/v7-m\libm.a(lib_a-s_atan.o)
                0x000000000800a6e0                atan
 .text.cos      0x000000000800a9f4       0x6c c:/st/stm32cubeide_1.5.0/stm32cubeide/plugins/com.st.stm32cube.ide.mcu.externaltools.gnu-tools-for-stm32.7-2018-q2-update.win32_1.5.0.202011040924/tools/bin/../lib/gcc/arm-none-eabi/7.3.1/../../../../arm-none-eabi/lib/thumb/v7-m\libm.a(lib_a-s_cos.o)
                0x000000000800a9f4                cos
 .text.fabs     0x000000000800aa60        0x8 c:/st/stm32cubeide_1.5.0/stm32cubeide/plugins/com.st.stm32cube.ide.mcu.externaltools.gnu-tools-for-stm32.7-2018-q2-update.win32_1.5.0.202011040924/tools/bin/../lib/gcc/arm-none-eabi/7.3.1/../../../../arm-none-eabi/lib/thumb/v7-m\libm.a(lib_a-s_fabs.o)
                0x000000000800aa60                fabs
 .text.sin      0x000000000800aa68       0x74 c:/st/stm32cubeide_1.5.0/stm32cubeide/plugins/com.st.stm32cube.ide.mcu.externaltools.gnu-tools-for-stm32.7-2018-q2-update.win32_1.5.0.202011040924/tools/bin/../lib/gcc/arm-none-eabi/7.3.1/../../../../arm-none-eabi/lib/thumb/v7-m\libm.a(lib_a-s_sin.o)
                0x000000000800aa68                sin
 .text.tan      0x000000000800aadc       0x54 c:/st/stm32cubeide_1.5.0/stm32cubeide/plugins/com.st.stm32cube.ide.mcu.externaltools.gnu-tools-for-stm32.7-2018-q2-update.win32_1.5.0.202011040924/tools/bin/../lib/gcc/arm-none-eabi/7.3.1/../../../../arm-none-eabi/lib/thumb/v7-m\libm.a(lib_a-s_tan.o)
                0x000000000800aadc                tan
 .text.asin     0x000000000800ab30       0xa8 c:/st/stm32cubeide_1.5.0/stm32cubeide/plugins/com.st.stm32cube.ide.mcu.externaltools.gnu-tools-for-stm32.7-2018-q2-update.win32_1.5.0.202011040924/tools/bin/../lib/gcc/arm-none-eabi/7.3.1/../../../../arm-none-eabi/lib/thumb/v7-m\libm.a(lib_a-w_asin.o)
                0x000000000800ab30                asin
 .text.log      0x000000000800abd8       0xf4 c:/st/stm32cubeide_1.5.0/stm32cubeide/plugins/com.st.stm32cube.ide.mcu.externaltools.gnu-tools-for-stm32.7-2018-q2-update.win32_1.5.0.202011040924/tools/bin/../lib/gcc/arm-none-eabi/7.3.1/../../../../arm-none-eabi/lib/thumb/v7-m\libm.a(lib_a-w_log.o)
                0x000000000800abd8                log
 .text.pow      0x000000000800accc      0x2b8 c:/st/stm32cubeide_1.5.0/stm32cubeide/plugins/com.st.stm32cube.ide.mcu.externaltools.gnu-tools-for-stm32.7-2018-q2-update.win32_1.5.0.202011040924/tools/bin/../lib/gcc/arm-none-eabi/7.3.1/../../../../arm-none-eabi/lib/thumb/v7-m\libm.a(lib_a-w_pow.o)
                0x000000000800accc                pow
 .text.sqrt     0x000000000800af84       0xa8 c:/st/stm32cubeide_1.5.0/stm32cubeide/plugins/com.st.stm32cube.ide.mcu.externaltools.gnu-tools-for-stm32.7-2018-q2-update.win32_1.5.0.202011040924/tools/bin/../lib/gcc/arm-none-eabi/7.3.1/../../../../arm-none-eabi/lib/thumb/v7-m\libm.a(lib_a-w_sqrt.o)
                0x000000000800af84                sqrt
 *fill*         0x000000000800b02c        0x4 
 .text.__ieee754_asin
                0x000000000800b030      0x3f8 c:/st/stm32cubeide_1.5.0/stm32cubeide/plugins/com.st.stm32cube.ide.mcu.externaltools.gnu-tools-for-stm32.7-2018-q2-update.win32_1.5.0.202011040924/tools/bin/../lib/gcc/arm-none-eabi/7.3.1/../../../../arm-none-eabi/lib/thumb/v7-m\libm.a(lib_a-e_asin.o)
                0x000000000800b030                __ieee754_asin
 .text.__ieee754_log
                0x000000000800b428      0x364 c:/st/stm32cubeide_1.5.0/stm32cubeide/plugins/com.st.stm32cube.ide.mcu.externaltools.gnu-tools-for-stm32.7-2018-q2-update.win32_1.5.0.202011040924/tools/bin/../lib/gcc/arm-none-eabi/7.3.1/../../../../arm-none-eabi/lib/thumb/v7-m\libm.a(lib_a-e_log.o)
                0x000000000800b428                __ieee754_log
 *fill*         0x000000000800b78c        0x4 
 .text.__ieee754_pow
                0x000000000800b790      0xa14 c:/st/stm32cubeide_1.5.0/stm32cubeide/plugins/com.st.stm32cube.ide.mcu.externaltools.gnu-tools-for-stm32.7-2018-q2-update.win32_1.5.0.202011040924/tools/bin/../lib/gcc/arm-none-eabi/7.3.1/../../../../arm-none-eabi/lib/thumb/v7-m\libm.a(lib_a-e_pow.o)
                0x000000000800b790                __ieee754_pow
 *fill*         0x000000000800c1a4        0x4 
 .text.__ieee754_rem_pio2
                0x000000000800c1a8      0x3e0 c:/st/stm32cubeide_1.5.0/stm32cubeide/plugins/com.st.stm32cube.ide.mcu.externaltools.gnu-tools-for-stm32.7-2018-q2-update.win32_1.5.0.202011040924/tools/bin/../lib/gcc/arm-none-eabi/7.3.1/../../../../arm-none-eabi/lib/thumb/v7-m\libm.a(lib_a-e_rem_pio2.o)
                0x000000000800c1a8                __ieee754_rem_pio2
 .text.__ieee754_sqrt
                0x000000000800c588      0x158 c:/st/stm32cubeide_1.5.0/stm32cubeide/plugins/com.st.stm32cube.ide.mcu.externaltools.gnu-tools-for-stm32.7-2018-q2-update.win32_1.5.0.202011040924/tools/bin/../lib/gcc/arm-none-eabi/7.3.1/../../../../arm-none-eabi/lib/thumb/v7-m\libm.a(lib_a-e_sqrt.o)
                0x000000000800c588                __ieee754_sqrt
 .text.__kernel_cos
                0x000000000800c6e0      0x17c c:/st/stm32cubeide_1.5.0/stm32cubeide/plugins/com.st.stm32cube.ide.mcu.externaltools.gnu-tools-for-stm32.7-2018-q2-update.win32_1.5.0.202011040924/tools/bin/../lib/gcc/arm-none-eabi/7.3.1/../../../../arm-none-eabi/lib/thumb/v7-m\libm.a(lib_a-k_cos.o)
                0x000000000800c6e0                __kernel_cos
 .text.__kernel_rem_pio2
                0x000000000800c85c      0x694 c:/st/stm32cubeide_1.5.0/stm32cubeide/plugins/com.st.stm32cube.ide.mcu.externaltools.gnu-tools-for-stm32.7-2018-q2-update.win32_1.5.0.202011040924/tools/bin/../lib/gcc/arm-none-eabi/7.3.1/../../../../arm-none-eabi/lib/thumb/v7-m\libm.a(lib_a-k_rem_pio2.o)
                0x000000000800c85c                __kernel_rem_pio2
 .text.__kernel_sin
                0x000000000800cef0      0x16c c:/st/stm32cubeide_1.5.0/stm32cubeide/plugins/com.st.stm32cube.ide.mcu.externaltools.gnu-tools-for-stm32.7-2018-q2-update.win32_1.5.0.202011040924/tools/bin/../lib/gcc/arm-none-eabi/7.3.1/../../../../arm-none-eabi/lib/thumb/v7-m\libm.a(lib_a-k_sin.o)
                0x000000000800cef0                __kernel_sin
 *fill*         0x000000000800d05c        0x4 
 .text.__kernel_tan
                0x000000000800d060      0x380 c:/st/stm32cubeide_1.5.0/stm32cubeide/plugins/com.st.stm32cube.ide.mcu.externaltools.gnu-tools-for-stm32.7-2018-q2-update.win32_1.5.0.202011040924/tools/bin/../lib/gcc/arm-none-eabi/7.3.1/../../../../arm-none-eabi/lib/thumb/v7-m\libm.a(lib_a-k_tan.o)
                0x000000000800d060                __kernel_tan
 .text.finite   0x000000000800d3e0        0xc c:/st/stm32cubeide_1.5.0/stm32cubeide/plugins/com.st.stm32cube.ide.mcu.externaltools.gnu-tools-for-stm32.7-2018-q2-update.win32_1.5.0.202011040924/tools/bin/../lib/gcc/arm-none-eabi/7.3.1/../../../../arm-none-eabi/lib/thumb/v7-m\libm.a(lib_a-s_finite.o)
                0x000000000800d3e0                finite
 *fill*         0x000000000800d3ec        0x4 
 .text.floor    0x000000000800d3f0      0x108 c:/st/stm32cubeide_1.5.0/stm32cubeide/plugins/com.st.stm32cube.ide.mcu.externaltools.gnu-tools-for-stm32.7-2018-q2-update.win32_1.5.0.202011040924/tools/bin/../lib/gcc/arm-none-eabi/7.3.1/../../../../arm-none-eabi/lib/thumb/v7-m\libm.a(lib_a-s_floor.o)
                0x000000000800d3f0                floor
 .text.matherr  0x000000000800d4f8        0x4 c:/st/stm32cubeide_1.5.0/stm32cubeide/plugins/com.st.stm32cube.ide.mcu.externaltools.gnu-tools-for-stm32.7-2018-q2-update.win32_1.5.0.202011040924/tools/bin/../lib/gcc/arm-none-eabi/7.3.1/../../../../arm-none-eabi/lib/thumb/v7-m\libm.a(lib_a-s_matherr.o)
                0x000000000800d4f8                matherr
 .text.nan      0x000000000800d4fc        0xc c:/st/stm32cubeide_1.5.0/stm32cubeide/plugins/com.st.stm32cube.ide.mcu.externaltools.gnu-tools-for-stm32.7-2018-q2-update.win32_1.5.0.202011040924/tools/bin/../lib/gcc/arm-none-eabi/7.3.1/../../../../arm-none-eabi/lib/thumb/v7-m\libm.a(lib_a-s_nan.o)
                0x000000000800d4fc                nan
 .text.rint     0x000000000800d508      0x114 c:/st/stm32cubeide_1.5.0/stm32cubeide/plugins/com.st.stm32cube.ide.mcu.externaltools.gnu-tools-for-stm32.7-2018-q2-update.win32_1.5.0.202011040924/tools/bin/../lib/gcc/arm-none-eabi/7.3.1/../../../../arm-none-eabi/lib/thumb/v7-m\libm.a(lib_a-s_rint.o)
                0x000000000800d508                rint
 *fill*         0x000000000800d61c        0x4 
 .text.scalbn   0x000000000800d620       0xdc c:/st/stm32cubeide_1.5.0/stm32cubeide/plugins/com.st.stm32cube.ide.mcu.externaltools.gnu-tools-for-stm32.7-2018-q2-update.win32_1.5.0.202011040924/tools/bin/../lib/gcc/arm-none-eabi/7.3.1/../../../../arm-none-eabi/lib/thumb/v7-m\libm.a(lib_a-s_scalbn.o)
                0x000000000800d620                scalbn
 .text.copysign
                0x000000000800d6fc       0x12 c:/st/stm32cubeide_1.5.0/stm32cubeide/plugins/com.st.stm32cube.ide.mcu.externaltools.gnu-tools-for-stm32.7-2018-q2-update.win32_1.5.0.202011040924/tools/bin/../lib/gcc/arm-none-eabi/7.3.1/../../../../arm-none-eabi/lib/thumb/v7-m\libm.a(lib_a-s_copysign.o)
                0x000000000800d6fc                copysign
 *fill*         0x000000000800d70e        0x2 
 .text.__errno  0x000000000800d710        0xc c:/st/stm32cubeide_1.5.0/stm32cubeide/plugins/com.st.stm32cube.ide.mcu.externaltools.gnu-tools-for-stm32.7-2018-q2-update.win32_1.5.0.202011040924/tools/bin/../lib/gcc/arm-none-eabi/7.3.1/../../../../arm-none-eabi/lib/thumb/v7-m\libc_nano.a(lib_a-errno.o)
                0x000000000800d710                __errno
 *(.glue_7)
 .glue_7        0x000000000800d71c        0x0 linker stubs
 *(.glue_7t)
 .glue_7t       0x000000000800d71c        0x0 linker stubs
 *(.eh_frame)
 .eh_frame      0x000000000800d71c        0x0 c:/st/stm32cubeide_1.5.0/stm32cubeide/plugins/com.st.stm32cube.ide.mcu.externaltools.gnu-tools-for-stm32.7-2018-q2-update.win32_1.5.0.202011040924/tools/bin/../lib/gcc/arm-none-eabi/7.3.1/thumb/v7-m/crtbegin.o
 *(.init)
 .init          0x000000000800d71c        0x4 c:/st/stm32cubeide_1.5.0/stm32cubeide/plugins/com.st.stm32cube.ide.mcu.externaltools.gnu-tools-for-stm32.7-2018-q2-update.win32_1.5.0.202011040924/tools/bin/../lib/gcc/arm-none-eabi/7.3.1/thumb/v7-m/crti.o
                0x000000000800d71c                _init
 .init          0x000000000800d720        0x8 c:/st/stm32cubeide_1.5.0/stm32cubeide/plugins/com.st.stm32cube.ide.mcu.externaltools.gnu-tools-for-stm32.7-2018-q2-update.win32_1.5.0.202011040924/tools/bin/../lib/gcc/arm-none-eabi/7.3.1/thumb/v7-m/crtn.o
 *(.fini)
 .fini          0x000000000800d728        0x4 c:/st/stm32cubeide_1.5.0/stm32cubeide/plugins/com.st.stm32cube.ide.mcu.externaltools.gnu-tools-for-stm32.7-2018-q2-update.win32_1.5.0.202011040924/tools/bin/../lib/gcc/arm-none-eabi/7.3.1/thumb/v7-m/crti.o
                0x000000000800d728                _fini
 .fini          0x000000000800d72c        0x8 c:/st/stm32cubeide_1.5.0/stm32cubeide/plugins/com.st.stm32cube.ide.mcu.externaltools.gnu-tools-for-stm32.7-2018-q2-update.win32_1.5.0.202011040924/tools/bin/../lib/gcc/arm-none-eabi/7.3.1/thumb/v7-m/crtn.o
                0x000000000800d734                . = ALIGN (0x4)
                0x000000000800d734                _etext = .

.vfp11_veneer   0x000000000800d734        0x0
 .vfp11_veneer  0x000000000800d734        0x0 linker stubs

.v4_bx          0x000000000800d734        0x0
 .v4_bx         0x000000000800d734        0x0 linker stubs

.iplt           0x000000000800d734        0x0
 .iplt          0x000000000800d734        0x0 c:/st/stm32cubeide_1.5.0/stm32cubeide/plugins/com.st.stm32cube.ide.mcu.externaltools.gnu-tools-for-stm32.7-2018-q2-update.win32_1.5.0.202011040924/tools/bin/../lib/gcc/arm-none-eabi/7.3.1/thumb/v7-m/crtbegin.o

.rodata         0x000000000800d738     0x1dd0
                0x000000000800d738                . = ALIGN (0x4)
 *(.rodata)
 .rodata        0x000000000800d738        0xc Code/src/gps.o
 .rodata        0x000000000800d744      0x4b0 Code/src/menu.o
 .rodata        0x000000000800dbf4       0x1b Code/src/points.o
 *fill*         0x000000000800dc0f        0x1 
 .rodata        0x000000000800dc10       0x5c Code/src/rfm98.o
 *(.rodata*)
 *fill*         0x000000000800dc6c        0x4 
 .rodata.deg_to_rad
                0x000000000800dc70        0x8 Code/src/lrns.o
                0x000000000800dc70                deg_to_rad
 .rodata.menu_exclusive_table
                0x000000000800dc78      0x1f8 Code/src/menu.o
                0x000000000800dc78                menu_exclusive_table
 .rodata.menu_forward_table
                0x000000000800de70       0x3f Code/src/menu.o
                0x000000000800de70                menu_forward_table
 *fill*         0x000000000800deaf        0x1 
 .rodata.menu_backward_table
                0x000000000800deb0       0x1e Code/src/menu.o
                0x000000000800deb0                menu_backward_table
 *fill*         0x000000000800dece        0x2 
 .rodata.menu_draw_table
                0x000000000800ded0       0xe0 Code/src/menu.o
                0x000000000800ded0                menu_draw_table
 .rodata.point_to_save_default_name
                0x000000000800dfb0        0x6 Code/src/menu.o
                0x000000000800dfb0                point_to_save_default_name
 *fill*         0x000000000800dfb6        0x2 
 .rodata.font   0x000000000800dfb8      0x2d0 Code/src/ssd1306.o
                0x000000000800dfb8                font
 .rodata.ssd1306_conf
                0x000000000800e288        0xf Code/src/ssd1306.o
                0x000000000800e288                ssd1306_conf
 *fill*         0x000000000800e297        0x1 
 .rodata.startup_screen
                0x000000000800e298      0x400 Code/src/ssd1306_bitmaps.o
                0x000000000800e298                startup_screen
 .rodata.devices_blank
                0x000000000800e698      0x400 Code/src/ssd1306_bitmaps.o
                0x000000000800e698                devices_blank
 .rodata.radar_blank
                0x000000000800ea98      0x400 Code/src/ssd1306_bitmaps.o
                0x000000000800ea98                radar_blank
 .rodata.info_blank
                0x000000000800ee98      0x400 Code/src/ssd1306_bitmaps.o
                0x000000000800ee98                info_blank
 .rodata.atanhi
                0x000000000800f298       0x20 c:/st/stm32cubeide_1.5.0/stm32cubeide/plugins/com.st.stm32cube.ide.mcu.externaltools.gnu-tools-for-stm32.7-2018-q2-update.win32_1.5.0.202011040924/tools/bin/../lib/gcc/arm-none-eabi/7.3.1/../../../../arm-none-eabi/lib/thumb/v7-m\libm.a(lib_a-s_atan.o)
 .rodata.atanlo
                0x000000000800f2b8       0x20 c:/st/stm32cubeide_1.5.0/stm32cubeide/plugins/com.st.stm32cube.ide.mcu.externaltools.gnu-tools-for-stm32.7-2018-q2-update.win32_1.5.0.202011040924/tools/bin/../lib/gcc/arm-none-eabi/7.3.1/../../../../arm-none-eabi/lib/thumb/v7-m\libm.a(lib_a-s_atan.o)
 .rodata.asin.str1.1
                0x000000000800f2d8        0x5 c:/st/stm32cubeide_1.5.0/stm32cubeide/plugins/com.st.stm32cube.ide.mcu.externaltools.gnu-tools-for-stm32.7-2018-q2-update.win32_1.5.0.202011040924/tools/bin/../lib/gcc/arm-none-eabi/7.3.1/../../../../arm-none-eabi/lib/thumb/v7-m\libm.a(lib_a-w_asin.o)
                                          0x6 (size before relaxing)
 .rodata.log.str1.1
                0x000000000800f2dd        0x4 c:/st/stm32cubeide_1.5.0/stm32cubeide/plugins/com.st.stm32cube.ide.mcu.externaltools.gnu-tools-for-stm32.7-2018-q2-update.win32_1.5.0.202011040924/tools/bin/../lib/gcc/arm-none-eabi/7.3.1/../../../../arm-none-eabi/lib/thumb/v7-m\libm.a(lib_a-w_log.o)
                                          0x5 (size before relaxing)
 .rodata.pow.str1.1
                0x000000000800f2e1        0x4 c:/st/stm32cubeide_1.5.0/stm32cubeide/plugins/com.st.stm32cube.ide.mcu.externaltools.gnu-tools-for-stm32.7-2018-q2-update.win32_1.5.0.202011040924/tools/bin/../lib/gcc/arm-none-eabi/7.3.1/../../../../arm-none-eabi/lib/thumb/v7-m\libm.a(lib_a-w_pow.o)
 .rodata.sqrt.str1.1
                0x000000000800f2e5        0x5 c:/st/stm32cubeide_1.5.0/stm32cubeide/plugins/com.st.stm32cube.ide.mcu.externaltools.gnu-tools-for-stm32.7-2018-q2-update.win32_1.5.0.202011040924/tools/bin/../lib/gcc/arm-none-eabi/7.3.1/../../../../arm-none-eabi/lib/thumb/v7-m\libm.a(lib_a-w_sqrt.o)
 .rodata.__ieee754_pow.str1.1
                0x000000000800f2ea        0x1 c:/st/stm32cubeide_1.5.0/stm32cubeide/plugins/com.st.stm32cube.ide.mcu.externaltools.gnu-tools-for-stm32.7-2018-q2-update.win32_1.5.0.202011040924/tools/bin/../lib/gcc/arm-none-eabi/7.3.1/../../../../arm-none-eabi/lib/thumb/v7-m\libm.a(lib_a-e_pow.o)
 *fill*         0x000000000800f2ea        0x6 
 .rodata.bp     0x000000000800f2f0       0x10 c:/st/stm32cubeide_1.5.0/stm32cubeide/plugins/com.st.stm32cube.ide.mcu.externaltools.gnu-tools-for-stm32.7-2018-q2-update.win32_1.5.0.202011040924/tools/bin/../lib/gcc/arm-none-eabi/7.3.1/../../../../arm-none-eabi/lib/thumb/v7-m\libm.a(lib_a-e_pow.o)
 .rodata.dp_h   0x000000000800f300       0x10 c:/st/stm32cubeide_1.5.0/stm32cubeide/plugins/com.st.stm32cube.ide.mcu.externaltools.gnu-tools-for-stm32.7-2018-q2-update.win32_1.5.0.202011040924/tools/bin/../lib/gcc/arm-none-eabi/7.3.1/../../../../arm-none-eabi/lib/thumb/v7-m\libm.a(lib_a-e_pow.o)
 .rodata.dp_l   0x000000000800f310       0x10 c:/st/stm32cubeide_1.5.0/stm32cubeide/plugins/com.st.stm32cube.ide.mcu.externaltools.gnu-tools-for-stm32.7-2018-q2-update.win32_1.5.0.202011040924/tools/bin/../lib/gcc/arm-none-eabi/7.3.1/../../../../arm-none-eabi/lib/thumb/v7-m\libm.a(lib_a-e_pow.o)
 .rodata.npio2_hw
                0x000000000800f320       0x80 c:/st/stm32cubeide_1.5.0/stm32cubeide/plugins/com.st.stm32cube.ide.mcu.externaltools.gnu-tools-for-stm32.7-2018-q2-update.win32_1.5.0.202011040924/tools/bin/../lib/gcc/arm-none-eabi/7.3.1/../../../../arm-none-eabi/lib/thumb/v7-m\libm.a(lib_a-e_rem_pio2.o)
 .rodata.two_over_pi
                0x000000000800f3a0      0x108 c:/st/stm32cubeide_1.5.0/stm32cubeide/plugins/com.st.stm32cube.ide.mcu.externaltools.gnu-tools-for-stm32.7-2018-q2-update.win32_1.5.0.202011040924/tools/bin/../lib/gcc/arm-none-eabi/7.3.1/../../../../arm-none-eabi/lib/thumb/v7-m\libm.a(lib_a-e_rem_pio2.o)
 .rodata.PIo2   0x000000000800f4a8       0x40 c:/st/stm32cubeide_1.5.0/stm32cubeide/plugins/com.st.stm32cube.ide.mcu.externaltools.gnu-tools-for-stm32.7-2018-q2-update.win32_1.5.0.202011040924/tools/bin/../lib/gcc/arm-none-eabi/7.3.1/../../../../arm-none-eabi/lib/thumb/v7-m\libm.a(lib_a-k_rem_pio2.o)
 .rodata.init_jk
                0x000000000800f4e8       0x10 c:/st/stm32cubeide_1.5.0/stm32cubeide/plugins/com.st.stm32cube.ide.mcu.externaltools.gnu-tools-for-stm32.7-2018-q2-update.win32_1.5.0.202011040924/tools/bin/../lib/gcc/arm-none-eabi/7.3.1/../../../../arm-none-eabi/lib/thumb/v7-m\libm.a(lib_a-k_rem_pio2.o)
 .rodata.TWO52  0x000000000800f4f8       0x10 c:/st/stm32cubeide_1.5.0/stm32cubeide/plugins/com.st.stm32cube.ide.mcu.externaltools.gnu-tools-for-stm32.7-2018-q2-update.win32_1.5.0.202011040924/tools/bin/../lib/gcc/arm-none-eabi/7.3.1/../../../../arm-none-eabi/lib/thumb/v7-m\libm.a(lib_a-s_rint.o)
                0x000000000800f508                . = ALIGN (0x4)

.rel.dyn        0x000000000800f508        0x0
 .rel.iplt      0x000000000800f508        0x0 c:/st/stm32cubeide_1.5.0/stm32cubeide/plugins/com.st.stm32cube.ide.mcu.externaltools.gnu-tools-for-stm32.7-2018-q2-update.win32_1.5.0.202011040924/tools/bin/../lib/gcc/arm-none-eabi/7.3.1/thumb/v7-m/crtbegin.o

.ARM.extab      0x000000000800f508        0x0
                0x000000000800f508                . = ALIGN (0x4)
 *(.ARM.extab* .gnu.linkonce.armextab.*)
                0x000000000800f508                . = ALIGN (0x4)

.ARM            0x000000000800f508        0x0
                0x000000000800f508                . = ALIGN (0x4)
                0x000000000800f508                __exidx_start = .
 *(.ARM.exidx*)
                0x000000000800f508                __exidx_end = .
                0x000000000800f508                . = ALIGN (0x4)

.preinit_array  0x000000000800f508        0x0
                0x000000000800f508                . = ALIGN (0x4)
                0x000000000800f508                PROVIDE (__preinit_array_start = .)
 *(.preinit_array*)
                0x000000000800f508                PROVIDE (__preinit_array_end = .)
                0x000000000800f508                . = ALIGN (0x4)

.init_array     0x000000000800f508        0x4
                0x000000000800f508                . = ALIGN (0x4)
                0x000000000800f508                PROVIDE (__init_array_start = .)
 *(SORT_BY_NAME(.init_array.*))
 *(.init_array*)
 .init_array    0x000000000800f508        0x4 c:/st/stm32cubeide_1.5.0/stm32cubeide/plugins/com.st.stm32cube.ide.mcu.externaltools.gnu-tools-for-stm32.7-2018-q2-update.win32_1.5.0.202011040924/tools/bin/../lib/gcc/arm-none-eabi/7.3.1/thumb/v7-m/crtbegin.o
                0x000000000800f50c                PROVIDE (__init_array_end = .)
                0x000000000800f50c                . = ALIGN (0x4)

.fini_array     0x000000000800f50c        0x4
                0x000000000800f50c                . = ALIGN (0x4)
                [!provide]                        PROVIDE (__fini_array_start = .)
 *(SORT_BY_NAME(.fini_array.*))
 *(.fini_array*)
 .fini_array    0x000000000800f50c        0x4 c:/st/stm32cubeide_1.5.0/stm32cubeide/plugins/com.st.stm32cube.ide.mcu.externaltools.gnu-tools-for-stm32.7-2018-q2-update.win32_1.5.0.202011040924/tools/bin/../lib/gcc/arm-none-eabi/7.3.1/thumb/v7-m/crtbegin.o
                [!provide]                        PROVIDE (__fini_array_end = .)
                0x000000000800f510                . = ALIGN (0x4)
                0x000000000800f510                _sidata = LOADADDR (.data)

.data           0x0000000020000000       0xc4 load address 0x000000000800f510
                0x0000000020000000                . = ALIGN (0x4)
                0x0000000020000000                _sdata = .
 *(.data)
 *(.data*)
 .data.button_state
                0x0000000020000000        0x5 Code/src/buttons.o
                0x0000000020000000                button_state
 *fill*         0x0000000020000005        0x3 
 .data.button_prev_state
                0x0000000020000008        0x5 Code/src/buttons.o
                0x0000000020000008                button_prev_state
 *fill*         0x000000002000000d        0x3 
 .data.FW_VERSION
                0x0000000020000010        0x4 Code/src/menu.o
                0x0000000020000010                FW_VERSION
 .data.HW_VERSION
                0x0000000020000014        0x4 Code/src/menu.o
                0x0000000020000014                HW_VERSION
 .data.item_table
                0x0000000020000018       0x12 Code/src/menu.o
                0x0000000020000018                item_table
 .data.current_each_device
                0x000000002000002a        0x1 Code/src/menu.o
                0x000000002000002a                current_each_device
 .data.current_slot_to_load
                0x000000002000002b        0x1 Code/src/menu.o
                0x000000002000002b                current_slot_to_load
 .data.custom_exclam_mark
                0x000000002000002c        0x2 Code/src/menu.o
                0x000000002000002c                custom_exclam_mark
 *fill*         0x000000002000002e        0x2 
 .data.memory_slot_names
                0x0000000020000030       0x1c Code/src/points.o
                0x0000000020000030                memory_slot_names
 .data.send_interval_values
                0x000000002000004c        0x5 Code/src/settings.o
                0x000000002000004c                send_interval_values
 *fill*         0x0000000020000051        0x3 
 .data.tx_power_values
                0x0000000020000054        0x4 Code/src/settings.o
                0x0000000020000054                tx_power_values
 .data.display_status
                0x0000000020000058        0x1 Code/src/ssd1306.o
                0x0000000020000058                display_status
 *fill*         0x0000000020000059        0x3 
 .data._impure_ptr
                0x000000002000005c        0x4 c:/st/stm32cubeide_1.5.0/stm32cubeide/plugins/com.st.stm32cube.ide.mcu.externaltools.gnu-tools-for-stm32.7-2018-q2-update.win32_1.5.0.202011040924/tools/bin/../lib/gcc/arm-none-eabi/7.3.1/../../../../arm-none-eabi/lib/thumb/v7-m\libc_nano.a(lib_a-impure.o)
                0x000000002000005c                _impure_ptr
 .data.impure_data
                0x0000000020000060       0x60 c:/st/stm32cubeide_1.5.0/stm32cubeide/plugins/com.st.stm32cube.ide.mcu.externaltools.gnu-tools-for-stm32.7-2018-q2-update.win32_1.5.0.202011040924/tools/bin/../lib/gcc/arm-none-eabi/7.3.1/../../../../arm-none-eabi/lib/thumb/v7-m\libc_nano.a(lib_a-impure.o)
 .data.__fdlib_version
                0x00000000200000c0        0x1 c:/st/stm32cubeide_1.5.0/stm32cubeide/plugins/com.st.stm32cube.ide.mcu.externaltools.gnu-tools-for-stm32.7-2018-q2-update.win32_1.5.0.202011040924/tools/bin/../lib/gcc/arm-none-eabi/7.3.1/../../../../arm-none-eabi/lib/thumb/v7-m\libm.a(lib_a-s_lib_ver.o)
                0x00000000200000c0                __fdlib_version
 *(.RamFunc)
 *(.RamFunc*)
                0x00000000200000c4                . = ALIGN (0x4)
 *fill*         0x00000000200000c1        0x3 
                0x00000000200000c4                _edata = .

.igot.plt       0x00000000200000c4        0x0 load address 0x000000000800f5d4
 .igot.plt      0x00000000200000c4        0x0 c:/st/stm32cubeide_1.5.0/stm32cubeide/plugins/com.st.stm32cube.ide.mcu.externaltools.gnu-tools-for-stm32.7-2018-q2-update.win32_1.5.0.202011040924/tools/bin/../lib/gcc/arm-none-eabi/7.3.1/thumb/v7-m/crtbegin.o
                0x00000000200000c4                . = ALIGN (0x4)

.bss            0x00000000200000c8     0x10ec load address 0x000000000800f5d4
                0x00000000200000c8                _sbss = .
                0x00000000200000c8                __bss_start__ = _sbss
 *(.bss)
 .bss           0x00000000200000c8       0x1c c:/st/stm32cubeide_1.5.0/stm32cubeide/plugins/com.st.stm32cube.ide.mcu.externaltools.gnu-tools-for-stm32.7-2018-q2-update.win32_1.5.0.202011040924/tools/bin/../lib/gcc/arm-none-eabi/7.3.1/thumb/v7-m/crtbegin.o
 *(.bss*)
 .bss.bat_interval_counter
                0x00000000200000e4        0x1 Code/src/adc.o
                0x00000000200000e4                bat_interval_counter
 *fill*         0x00000000200000e5        0x3 
 .bss.idr_register_copy
                0x00000000200000e8        0x4 Code/src/buttons.o
                0x00000000200000e8                idr_register_copy
 .bss.button_pressed_counter
                0x00000000200000ec        0xa Code/src/buttons.o
                0x00000000200000ec                button_pressed_counter
 *fill*         0x00000000200000f6        0x2 
 .bss.timeout_state
                0x00000000200000f8        0x5 Code/src/buttons.o
                0x00000000200000f8                timeout_state
 *fill*         0x00000000200000fd        0x3 
 .bss.timeout_prev_state
                0x0000000020000100        0x5 Code/src/buttons.o
                0x0000000020000100                timeout_prev_state
 *fill*         0x0000000020000105        0x3 
 .bss.ubx_message
                0x0000000020000108       0x40 Code/src/gps.o
                0x0000000020000108                ubx_message
 .bss.uptime    0x0000000020000148        0x4 Code/src/main.o
                0x0000000020000148                uptime
 .bss.pps_counter
                0x000000002000014c        0x4 Code/src/main.o
                0x000000002000014c                pps_counter
 .bss.overflow_counter
                0x0000000020000150        0x1 Code/src/main.o
                0x0000000020000150                overflow_counter
 .bss.time_slot
                0x0000000020000151        0x1 Code/src/main.o
                0x0000000020000151                time_slot
 *fill*         0x0000000020000152        0x2 
 .bss.main_flags
                0x0000000020000154        0xc Code/src/main.o
                0x0000000020000154                main_flags
 .bss.current_radio_status
                0x0000000020000160        0x1 Code/src/main.o
                0x0000000020000160                current_radio_status
 .bss.flag_settings_changed
                0x0000000020000161        0x1 Code/src/menu.o
                0x0000000020000161                flag_settings_changed
 .bss.device_id_current_symbol
                0x0000000020000162        0x1 Code/src/menu.o
                0x0000000020000162                device_id_current_symbol
 .bss.device_num_current_selection
                0x0000000020000163        0x1 Code/src/menu.o
                0x0000000020000163                device_num_current_selection
 .bss.point_name_current_symbol
                0x0000000020000164        0x1 Code/src/menu.o
                0x0000000020000164                point_name_current_symbol
 .bss.current_radar_device
                0x0000000020000165        0x1 Code/src/menu.o
                0x0000000020000165                current_radar_device
 .bss.current_device_to_load
                0x0000000020000166        0x1 Code/src/menu.o
                0x0000000020000166                current_device_to_load
 .bss.current_slot_to_save
                0x0000000020000167        0x1 Code/src/menu.o
                0x0000000020000167                current_slot_to_save
 .bss.radio_irq_status
                0x0000000020000168        0x1 Code/src/rfm98.o
                0x0000000020000168                radio_irq_status
 *fill*         0x0000000020000169        0x1 
 .bss.buf_pos   0x000000002000016a        0x2 Code/src/ssd1306.o
                0x000000002000016a                buf_pos
 .bss.beep_mute
                0x000000002000016c        0x1 Code/src/timer.o
                0x000000002000016c                beep_mute
 *(COMMON)
 *fill*         0x000000002000016d        0x3 
 COMMON         0x0000000020000170        0x4 Code/src/adc.o
                0x0000000020000170                bat_voltage
 *fill*         0x0000000020000174        0x4 
 COMMON         0x0000000020000178      0x4c5 Code/src/gps.o
                0x0000000020000178                tmp_float
                0x0000000020000180                gps_num
                0x00000000200001c0                tmp_char
                0x00000000200001d0                nmea_data
                0x00000000200005d0                gps_raw
                0x000000002000063c                tmp_uint8
 *fill*         0x000000002000063d        0x3 
 COMMON         0x0000000020000640      0x1d4 Code/src/lrns.o
                0x0000000020000640                p_dev_aux
                0x000000002000065c                p_gps_num
                0x0000000020000660                p_air_packet_rx
                0x0000000020000664                p_settings
                0x0000000020000668                dev_aux
                0x0000000020000710                p_gps_rel
                0x000000002000072c                p_gps_air
                0x0000000020000748                gps_rel
                0x0000000020000780                device_number
                0x0000000020000784                p_air_packet_tx
                0x0000000020000788                gps_air
 COMMON         0x0000000020000814       0x1c Code/src/main.o
                0x0000000020000814                buff
                0x000000002000082c                p_send_interval_values
 COMMON         0x0000000020000830       0x70 Code/src/menu.o
                0x0000000020000830                pp_gps_rel
                0x0000000020000834                pp_memory_slot
                0x0000000020000838                radar_list
                0x0000000020000840                settings_copy
                0x000000002000084c                device_to_load_list
                0x0000000020000854                tmpf
                0x0000000020000858                tmpi16
                0x000000002000085a                current_menu
                0x000000002000085c                point_to_save_list
                0x0000000020000864                pp_gps_air
                0x0000000020000868                p_gps_raw
                0x000000002000086c                p_get_tx_power_values
                0x0000000020000870                buf
                0x0000000020000888                point_to_save_name
                0x0000000020000890                radar_list_hide
                0x0000000020000898                tmpui32
                0x000000002000089c                pp_dev_aux
 COMMON         0x00000000200008a0       0xb3 Code/src/points.o
                0x00000000200008a0                point_buffer
                0x00000000200008c0                p_memory_slot
                0x00000000200008dc                memory_slot
 *fill*         0x0000000020000953        0x1 
 COMMON         0x0000000020000954       0x2f Code/src/rfm98.o
                0x0000000020000954                freq_reg_value_float
                0x0000000020000958                air_packet_rx
                0x000000002000096c                freq_reg_value
                0x0000000020000970                air_packet_tx
                0x0000000020000981                pa_conf_reg_value
                0x0000000020000982                pa_dac_reg_value
 *fill*         0x0000000020000983        0x1 
 COMMON         0x0000000020000984       0x2c Code/src/settings.o
                0x0000000020000984                settings
                0x0000000020000990                settings_array
 COMMON         0x00000000200009b0      0x400 Code/src/ssd1306.o
                0x00000000200009b0                screen_buf
 COMMON         0x0000000020000db0      0x404 Code/src/uart.o
                0x0000000020000db0                backup_buf
                0x0000000020000db4                uart_buffer
                0x00000000200011b4                . = ALIGN (0x4)
                0x00000000200011b4                _ebss = .
                0x00000000200011b4                __bss_end__ = _ebss

._user_heap_stack
                0x00000000200011b4      0x604 load address 0x000000000800f5d4
                0x00000000200011b8                . = ALIGN (0x8)
 *fill*         0x00000000200011b4        0x4 
                [!provide]                        PROVIDE (end = .)
                [!provide]                        PROVIDE (_end = .)