core_cm3.h:1502:22:NVIC_EnableIRQ	16	static
gpio.c:16:6:gpio_init	8	static
gpio.c:170:6:ext_int_init	8	static
gpio.c:192:6:led_red_on	4	static
gpio.c:200:6:led_red_off	4	static
gpio.c:208:6:led_green_on	4	static
gpio.c:216:6:led_green_off	4	static
gpio.c:224:6:led_board_on	4	static
gpio.c:232:6:led_board_off	4	static
gpio.c:240:6:sdn_si4463_active	4	static
gpio.c:248:6:sdn_si4463_inactive	4	static
gpio.c:256:6:cs_si4463_active	4	static
gpio.c:264:6:cs_si4463_inactive	4	static
gpio.c:272:6:res_ssd1306_active	4	static
gpio.c:280:6:res_ssd1306_inactive	4	static
gpio.c:288:6:ssd1306_data_mode	4	static
gpio.c:296:6:ssd1306_command_mode	4	static
gpio.c:304:6:cs_ssd1306_active	4	static
gpio.c:312:6:cs_ssd1306_inactive	4	static
gpio.c:320:6:bat_mon_on	4	static
gpio.c:328:6:bat_mon_off	4	static
