core_cm3.h:1502:22:NVIC_EnableIRQ	16	static
gpio.c:18:6:gpio_init	8	static
gpio.c:191:6:ext_int_init	8	static
gpio.c:213:6:led_red_on	4	static
gpio.c:221:6:led_red_off	4	static
gpio.c:229:6:led_green_on	4	static
gpio.c:237:6:led_green_off	4	static
gpio.c:245:6:led_board_on	4	static
gpio.c:253:6:led_board_off	4	static
gpio.c:261:6:sdn_si4463_active	4	static
gpio.c:269:6:sdn_si4463_inactive	4	static
gpio.c:277:6:cs_si4463_active	4	static
gpio.c:285:6:cs_si4463_inactive	4	static
gpio.c:293:6:res_ssd1306_active	4	static
gpio.c:301:6:res_ssd1306_inactive	4	static
gpio.c:309:6:ssd1306_data_mode	4	static
gpio.c:317:6:ssd1306_command_mode	4	static
gpio.c:325:6:cs_ssd1306_active	4	static
gpio.c:333:6:cs_ssd1306_inactive	4	static
gpio.c:341:6:bat_mon_on	4	static
gpio.c:349:6:bat_mon_off	4	static
