core_cm3.h:1204:22:__enable_irq	4	static,ignoring_inline_asm
core_cm3.h:1211:22:__WFI	4	static,ignoring_inline_asm
core_cm3.h:1468:22:NVIC_SetPriorityGrouping	24	static
core_cm3.h:1586:22:NVIC_SetPriority	16	static
core_cm3.h:1634:26:NVIC_EncodePriority	40	static
main.c:58:5:main	16	static
main.c:231:6:DMA1_Channel5_IRQHandler	8	static
main.c:252:6:EXTI15_10_IRQHandler	8	static
main.c:273:6:EXTI9_5_IRQHandler	8	static
main.c:292:6:TIM1_UP_IRQHandler	8	static
main.c:345:6:SysTick_Handler	8	static
main.c:355:6:RTC_IRQHandler	4	static
main.c:366:6:ADC1_2_IRQHandler	8	static
main.c:374:6:TIM2_IRQHandler	4	static
main.c:382:6:setup_interrupt_priorities	8	static
main.c:400:10:get_uptime	4	static
main.c:407:27:get_main_flags	4	static
