core_cm3.h:1204:22:__enable_irq	4	static,ignoring_inline_asm
core_cm3.h:1211:22:__WFI	4	static,ignoring_inline_asm
main.c:52:5:main	16	static
main.c:209:6:DMA1_Channel5_IRQHandler	8	static
main.c:231:6:EXTI15_10_IRQHandler	8	static
main.c:275:6:EXTI9_5_IRQHandler	4	static
main.c:285:6:TIM1_UP_IRQHandler	8	static
main.c:322:6:SysTick_Handler	8	static
main.c:332:6:RTC_IRQHandler	4	static
main.c:343:6:ADC1_2_IRQHandler	8	static
main.c:351:6:TIM2_IRQHandler	4	static
main.c:359:10:get_uptime	4	static
main.c:366:27:get_main_flags	4	static
