core_cm3.h:1215:22:__DSB	4	static,ignoring_inline_asm
core_cm3.h:1719:22:NVIC_SystemReset	8	static
menu.c:521:6:init_menu	8	static
menu.c:549:6:change_menu	24	static
menu.c:609:6:toggle_alarm	8	static
menu.c:627:6:scroll_up	16	static
menu.c:647:6:scroll_down	16	static
menu.c:667:6:switch_forward	16	static
menu.c:684:6:switch_backward	16	static
menu.c:701:9:get_current_item	16	static
menu.c:716:9:get_last_item	16	static
menu.c:731:6:set_current_item	24	static
menu.c:746:6:reset_current_item_in_menu	24	static
menu.c:761:6:draw_current_menu	16	static
menu.c:776:6:draw_main	8	static
menu.c:802:6:draw_devices	24	static
menu.c:1055:6:draw_each_device	24	static
menu.c:1478:6:draw_each_device_submenu	8	static
menu.c:1503:6:draw_delete_device	8	static
menu.c:1534:6:delete_device_ok	8	static
menu.c:1551:6:draw_save_device	16	static
menu.c:1609:6:draw_save_device_as	8	static
menu.c:1627:6:draw_saved_popup	8	static
menu.c:1637:6:draw_radar	80	static
menu.c:1966:6:draw_points	16	static
menu.c:2010:6:draw_each_point	8	static
menu.c:2029:6:draw_load_point	16	static
menu.c:2080:6:draw_delete_point	8	static
menu.c:2094:6:draw_settings	8	static
menu.c:2111:6:draw_info	8	static
menu.c:2135:6:draw_edit_settings	8	static
menu.c:2185:6:draw_set_dev_num	8	static
menu.c:2204:6:draw_set_dev_id	8	static
menu.c:2226:6:draw_set_freq_ch	8	static
menu.c:2245:6:draw_set_tx_pow	8	static
menu.c:2265:6:draw_set_send_intvl	8	static
menu.c:2285:6:draw_set_to_thr	8	static
menu.c:2305:6:draw_set_fnc_thr	8	static
menu.c:2325:6:draw_confirm_settings_save	8	static
menu.c:2345:6:draw_restore_defaults	8	static
menu.c:2357:6:draw_erase_all	8	static
menu.c:2368:6:devices_ok	8	static
menu.c:2381:6:each_device_up	8	static
menu.c:2401:6:each_device_down	8	static
menu.c:2421:6:each_device_ok	8	static
menu.c:2429:6:save_device_up	8	static
menu.c:2452:6:save_device_down	8	static
menu.c:2475:6:save_device_ok	8	static
menu.c:2486:6:save_device_esc	8	static
menu.c:2495:6:save_device_as_up	8	static
menu.c:2511:6:save_device_as_down	8	static
menu.c:2527:6:save_device_as_ok	8	static
menu.c:2539:6:save_device_as_ok_long	8	static
menu.c:2553:6:save_device_as_esc	8	static
menu.c:2562:6:saved_popup_esc	8	static
menu.c:2574:6:radar_up	8	static
menu.c:2601:6:radar_down	8	static
menu.c:2628:6:radar_ok	8	static
menu.c:2640:6:points_up	8	static
menu.c:2656:6:points_down	8	static
menu.c:2672:6:points_ok	8	static
menu.c:2683:6:points_esc	8	static
menu.c:2692:6:load_point_up	8	static
menu.c:2719:6:load_point_down	8	static
menu.c:2746:6:load_point_ok	8	static
menu.c:2761:6:load_point_esc	8	static
menu.c:2770:6:delete_point_ok	8	static
menu.c:2782:6:set_dev_num_up	8	static
menu.c:2798:6:set_dev_num_down	8	static
menu.c:2814:6:set_dev_num_ok	8	static
menu.c:2827:6:set_dev_num_esc	8	static
menu.c:2836:6:confirm_settings_save_ok	8	static
menu.c:2844:6:set_dev_id_up	8	static
menu.c:2860:6:set_dev_id_down	8	static
menu.c:2876:6:set_dev_id_ok	8	static
menu.c:2888:6:set_dev_id_ok_long	16	static
menu.c:2905:6:set_dev_id_esc	16	static
menu.c:2919:6:set_freq_ch_up	8	static
menu.c:2935:6:set_freq_ch_down	8	static
menu.c:2951:6:set_freq_ch_ok	8	static
menu.c:2964:6:set_freq_ch_esc	8	static
menu.c:2973:6:set_tx_pow_up	8	static
menu.c:2989:6:set_tx_pow_down	8	static
menu.c:3005:6:set_tx_pow_ok	8	static
menu.c:3018:6:set_tx_pow_esc	8	static
menu.c:3027:6:set_send_intvl_up	8	static
menu.c:3043:6:set_send_intvl_down	8	static
menu.c:3059:6:set_send_intvl_ok	8	static
menu.c:3072:6:set_send_intvl_esc	8	static
menu.c:3081:6:set_to_thr_up	8	static
menu.c:3096:6:set_to_thr_down	8	static
menu.c:3110:6:set_to_thr_ok	8	static
menu.c:3123:6:set_to_thr_esc	8	static
menu.c:3132:6:set_fnc_thr_up	8	static
menu.c:3147:6:set_fnc_thr_down	8	static
menu.c:3161:6:set_fnc_thr_ok	8	static
menu.c:3174:6:set_fnc_thr_esc	8	static
menu.c:3183:6:confirm_settings_save_esc	8	static
menu.c:3193:6:restore_defaults_ok	8	static
menu.c:3201:6:erase_all_ok	8	static
