core_cm3.h:1215:22:__DSB	4	static,ignoring_inline_asm
core_cm3.h:1719:22:NVIC_SystemReset	8	static
menu.c:532:6:init_menu	8	static
menu.c:559:6:change_menu	24	static
menu.c:619:6:toggle_alarm	8	static
menu.c:637:6:scroll_up	16	static
menu.c:657:6:scroll_down	16	static
menu.c:677:6:switch_forward	16	static
menu.c:694:6:switch_backward	16	static
menu.c:711:9:get_current_item	16	static
menu.c:726:9:get_last_item	16	static
menu.c:741:6:set_current_item	24	static
menu.c:756:6:reset_current_item_in_menu	24	static
menu.c:771:6:draw_current_menu	16	static
menu.c:786:6:draw_main	8	static
menu.c:813:6:draw_devices	24	static
menu.c:1066:6:draw_each_device	24	static
menu.c:1489:6:draw_each_device_submenu	8	static
menu.c:1514:6:draw_delete_device	8	static
menu.c:1544:6:delete_device_ok	8	static
menu.c:1561:6:draw_save_device	16	static
menu.c:1620:6:draw_save_device_as	8	static
menu.c:1641:6:draw_saved_popup	8	static
menu.c:1652:6:draw_radar	80	static
menu.c:1981:6:draw_points	16	static
menu.c:2025:6:draw_each_point	8	static
menu.c:2044:6:draw_load_point	16	static
menu.c:2096:6:draw_delete_point	8	static
menu.c:2110:6:draw_settings	8	static
menu.c:2127:6:draw_info	8	static
menu.c:2151:6:draw_power_off	8	static
menu.c:2162:6:draw_edit_settings	8	static
menu.c:2215:6:draw_set_dev_num	8	static
menu.c:2249:6:draw_set_dev_id	8	static
menu.c:2273:6:draw_set_freq_ch	8	static
menu.c:2295:6:draw_set_tx_pow	8	static
menu.c:2318:6:draw_set_send_intvl	8	static
menu.c:2341:6:draw_set_to_thr	8	static
menu.c:2364:6:draw_set_fnc_thr	8	static
menu.c:2387:6:draw_confirm_settings_save	8	static
menu.c:2407:6:draw_restore_defaults	8	static
menu.c:2419:6:draw_erase_all	8	static
menu.c:2430:6:devices_ok	8	static
menu.c:2443:6:each_device_up	8	static
menu.c:2463:6:each_device_down	8	static
menu.c:2483:6:each_device_ok	8	static
menu.c:2491:6:save_device_up	8	static
menu.c:2514:6:save_device_down	8	static
menu.c:2537:6:save_device_ok	8	static
menu.c:2548:6:save_device_esc	8	static
menu.c:2557:6:save_device_as_up	8	static
menu.c:2573:6:save_device_as_down	8	static
menu.c:2589:6:save_device_as_ok	8	static
menu.c:2601:6:save_device_as_ok_long	8	static
menu.c:2615:6:save_device_as_esc	8	static
menu.c:2624:6:saved_popup_esc	8	static
menu.c:2636:6:radar_up	8	static
menu.c:2663:6:radar_down	8	static
menu.c:2690:6:radar_ok	8	static
menu.c:2702:6:points_up	8	static
menu.c:2718:6:points_down	8	static
menu.c:2734:6:points_ok	8	static
menu.c:2745:6:points_esc	8	static
menu.c:2754:6:load_point_up	8	static
menu.c:2781:6:load_point_down	8	static
menu.c:2808:6:load_point_ok	8	static
menu.c:2823:6:load_point_esc	8	static
menu.c:2832:6:delete_point_ok	8	static
menu.c:2844:6:set_dev_num_up	8	static
menu.c:2879:6:set_dev_num_down	8	static
menu.c:2914:6:set_dev_num_ok	8	static
menu.c:2926:6:set_dev_num_ok_long	8	static
menu.c:2939:6:set_dev_num_esc	8	static
menu.c:2949:6:confirm_settings_save_ok	8	static
menu.c:2961:6:set_dev_id_up	8	static
menu.c:2977:6:set_dev_id_down	8	static
menu.c:2993:6:set_dev_id_ok	8	static
menu.c:3005:6:set_dev_id_ok_long	16	static
menu.c:3022:6:set_dev_id_esc	16	static
menu.c:3036:6:set_freq_ch_up	8	static
menu.c:3052:6:set_freq_ch_down	8	static
menu.c:3068:6:set_freq_ch_ok	8	static
menu.c:3081:6:set_freq_ch_esc	8	static
menu.c:3090:6:set_tx_pow_up	8	static
menu.c:3106:6:set_tx_pow_down	8	static
menu.c:3122:6:set_tx_pow_ok	8	static
menu.c:3135:6:set_tx_pow_esc	8	static
menu.c:3144:6:set_send_intvl_up	8	static
menu.c:3160:6:set_send_intvl_down	8	static
menu.c:3176:6:set_send_intvl_ok	8	static
menu.c:3189:6:set_send_intvl_esc	8	static
menu.c:3198:6:set_to_thr_up	8	static
menu.c:3213:6:set_to_thr_down	8	static
menu.c:3227:6:set_to_thr_ok	8	static
menu.c:3240:6:set_to_thr_esc	8	static
menu.c:3249:6:set_fnc_thr_up	8	static
menu.c:3264:6:set_fnc_thr_down	8	static
menu.c:3278:6:set_fnc_thr_ok	8	static
menu.c:3291:6:set_fnc_thr_esc	8	static
menu.c:3300:6:confirm_settings_save_esc	8	static
menu.c:3310:6:restore_defaults_ok	8	static
menu.c:3322:6:erase_all_ok	8	static
menu.c:3334:6:power_off_ok	8	static
