core_cm3.h:1215:22:__DSB	4	static,ignoring_inline_asm
core_cm3.h:1719:22:NVIC_SystemReset	8	static
menu.c:503:6:init_menu	8	static
menu.c:530:6:change_menu	24	static
menu.c:581:6:toggle_alarm	8	static
menu.c:599:6:scroll_up	16	static
menu.c:619:6:scroll_down	16	static
menu.c:639:6:switch_forward	16	static
menu.c:656:6:switch_backward	16	static
menu.c:673:9:get_current_item	16	static
menu.c:688:9:get_last_item	16	static
menu.c:703:6:set_current_item	24	static
menu.c:718:6:reset_current_item_in_menu	24	static
menu.c:733:6:draw_current_menu	16	static
menu.c:748:6:draw_main	8	static
menu.c:774:6:draw_devices	24	static
menu.c:1027:6:draw_each_device	24	static
menu.c:1455:6:draw_each_device_submenu	8	static
menu.c:1480:6:draw_delete_device	8	static
menu.c:1511:6:delete_device_ok	8	static
menu.c:1528:6:draw_save_device	16	static
menu.c:1586:6:draw_save_device_as	8	static
menu.c:1604:6:draw_saved_popup	8	static
menu.c:1614:6:draw_radar	80	static
menu.c:1944:6:draw_points	16	static
menu.c:1996:6:draw_each_point	8	static
menu.c:2015:6:draw_load_point	16	static
menu.c:2066:6:draw_delete_point	8	static
menu.c:2080:6:draw_settings	8	static
menu.c:2097:6:draw_info	8	static
menu.c:2121:6:draw_edit_settings	8	static
menu.c:2171:6:draw_set_dev_num	8	static
menu.c:2190:6:draw_set_dev_id	8	static
menu.c:2212:6:draw_set_freq_ch	8	static
menu.c:2231:6:draw_set_tx_pow	8	static
menu.c:2251:6:draw_set_send_intvl	8	static
menu.c:2271:6:draw_set_to_thr	8	static
menu.c:2291:6:draw_set_fnc_thr	8	static
menu.c:2311:6:draw_confirm_settings_save	8	static
menu.c:2331:6:draw_restore_defaults	8	static
menu.c:2343:6:draw_erase_all	8	static
menu.c:2354:6:devices_ok	8	static
menu.c:2367:6:each_device_up	8	static
menu.c:2387:6:each_device_down	8	static
menu.c:2407:6:each_device_ok	8	static
menu.c:2415:6:save_device_up	8	static
menu.c:2438:6:save_device_down	8	static
menu.c:2461:6:save_device_ok	8	static
menu.c:2472:6:save_device_esc	8	static
menu.c:2481:6:save_device_as_up	8	static
menu.c:2497:6:save_device_as_down	8	static
menu.c:2513:6:save_device_as_ok	8	static
menu.c:2525:6:save_device_as_ok_long	8	static
menu.c:2539:6:save_device_as_esc	8	static
menu.c:2548:6:saved_popup_esc	8	static
menu.c:2560:6:radar_up	8	static
menu.c:2587:6:radar_down	8	static
menu.c:2614:6:radar_ok	8	static
menu.c:2626:6:points_up	8	static
menu.c:2642:6:points_down	8	static
menu.c:2658:6:points_ok	8	static
menu.c:2669:6:points_esc	8	static
menu.c:2678:6:load_point_up	8	static
menu.c:2705:6:load_point_down	8	static
menu.c:2732:6:load_point_ok	8	static
menu.c:2747:6:load_point_esc	8	static
menu.c:2756:6:delete_point_ok	8	static
menu.c:2768:6:set_dev_num_up	8	static
menu.c:2784:6:set_dev_num_down	8	static
menu.c:2800:6:set_dev_num_ok	8	static
menu.c:2813:6:set_dev_num_esc	8	static
menu.c:2822:6:confirm_settings_save_ok	8	static
menu.c:2830:6:set_dev_id_up	8	static
menu.c:2846:6:set_dev_id_down	8	static
menu.c:2862:6:set_dev_id_ok	8	static
menu.c:2874:6:set_dev_id_ok_long	16	static
menu.c:2891:6:set_dev_id_esc	16	static
menu.c:2905:6:set_freq_ch_up	8	static
menu.c:2921:6:set_freq_ch_down	8	static
menu.c:2937:6:set_freq_ch_ok	8	static
menu.c:2950:6:set_freq_ch_esc	8	static
menu.c:2959:6:set_tx_pow_up	8	static
menu.c:2975:6:set_tx_pow_down	8	static
menu.c:2991:6:set_tx_pow_ok	8	static
menu.c:3004:6:set_tx_pow_esc	8	static
menu.c:3013:6:set_send_intvl_up	8	static
menu.c:3029:6:set_send_intvl_down	8	static
menu.c:3045:6:set_send_intvl_ok	8	static
menu.c:3058:6:set_send_intvl_esc	8	static
menu.c:3067:6:set_to_thr_up	8	static
menu.c:3082:6:set_to_thr_down	8	static
menu.c:3096:6:set_to_thr_ok	8	static
menu.c:3109:6:set_to_thr_esc	8	static
menu.c:3118:6:set_fnc_thr_up	8	static
menu.c:3133:6:set_fnc_thr_down	8	static
menu.c:3147:6:set_fnc_thr_ok	8	static
menu.c:3160:6:set_fnc_thr_esc	8	static
menu.c:3169:6:confirm_settings_save_esc	8	static
menu.c:3179:6:restore_defaults_ok	8	static
menu.c:3187:6:erase_all_ok	8	static
