ssd1306.c:49:6:ssd1306_init	16	static
ssd1306.c:85:6:ssd1306_on	8	static
ssd1306.c:97:6:ssd1306_off	8	static
ssd1306.c:110:6:ssd1306_toggle_display	8	static
ssd1306.c:127:9:ssd1306_get_display_status	4	static
ssd1306.c:135:6:ssd1306_update	16	static
ssd1306.c:156:6:ssd1306_fill	16	static
ssd1306.c:167:6:ssd1306_clear	16	static
ssd1306.c:178:6:ssd1306_pixel	16	static
ssd1306.c:197:6:ssd1306_pos	16	static
ssd1306.c:205:6:ssd1306_char	24	static
ssd1306.c:226:6:ssd1306_char_pos	24	static
ssd1306.c:235:6:ssd1306_print	16	static
ssd1306.c:248:6:ssd1306_print_viceversa	24	static
ssd1306.c:271:6:ssd1306_print_next	16	static
ssd1306.c:282:6:ssd1306_bitmap	24	static
ssd1306.c:293:6:ssd1306_print_byte	16	static
