ssd1306.c:51:6:ssd1306_init	16	static
ssd1306.c:87:6:ssd1306_on	8	static
ssd1306.c:99:6:ssd1306_off	8	static
ssd1306.c:112:6:ssd1306_toggle_display	8	static
ssd1306.c:129:9:ssd1306_get_display_status	4	static
ssd1306.c:137:6:ssd1306_update	16	static
ssd1306.c:158:6:ssd1306_fill	16	static
ssd1306.c:169:6:ssd1306_clear	16	static
ssd1306.c:180:6:ssd1306_pixel	16	static
ssd1306.c:199:6:ssd1306_pos	16	static
ssd1306.c:207:6:ssd1306_char	24	static
ssd1306.c:228:6:ssd1306_char_pos	24	static
ssd1306.c:237:6:ssd1306_print	16	static
ssd1306.c:250:6:ssd1306_print_viceversa	24	static
ssd1306.c:273:6:ssd1306_print_next	16	static
ssd1306.c:284:6:ssd1306_bitmap	24	static
ssd1306.c:295:6:ssd1306_print_byte	16	static
