core_cm3.h:1502:22:NVIC_EnableIRQ	16	static
timer.c:35:6:timers_init	8	static
timer.c:46:6:make_a_beep	8	static
timer.c:58:6:toggle_mute	8	static
timer.c:74:9:get_mute_flag	4	static
timer.c:81:6:rtc_init	8	static
timer.c:111:6:systick_init	4	static
timer.c:122:6:systick_stop	4	static
timer.c:130:6:systick_start	4	static
timer.c:138:6:timer1_init	8	static
timer.c:154:6:timer1_clock_disable	4	static
timer.c:161:6:timer1_clock_enable	4	static
timer.c:169:6:timer1_start	8	static
timer.c:178:6:timer1_stop_reload	8	static
timer.c:188:6:timer2_init	8	static
timer.c:203:6:timer3_init	8	static
timer.c:220:6:timer3_clock_disable	4	static
timer.c:227:6:timer3_clock_enable	4	static
timer.c:234:6:timer3_stop	4	static
timer.c:242:6:timer3_start	4	static
