core_cm3.c:443:10:__get_PSP	0	static,ignoring_inline_asm
core_cm3.c:462:6:__set_PSP	0	static,ignoring_inline_asm
core_cm3.c:477:10:__get_MSP	0	static,ignoring_inline_asm
core_cm3.c:496:6:__set_MSP	0	static,ignoring_inline_asm
core_cm3.c:509:10:__get_BASEPRI	16	static,ignoring_inline_asm
core_cm3.c:524:6:__set_BASEPRI	16	static,ignoring_inline_asm
core_cm3.c:536:10:__get_PRIMASK	16	static,ignoring_inline_asm
core_cm3.c:551:6:__set_PRIMASK	16	static,ignoring_inline_asm
core_cm3.c:563:10:__get_FAULTMASK	16	static,ignoring_inline_asm
core_cm3.c:578:6:__set_FAULTMASK	16	static,ignoring_inline_asm
core_cm3.c:590:10:__get_CONTROL	16	static,ignoring_inline_asm
core_cm3.c:605:6:__set_CONTROL	16	static,ignoring_inline_asm
core_cm3.c:619:10:__REV	24	static,ignoring_inline_asm
core_cm3.c:635:10:__REV16	24	static,ignoring_inline_asm
core_cm3.c:651:9:__REVSH	24	static,ignoring_inline_asm
core_cm3.c:667:10:__RBIT	24	static,ignoring_inline_asm
core_cm3.c:683:9:__LDREXB	24	static,ignoring_inline_asm
core_cm3.c:699:10:__LDREXH	24	static,ignoring_inline_asm
core_cm3.c:715:10:__LDREXW	24	static,ignoring_inline_asm
core_cm3.c:732:10:__STREXB	24	static,ignoring_inline_asm
core_cm3.c:749:10:__STREXH	24	static,ignoring_inline_asm
core_cm3.c:766:10:__STREXW	24	static,ignoring_inline_asm
